89.189.191.30 - - [16/Dec/2012:00:15:38 -0500] "GET /administrator/index.php HTTP/1.0" 404 575 "http://www.libertyint.com/administrator/index.php" "Mozilla/4.0 (compatible; MSIE 6.0; Windows 98; Win 9x 4.90)"
178.154.243.86 - - [16/Dec/2012:00:32:38 -0500] "GET /index_files/image2254.gif HTTP/1.1" 404 575 "-" "Mozilla/5.0 (compatible; YandexImages/3.0; +http://yandex.com/bots)"
218.30.103.141 - - [16/Dec/2012:00:51:38 -0500] "GET /robots.txt HTTP/1.1" 200 146 "-" "Sogou web spider/4.0"
218.30.103.141 - - [16/Dec/2012:00:51:38 -0500] "GET / HTTP/1.1" 200 16571 "-" "Sogou web spider/4.0(+http://www.sogou.com/docs/help/webmasters.htm#07)"
64.27.10.39 - - [16/Dec/2012:00:56:04 -0500] "GET / HTTP/1.1" 200 16571 "-" "Mozilla/4.0 (compatible; MSIE 6.0; Windows NT 5.1; .NET CLR 1.0.3705)"
94.153.65.134 - - [16/Dec/2012:01:08:35 -0500] "GET / HTTP/1.1" 200 16571 "http://carsfires.ru/" "Mozilla/4.0 (compatible; MSIE 6.0; Windows NT 5.2; Win64; x64; SV1; .NET CLR 2.0.50727)"
94.153.65.134 - - [16/Dec/2012:01:08:36 -0500] "GET / HTTP/1.1" 200 16571 "http://carsfires.ru/" "Mozilla/4.0 (compatible; MSIE 6.0; Windows NT 5.2; Win64; x64; SV1; .NET CLR 2.0.50727)"
114.88.15.49 - - [16/Dec/2012:01:33:35 -0500] "GET /favicon.ico HTTP/1.1" 200 1150 "-" "Mozilla/4.0 (compatible; MSIE 7.0; Windows NT 5.1; Trident/4.0; .NET CLR 2.0.50727; 360space)"
92.249.127.111 - - [16/Dec/2012:02:13:35 -0500] "GET / HTTP/1.1" 200 16571 "http://luckyticket.ru/" "Mozilla/5.0 (compatible; news bot /2.1)"
92.249.127.111 - - [16/Dec/2012:02:13:36 -0500] "GET / HTTP/1.1" 200 16571 "http://luckyticket.ru/" "Mozilla/5.0 (compatible; news bot /2.1)"
208.115.113.91 - - [16/Dec/2012:02:32:58 -0500] "GET /robots.txt HTTP/1.1" 200 146 "-" "Mozilla/5.0 (compatible; Ezooms/1.0; ezooms.bot@gmail.com)"
178.154.243.86 - - [16/Dec/2012:02:45:19 -0500] "GET /LibertyInternationalFinal/globaltransportation.left.jpg HTTP/1.1" 304 - "-" "Mozilla/5.0 (compatible; YandexImages/3.0; +http://yandex.com/bots)"
124.115.4.199 - - [16/Dec/2012:02:49:21 -0500] "GET / HTTP/1.1" 200 16571 "-" "Mozilla/5.0(compatible; Sosospider/2.0; +http://help.soso.com/webspider.htm)"
124.115.4.199 - - [16/Dec/2012:02:49:34 -0500] "GET /LibertyInternationalFinalScripts/swfobject_modified.js HTTP/1.1" 404 575 "http://www.libertyint.com/" "Mozilla/5.0(compatible; Sosospider/2.0; +http://help.soso.com/webspider.htm)"
142.0.34.54 - - [16/Dec/2012:02:54:33 -0500] "HEAD / HTTP/1.1" 200 - "-" "Apache-HttpClient/4.2.2 (java 1.5)"
208.115.113.91 - - [16/Dec/2012:03:01:09 -0500] "GET /index.html HTTP/1.1" 200 16571 "-" "Mozilla/5.0 (compatible; Ezooms/1.0; ezooms.bot@gmail.com)"
208.115.113.91 - - [16/Dec/2012:03:08:06 -0500] "GET /marineinsurance.html HTTP/1.1" 200 16050 "-" "Mozilla/5.0 (compatible; Ezooms/1.0; ezooms.bot@gmail.com)"
114.88.15.49 - - [16/Dec/2012:03:25:44 -0500] "GET /favicon.ico HTTP/1.1" 200 1150 "-" "Mozilla/4.0 (compatible; MSIE 7.0; Windows NT 5.1; Trident/4.0; .NET CLR 2.0.50727; 360space)"
157.55.34.168 - - [16/Dec/2012:03:40:55 -0500] "GET /robots.txt HTTP/1.1" 200 146 "-" "Mozilla/5.0 (compatible; bingbot/2.0; +http://www.bing.com/bingbot.htm)"
157.55.34.168 - - [16/Dec/2012:03:42:52 -0500] "GET /index.html HTTP/1.1" 200 16571 "-" "Mozilla/5.0 (compatible; bingbot/2.0; +http://www.bing.com/bingbot.htm)"
173.199.119.67 - - [16/Dec/2012:04:12:41 -0500] "GET / HTTP/1.1" 200 16571 "-" "Mozilla/5.0 (compatible; AhrefsBot/4.0; +http://ahrefs.com/robot/)"
173.199.119.67 - - [16/Dec/2012:04:13:15 -0500] "GET /CIQ%20Updates/ChinaCIQUpdate010511.pdf HTTP/1.1" 404 575 "-" "Mozilla/5.0 (compatible; AhrefsBot/4.0; +http://ahrefs.com/robot/)"
157.55.32.188 - - [16/Dec/2012:04:22:14 -0500] "GET /robots.txt HTTP/1.1" 200 146 "-" "Mozilla/5.0 (compatible; bingbot/2.0; +http://www.bing.com/bingbot.htm)"
157.55.32.188 - - [16/Dec/2012:04:23:52 -0500] "GET / HTTP/1.1" 200 16571 "-" "Mozilla/5.0 (compatible; bingbot/2.0; +http://www.bing.com/bingbot.htm)"
93.177.184.245 - - [16/Dec/2012:04:26:38 -0500] "GET / HTTP/1.1" 200 16571 "http://www.importexportfirms.com/in/boston-ma" "Opera/9.80 (Windows NT 6.1) Presto/2.12.388 Version/12.11"
93.177.184.245 - - [16/Dec/2012:04:26:39 -0500] "GET /favicon.ico HTTP/1.1" 200 1150 "http://www.libertyint.com/" "Opera/9.80 (Windows NT 6.1) Presto/2.12.388 Version/12.11"
93.177.184.245 - - [16/Dec/2012:04:26:39 -0500] "GET /LibertyInternationalFinal/Scripts/swfobject_modified.js HTTP/1.1" 200 21696 "http://www.libertyint.com/" "Opera/9.80 (Windows NT 6.1) Presto/2.12.388 Version/12.11"
93.177.184.245 - - [16/Dec/2012:04:26:39 -0500] "GET /LibertyInternationalFinal/smalldot.png HTTP/1.1" 200 134 "http://www.libertyint.com/" "Opera/9.80 (Windows NT 6.1) Presto/2.12.388 Version/12.11"
93.177.184.245 - - [16/Dec/2012:04:26:39 -0500] "GET /LibertyInternationalFinal/Logo(State%201).png HTTP/1.1" 200 24167 "http://www.libertyint.com/" "Opera/9.80 (Windows NT 6.1) Presto/2.12.388 Version/12.11"
93.177.184.245 - - [16/Dec/2012:04:26:39 -0500] "GET /LibertyInternationalFinal/libinttext2.png HTTP/1.1" 200 3897 "http://www.libertyint.com/" "Opera/9.80 (Windows NT 6.1) Presto/2.12.388 Version/12.11"
93.177.184.245 - - [16/Dec/2012:04:26:39 -0500] "GET /LibertyInternationalFinal/libinttext.png HTTP/1.1" 200 3449 "http://www.libertyint.com/" "Opera/9.80 (Windows NT 6.1) Presto/2.12.388 Version/12.11"
93.177.184.245 - - [16/Dec/2012:04:26:39 -0500] "GET /LibertyInternationalFinalScripts/swfobject_modified.js HTTP/1.1" 404 575 "http://www.libertyint.com/" "Opera/9.80 (Windows NT 6.1) Presto/2.12.388 Version/12.11"
93.177.184.245 - - [16/Dec/2012:04:26:39 -0500] "GET /LibertyInternationalFinal/youtube1.png HTTP/1.1" 200 3811 "http://www.libertyint.com/" "Opera/9.80 (Windows NT 6.1) Presto/2.12.388 Version/12.11"
93.177.184.245 - - [16/Dec/2012:04:26:39 -0500] "GET /LibertyInternationalFinal/linkedin1.png HTTP/1.1" 200 3975 "http://www.libertyint.com/" "Opera/9.80 (Windows NT 6.1) Presto/2.12.388 Version/12.11"
93.177.184.245 - - [16/Dec/2012:04:26:39 -0500] "GET /LibertyInternationalFinal/facebook1.png HTTP/1.1" 200 3514 "http://www.libertyint.com/" "Opera/9.80 (Windows NT 6.1) Presto/2.12.388 Version/12.11"
93.177.184.245 - - [16/Dec/2012:04:26:39 -0500] "GET /LibertyInternationalFinal/ctpat1.png HTTP/1.1" 200 5648 "http://www.libertyint.com/" "Opera/9.80 (Windows NT 6.1) Presto/2.12.388 Version/12.11"
93.177.184.245 - - [16/Dec/2012:04:26:39 -0500] "GET /LibertyInternationalFinal/background1.png HTTP/1.1" 200 4249 "http://www.libertyint.com/" "Opera/9.80 (Windows NT 6.1) Presto/2.12.388 Version/12.11"
93.177.184.245 - - [16/Dec/2012:04:26:39 -0500] "GET /LibertyInternationalFinal/staticPicture.jpg HTTP/1.1" 200 98028 "http://www.libertyint.com/" "Opera/9.80 (Windows NT 6.1) Presto/2.12.388 Version/12.11"
93.177.184.245 - - [16/Dec/2012:04:26:39 -0500] "GET /LibertyInternationalFinal/staticPicture.jpg HTTP/1.1" 200 98028 "http://www.libertyint.com/" "Opera/9.80 (Windows NT 6.1) Presto/2.12.388 Version/12.11"
93.177.184.245 - - [16/Dec/2012:04:26:40 -0500] "GET /LibertyInternationalFinal/testBkg.png HTTP/1.1" 200 128762 "http://www.libertyint.com/" "Opera/9.80 (Windows NT 6.1) Presto/2.12.388 Version/12.11"
93.177.184.245 - - [16/Dec/2012:04:26:40 -0500] "GET /MenuBarHomepage.swf HTTP/1.1" 200 100816 "http://www.libertyint.com/" "Opera/9.80 (Windows NT 6.1) Presto/2.12.388 Version/12.11"
93.177.184.245 - - [16/Dec/2012:04:26:40 -0500] "GET /MainWindow.swf HTTP/1.1" 200 648573 "http://www.libertyint.com/" "Opera/9.80 (Windows NT 6.1) Presto/2.12.388 Version/12.11"
93.177.184.245 - - [16/Dec/2012:04:26:44 -0500] "GET /LibertyInternationalFinal/ctpat2.png HTTP/1.1" 200 5631 "http://www.libertyint.com/" "Opera/9.80 (Windows NT 6.1) Presto/2.12.388 Version/12.11"
93.177.184.245 - - [16/Dec/2012:04:26:44 -0500] "GET /LibertyInternationalFinal/ContactUs12.png HTTP/1.1" 404 575 "http://www.libertyint.com/" "Opera/9.80 (Windows NT 6.1) Presto/2.12.388 Version/12.11"
93.177.184.245 - - [16/Dec/2012:04:26:44 -0500] "GET /LibertyInternationalFinal/youtube2.png HTTP/1.1" 200 3946 "http://www.libertyint.com/" "Opera/9.80 (Windows NT 6.1) Presto/2.12.388 Version/12.11"
93.177.184.245 - - [16/Dec/2012:04:26:44 -0500] "GET /LibertyInternationalFinal/facebook2.png HTTP/1.1" 200 3714 "http://www.libertyint.com/" "Opera/9.80 (Windows NT 6.1) Presto/2.12.388 Version/12.11"
93.177.184.245 - - [16/Dec/2012:04:26:44 -0500] "GET /LibertyInternationalFinal/linkedin2.png HTTP/1.1" 200 4106 "http://www.libertyint.com/" "Opera/9.80 (Windows NT 6.1) Presto/2.12.388 Version/12.11"
93.177.184.245 - - [16/Dec/2012:04:26:44 -0500] "GET /LibertyInternationalFinal/Logo(State%202).png HTTP/1.1" 200 24320 "http://www.libertyint.com/" "Opera/9.80 (Windows NT 6.1) Presto/2.12.388 Version/12.11"
93.177.184.245 - - [16/Dec/2012:04:26:48 -0500] "GET /contactus.html HTTP/1.1" 200 14970 "http://www.libertyint.com/" "Opera/9.80 (Windows NT 6.1) Presto/2.12.388 Version/12.11"
93.177.184.245 - - [16/Dec/2012:04:26:48 -0500] "GET /LibertyInternationalFinal/aboutus.subtop.jpg HTTP/1.1" 200 34632 "http://www.libertyint.com/contactus.html" "Opera/9.80 (Windows NT 6.1) Presto/2.12.388 Version/12.11"
93.177.184.245 - - [16/Dec/2012:04:26:48 -0500] "GET /LibertyInternationalFinal/contactus.left.jpg HTTP/1.1" 200 19059 "http://www.libertyint.com/contactus.html" "Opera/9.80 (Windows NT 6.1) Presto/2.12.388 Version/12.11"
93.177.184.245 - - [16/Dec/2012:04:26:48 -0500] "GET /LibertyInternationalFinal/pomanagement.bkg.png HTTP/1.1" 200 4964 "http://www.libertyint.com/contactus.html" "Opera/9.80 (Windows NT 6.1) Presto/2.12.388 Version/12.11"
93.177.184.245 - - [16/Dec/2012:04:26:48 -0500] "GET /MenuBar.swf HTTP/1.1" 200 93342 "http://www.libertyint.com/contactus.html" "Opera/9.80 (Windows NT 6.1) Presto/2.12.388 Version/12.11"
93.177.184.245 - - [16/Dec/2012:04:27:19 -0500] "GET /customsclearance.html HTTP/1.1" 200 17540 "http://www.libertyint.com/contactus.html" "Opera/9.80 (Windows NT 6.1) Presto/2.12.388 Version/12.11"
93.177.184.245 - - [16/Dec/2012:04:27:20 -0500] "GET /LibertyInternationalFinal/customsclearance.left.jpg HTTP/1.1" 200 25401 "http://www.libertyint.com/customsclearance.html" "Opera/9.80 (Windows NT 6.1) Presto/2.12.388 Version/12.11"
93.177.184.245 - - [16/Dec/2012:04:27:20 -0500] "GET /LibertyInternationalFinal/services.subtop.jpg HTTP/1.1" 200 25618 "http://www.libertyint.com/customsclearance.html" "Opera/9.80 (Windows NT 6.1) Presto/2.12.388 Version/12.11"
93.177.184.245 - - [16/Dec/2012:04:27:20 -0500] "GET /LibertyInternationalFinal/customsclearance.bkg.png HTTP/1.1" 200 5904 "http://www.libertyint.com/customsclearance.html" "Opera/9.80 (Windows NT 6.1) Presto/2.12.388 Version/12.11"
157.55.32.109 - - [16/Dec/2012:04:52:03 -0500] "GET /robots.txt HTTP/1.1" 200 146 "-" "Mozilla/5.0 (compatible; bingbot/2.0; +http://www.bing.com/bingbot.htm)"
157.55.32.109 - - [16/Dec/2012:04:53:49 -0500] "GET /LibertyInternationalFinalScripts/swfobject_modified.js HTTP/1.1" 404 575 "-" "Mozilla/5.0 (compatible; bingbot/2.0; +http://www.bing.com/bingbot.htm)"
123.151.139.209 - - [16/Dec/2012:05:03:02 -0500] "GET / HTTP/1.1" 200 16571 "-" "Mozilla/4.0 (compatible; MSIE 6.0; Windows NT 5.1)"
178.154.243.86 - - [16/Dec/2012:05:27:48 -0500] "GET /LibertyInternationalFinal/services.right.png HTTP/1.1" 304 - "-" "Mozilla/5.0 (compatible; YandexImages/3.0; +http://yandex.com/bots)"
193.106.136.46 - - [16/Dec/2012:06:06:47 -0500] "GET / HTTP/1.1" 200 16571 "http://banky-kredity.ru/" "Mozilla/4.0 (compatible; MSIE 6.0; Windows NT 5.1; Crazy Browser 1.0.5)"
193.106.136.46 - - [16/Dec/2012:06:06:47 -0500] "GET / HTTP/1.1" 200 16571 "http://banky-kredity.ru/" "Mozilla/4.0 (compatible; MSIE 6.0; Windows NT 5.1; Crazy Browser 1.0.5)"
115.27.105.10 - - [16/Dec/2012:06:10:40 -0500] "GET /favicon.ico HTTP/1.1" 200 1150 "-" "Mozilla/4.0 (compatible; MSIE 5.00; Windows 98)"
124.115.6.17 - - [16/Dec/2012:06:13:49 -0500] "GET /robots.txt HTTP/1.1" 200 146 "-" "Mozilla/5.0(compatible; Sosospider/2.0; +http://help.soso.com/webspider.htm)"
66.249.76.11 - - [16/Dec/2012:06:52:57 -0500] "GET /LibertyInternationalFinal/Fact%20Sheets/CIQ%20Presentation.pdf HTTP/1.1" 200 669144 "-" "Mozilla/5.0 (compatible; Googlebot/2.1; +http://www.google.com/bot.html)"
157.55.32.109 - - [16/Dec/2012:06:56:52 -0500] "GET /robots.txt HTTP/1.1" 200 146 "-" "Mozilla/5.0 (compatible; bingbot/2.0; +http://www.bing.com/bingbot.htm)"
157.55.32.109 - - [16/Dec/2012:06:59:27 -0500] "GET /AIRSEASCHEDULES/NINGBO%20OCEAN%20SCHEDULE%20SEVEN%20OCEAN%20FORWARDERS.xls HTTP/1.1" 404 575 "-" "Mozilla/5.0 (compatible; bingbot/2.0; +http://www.bing.com/bingbot.htm)"
173.199.119.67 - - [16/Dec/2012:07:13:17 -0500] "GET /sitemap.html HTTP/1.1" 200 15179 "-" "Mozilla/5.0 (compatible; AhrefsBot/4.0; +http://ahrefs.com/robot/)"
173.199.119.67 - - [16/Dec/2012:07:16:46 -0500] "GET /meetourteam.html HTTP/1.1" 200 18147 "-" "Mozilla/5.0 (compatible; AhrefsBot/4.0; +http://ahrefs.com/robot/)"
207.241.224.41 - - [16/Dec/2012:07:31:22 -0500] "GET /robots.txt HTTP/1.1" 200 146 "-" "ia_archiver(OS-Wayback)"
207.241.226.106 - - [16/Dec/2012:07:31:22 -0500] "GET /robots.txt HTTP/1.1" 200 146 "-" "ia_archiver(OS-Wayback)"
142.0.34.54 - - [16/Dec/2012:07:50:42 -0500] "HEAD / HTTP/1.1" 200 - "-" "Apache-HttpClient/4.2.2 (java 1.5)"
173.199.119.67 - - [16/Dec/2012:07:59:35 -0500] "GET /services.html HTTP/1.1" 200 18752 "-" "Mozilla/5.0 (compatible; AhrefsBot/4.0; +http://ahrefs.com/robot/)"
199.58.86.211 - - [16/Dec/2012:08:13:23 -0500] "GET /robots.txt HTTP/1.0" 200 146 "-" "Mozilla/5.0 (compatible; MJ12bot/v1.4.3; http://www.majestic12.co.uk/bot.php?+)"
199.58.86.211 - - [16/Dec/2012:08:13:24 -0500] "GET / HTTP/1.0" 200 16571 "-" "Mozilla/5.0 (compatible; MJ12bot/v1.4.3; http://www.majestic12.co.uk/bot.php?+)"
199.58.86.211 - - [16/Dec/2012:08:13:33 -0500] "GET /robots.txt HTTP/1.0" 200 146 "-" "Mozilla/5.0 (compatible; MJ12bot/v1.4.3; http://www.majestic12.co.uk/bot.php?+)"
199.58.86.211 - - [16/Dec/2012:08:13:34 -0500] "GET / HTTP/1.0" 200 16571 "-" "Mozilla/5.0 (compatible; MJ12bot/v1.4.3; http://www.majestic12.co.uk/bot.php?+)"
208.115.111.75 - - [16/Dec/2012:08:27:17 -0500] "GET /robots.txt HTTP/1.1" 200 146 "-" "Mozilla/5.0 (compatible; Ezooms/1.0; ezooms.bot@gmail.com)"
180.76.5.64 - - [16/Dec/2012:08:53:21 -0500] "GET /CIQ HTTP/1.1" 404 575 "-" "Mozilla/5.0 (compatible; Baiduspider/2.0; +http://www.baidu.com/search/spider.html)"
208.115.111.75 - - [16/Dec/2012:09:01:50 -0500] "GET /contactus.html HTTP/1.1" 200 14970 "-" "Mozilla/5.0 (compatible; Ezooms/1.0; ezooms.bot@gmail.com)"
66.249.76.11 - - [16/Dec/2012:09:02:54 -0500] "GET /LibertyInternationalFinal/Fact%20Sheets/Liberty%20Acronym%20Dictionary.pdf HTTP/1.1" 304 - "-" "Mozilla/5.0 (compatible; Googlebot/2.1; +http://www.google.com/bot.html)"
123.151.139.209 - - [16/Dec/2012:09:04:57 -0500] "GET / HTTP/1.1" 200 16571 "-" "Mozilla/4.0 (compatible; MSIE 6.0; Windows NT 5.1)"
178.154.243.86 - - [16/Dec/2012:09:24:35 -0500] "GET /robots.txt HTTP/1.1" 200 146 "-" "Mozilla/5.0 (compatible; YandexImages/3.0; +http://yandex.com/bots)"
50.16.151.95 - - [16/Dec/2012:09:27:10 -0500] "GET /aboutus.html HTTP/1.1" 200 24127 "-" "Ruby"
50.16.151.95 - - [16/Dec/2012:09:27:10 -0500] "GET /compliancedivision.html HTTP/1.1" 200 16369 "-" "Ruby"
50.16.151.95 - - [16/Dec/2012:09:27:10 -0500] "GET /contactus.html HTTP/1.1" 200 14970 "-" "Ruby"
50.16.151.95 - - [16/Dec/2012:09:27:10 -0500] "GET /index.html HTTP/1.1" 200 16571 "-" "Ruby"
50.16.151.95 - - [16/Dec/2012:09:27:10 -0500] "GET /meetourteam.html HTTP/1.1" 200 18147 "-" "Ruby"
50.16.151.95 - - [16/Dec/2012:09:27:10 -0500] "GET /resources.html HTTP/1.1" 200 18157 "-" "Ruby"
50.16.151.95 - - [16/Dec/2012:09:27:10 -0500] "GET /services.html HTTP/1.1" 200 18752 "-" "Ruby"
50.16.151.95 - - [16/Dec/2012:09:27:10 -0500] "GET /sitemap.html HTTP/1.1" 200 15179 "-" "Ruby"
65.55.213.74 - - [16/Dec/2012:09:28:59 -0500] "GET /robots.txt HTTP/1.1" 200 146 "-" "msnbot/2.0b (+http://search.msn.com/msnbot.htm)"
65.55.213.74 - - [16/Dec/2012:09:28:59 -0500] "GET / HTTP/1.1" 200 16571 "-" "msnbot/2.0b (+http://search.msn.com/msnbot.htm)"
65.55.213.74 - - [16/Dec/2012:09:29:01 -0500] "GET / HTTP/1.1" 200 16571 "-" "msnbot/2.0b (+http://search.msn.com/msnbot.htm)"
173.199.119.67 - - [16/Dec/2012:09:29:14 -0500] "GET /contactus.html HTTP/1.1" 200 14970 "-" "Mozilla/5.0 (compatible; AhrefsBot/4.0; +http://ahrefs.com/robot/)"
173.199.119.67 - - [16/Dec/2012:09:32:51 -0500] "GET /index.html HTTP/1.1" 200 16571 "-" "Mozilla/5.0 (compatible; AhrefsBot/4.0; +http://ahrefs.com/robot/)"
66.249.76.11 - - [16/Dec/2012:09:33:29 -0500] "GET /resources.html HTTP/1.1" 200 18157 "-" "Mozilla/5.0 (compatible; Googlebot/2.1; +http://www.google.com/bot.html)"
66.249.76.11 - - [16/Dec/2012:09:38:38 -0500] "GET /LibertyInternationalFinal/resources.right.jpg HTTP/1.1" 200 9283 "-" "Mozilla/5.0 (compatible; Googlebot/2.1; +http://www.google.com/bot.html)"
66.249.76.11 - - [16/Dec/2012:09:38:38 -0500] "GET /LibertyInternationalFinal/resources.top.jpg HTTP/1.1" 200 91391 "-" "Mozilla/5.0 (compatible; Googlebot/2.1; +http://www.google.com/bot.html)"
124.115.4.200 - - [16/Dec/2012:09:54:03 -0500] "GET / HTTP/1.1" 200 16571 "-" "Mozilla/5.0(compatible; Sosospider/2.0; +http://help.soso.com/webspider.htm)"
124.115.4.200 - - [16/Dec/2012:09:54:15 -0500] "GET /LibertyInternationalFinalScripts/swfobject_modified.js HTTP/1.1" 404 575 "http://www.libertyint.com/" "Mozilla/5.0(compatible; Sosospider/2.0; +http://help.soso.com/webspider.htm)"
66.249.76.11 - - [16/Dec/2012:09:58:04 -0500] "GET /valueaddedservices.html HTTP/1.1" 200 17633 "-" "Mozilla/5.0 (compatible; Googlebot/2.1; +http://www.google.com/bot.html)"
66.249.76.11 - - [16/Dec/2012:10:12:13 -0500] "GET /LibertyInternationalFinal/valueaddedservices.bkg.png HTTP/1.1" 200 6527 "-" "Mozilla/5.0 (compatible; Googlebot/2.1; +http://www.google.com/bot.html)"
66.249.76.11 - - [16/Dec/2012:10:12:14 -0500] "GET /LibertyInternationalFinal/valueaddedservices.left.png HTTP/1.1" 200 24563 "-" "Mozilla/5.0 (compatible; Googlebot/2.1; +http://www.google.com/bot.html)"
68.112.51.142 - - [16/Dec/2012:10:27:38 -0500] "GET / HTTP/1.1" 200 16571 "-" "Mozilla/5.0 (iPhone; CPU iPhone OS 6_0 like Mac OS X) AppleWebKit/536.26 (KHTML, like Gecko) Version/6.0 Mobile/10A403 Safari/8536.25"
68.112.51.142 - - [16/Dec/2012:10:27:38 -0500] "GET /LibertyInternationalFinalScripts/swfobject_modified.js HTTP/1.1" 404 575 "http://www.libertyint.com/" "Mozilla/5.0 (iPhone; CPU iPhone OS 6_0 like Mac OS X) AppleWebKit/536.26 (KHTML, like Gecko) Version/6.0 Mobile/10A403 Safari/8536.25"
68.112.51.142 - - [16/Dec/2012:10:27:38 -0500] "GET /LibertyInternationalFinal/Scripts/swfobject_modified.js HTTP/1.1" 200 21696 "http://www.libertyint.com/" "Mozilla/5.0 (iPhone; CPU iPhone OS 6_0 like Mac OS X) AppleWebKit/536.26 (KHTML, like Gecko) Version/6.0 Mobile/10A403 Safari/8536.25"
68.112.51.142 - - [16/Dec/2012:10:27:38 -0500] "GET /LibertyInternationalFinal/Logo(State%201).png HTTP/1.1" 200 24167 "http://www.libertyint.com/" "Mozilla/5.0 (iPhone; CPU iPhone OS 6_0 like Mac OS X) AppleWebKit/536.26 (KHTML, like Gecko) Version/6.0 Mobile/10A403 Safari/8536.25"
68.112.51.142 - - [16/Dec/2012:10:27:38 -0500] "GET /LibertyInternationalFinal/libinttext2.png HTTP/1.1" 200 3897 "http://www.libertyint.com/" "Mozilla/5.0 (iPhone; CPU iPhone OS 6_0 like Mac OS X) AppleWebKit/536.26 (KHTML, like Gecko) Version/6.0 Mobile/10A403 Safari/8536.25"
68.112.51.142 - - [16/Dec/2012:10:27:38 -0500] "GET /LibertyInternationalFinal/libinttext.png HTTP/1.1" 200 3449 "http://www.libertyint.com/" "Mozilla/5.0 (iPhone; CPU iPhone OS 6_0 like Mac OS X) AppleWebKit/536.26 (KHTML, like Gecko) Version/6.0 Mobile/10A403 Safari/8536.25"
68.112.51.142 - - [16/Dec/2012:10:27:38 -0500] "GET /LibertyInternationalFinal/facebook1.png HTTP/1.1" 200 3514 "http://www.libertyint.com/" "Mozilla/5.0 (iPhone; CPU iPhone OS 6_0 like Mac OS X) AppleWebKit/536.26 (KHTML, like Gecko) Version/6.0 Mobile/10A403 Safari/8536.25"
68.112.51.142 - - [16/Dec/2012:10:27:38 -0500] "GET /LibertyInternationalFinal/ctpat1.png HTTP/1.1" 200 5648 "http://www.libertyint.com/" "Mozilla/5.0 (iPhone; CPU iPhone OS 6_0 like Mac OS X) AppleWebKit/536.26 (KHTML, like Gecko) Version/6.0 Mobile/10A403 Safari/8536.25"
68.112.51.142 - - [16/Dec/2012:10:27:38 -0500] "GET /LibertyInternationalFinal/smalldot.png HTTP/1.1" 200 134 "http://www.libertyint.com/" "Mozilla/5.0 (iPhone; CPU iPhone OS 6_0 like Mac OS X) AppleWebKit/536.26 (KHTML, like Gecko) Version/6.0 Mobile/10A403 Safari/8536.25"
68.112.51.142 - - [16/Dec/2012:10:27:38 -0500] "GET /LibertyInternationalFinal/background1.png HTTP/1.1" 200 4249 "http://www.libertyint.com/" "Mozilla/5.0 (iPhone; CPU iPhone OS 6_0 like Mac OS X) AppleWebKit/536.26 (KHTML, like Gecko) Version/6.0 Mobile/10A403 Safari/8536.25"
68.112.51.142 - - [16/Dec/2012:10:27:38 -0500] "GET /LibertyInternationalFinal/staticPicture.jpg HTTP/1.1" 200 98028 "http://www.libertyint.com/" "Mozilla/5.0 (iPhone; CPU iPhone OS 6_0 like Mac OS X) AppleWebKit/536.26 (KHTML, like Gecko) Version/6.0 Mobile/10A403 Safari/8536.25"
68.112.51.142 - - [16/Dec/2012:10:27:38 -0500] "GET /LibertyInternationalFinal/testBkg.png HTTP/1.1" 200 128762 "http://www.libertyint.com/" "Mozilla/5.0 (iPhone; CPU iPhone OS 6_0 like Mac OS X) AppleWebKit/536.26 (KHTML, like Gecko) Version/6.0 Mobile/10A403 Safari/8536.25"
68.112.51.142 - - [16/Dec/2012:10:27:38 -0500] "GET /LibertyInternationalFinal/linkedin1.png HTTP/1.1" 200 3975 "http://www.libertyint.com/" "Mozilla/5.0 (iPhone; CPU iPhone OS 6_0 like Mac OS X) AppleWebKit/536.26 (KHTML, like Gecko) Version/6.0 Mobile/10A403 Safari/8536.25"
68.112.51.142 - - [16/Dec/2012:10:27:39 -0500] "GET /LibertyInternationalFinal/youtube1.png HTTP/1.1" 200 3811 "http://www.libertyint.com/" "Mozilla/5.0 (iPhone; CPU iPhone OS 6_0 like Mac OS X) AppleWebKit/536.26 (KHTML, like Gecko) Version/6.0 Mobile/10A403 Safari/8536.25"
68.112.51.142 - - [16/Dec/2012:10:27:39 -0500] "GET /LibertyInternationalFinal/Logo(State%202).png HTTP/1.1" 200 24320 "http://www.libertyint.com/" "Mozilla/5.0 (iPhone; CPU iPhone OS 6_0 like Mac OS X) AppleWebKit/536.26 (KHTML, like Gecko) Version/6.0 Mobile/10A403 Safari/8536.25"
68.112.51.142 - - [16/Dec/2012:10:27:39 -0500] "GET /LibertyInternationalFinal/ctpat2.png HTTP/1.1" 200 5631 "http://www.libertyint.com/" "Mozilla/5.0 (iPhone; CPU iPhone OS 6_0 like Mac OS X) AppleWebKit/536.26 (KHTML, like Gecko) Version/6.0 Mobile/10A403 Safari/8536.25"
68.112.51.142 - - [16/Dec/2012:10:27:39 -0500] "GET /LibertyInternationalFinal/facebook2.png HTTP/1.1" 200 3714 "http://www.libertyint.com/" "Mozilla/5.0 (iPhone; CPU iPhone OS 6_0 like Mac OS X) AppleWebKit/536.26 (KHTML, like Gecko) Version/6.0 Mobile/10A403 Safari/8536.25"
68.112.51.142 - - [16/Dec/2012:10:27:39 -0500] "GET /LibertyInternationalFinal/ContactUs12.png HTTP/1.1" 404 575 "http://www.libertyint.com/" "Mozilla/5.0 (iPhone; CPU iPhone OS 6_0 like Mac OS X) AppleWebKit/536.26 (KHTML, like Gecko) Version/6.0 Mobile/10A403 Safari/8536.25"
68.112.51.142 - - [16/Dec/2012:10:27:39 -0500] "GET /LibertyInternationalFinal/youtube2.png HTTP/1.1" 200 3946 "http://www.libertyint.com/" "Mozilla/5.0 (iPhone; CPU iPhone OS 6_0 like Mac OS X) AppleWebKit/536.26 (KHTML, like Gecko) Version/6.0 Mobile/10A403 Safari/8536.25"
68.112.51.142 - - [16/Dec/2012:10:27:39 -0500] "GET /LibertyInternationalFinal/linkedin2.png HTTP/1.1" 200 4106 "http://www.libertyint.com/" "Mozilla/5.0 (iPhone; CPU iPhone OS 6_0 like Mac OS X) AppleWebKit/536.26 (KHTML, like Gecko) Version/6.0 Mobile/10A403 Safari/8536.25"
68.112.51.142 - - [16/Dec/2012:10:28:03 -0500] "GET /aboutus.html HTTP/1.1" 200 24127 "http://www.libertyint.com/" "Mozilla/5.0 (iPhone; CPU iPhone OS 6_0 like Mac OS X) AppleWebKit/536.26 (KHTML, like Gecko) Version/6.0 Mobile/10A403 Safari/8536.25"
68.112.51.142 - - [16/Dec/2012:10:28:03 -0500] "GET /LibertyInternationalFinalScripts/swfobject_modified.js HTTP/1.1" 404 575 "http://www.libertyint.com/aboutus.html" "Mozilla/5.0 (iPhone; CPU iPhone OS 6_0 like Mac OS X) AppleWebKit/536.26 (KHTML, like Gecko) Version/6.0 Mobile/10A403 Safari/8536.25"
68.112.51.142 - - [16/Dec/2012:10:28:03 -0500] "GET /LibertyInternationalFinal/aboutus.top.jpg HTTP/1.1" 200 47798 "http://www.libertyint.com/aboutus.html" "Mozilla/5.0 (iPhone; CPU iPhone OS 6_0 like Mac OS X) AppleWebKit/536.26 (KHTML, like Gecko) Version/6.0 Mobile/10A403 Safari/8536.25"
68.112.51.142 - - [16/Dec/2012:10:28:03 -0500] "GET /LibertyInternationalFinal/aboutus.bkg.png HTTP/1.1" 200 7246 "http://www.libertyint.com/aboutus.html" "Mozilla/5.0 (iPhone; CPU iPhone OS 6_0 like Mac OS X) AppleWebKit/536.26 (KHTML, like Gecko) Version/6.0 Mobile/10A403 Safari/8536.25"
68.112.51.142 - - [16/Dec/2012:10:28:03 -0500] "GET /LibertyInternationalFinal/aboutus.right.png HTTP/1.1" 200 25652 "http://www.libertyint.com/aboutus.html" "Mozilla/5.0 (iPhone; CPU iPhone OS 6_0 like Mac OS X) AppleWebKit/536.26 (KHTML, like Gecko) Version/6.0 Mobile/10A403 Safari/8536.25"
68.112.51.142 - - [16/Dec/2012:10:28:20 -0500] "GET /sitemap.html HTTP/1.1" 200 15179 "http://www.libertyint.com/aboutus.html" "Mozilla/5.0 (iPhone; CPU iPhone OS 6_0 like Mac OS X) AppleWebKit/536.26 (KHTML, like Gecko) Version/6.0 Mobile/10A403 Safari/8536.25"
68.112.51.142 - - [16/Dec/2012:10:28:20 -0500] "GET /LibertyInternationalFinal/sitemap.bkg.png HTTP/1.1" 200 4328 "http://www.libertyint.com/sitemap.html" "Mozilla/5.0 (iPhone; CPU iPhone OS 6_0 like Mac OS X) AppleWebKit/536.26 (KHTML, like Gecko) Version/6.0 Mobile/10A403 Safari/8536.25"
68.112.51.142 - - [16/Dec/2012:10:28:20 -0500] "GET /LibertyInternationalFinal/resources.subtop.jpg HTTP/1.1" 200 63269 "http://www.libertyint.com/sitemap.html" "Mozilla/5.0 (iPhone; CPU iPhone OS 6_0 like Mac OS X) AppleWebKit/536.26 (KHTML, like Gecko) Version/6.0 Mobile/10A403 Safari/8536.25"
68.112.51.142 - - [16/Dec/2012:10:28:20 -0500] "GET /LibertyInternationalFinal/sitemap.services.jpg HTTP/1.1" 200 13775 "http://www.libertyint.com/sitemap.html" "Mozilla/5.0 (iPhone; CPU iPhone OS 6_0 like Mac OS X) AppleWebKit/536.26 (KHTML, like Gecko) Version/6.0 Mobile/10A403 Safari/8536.25"
68.112.51.142 - - [16/Dec/2012:10:28:20 -0500] "GET /LibertyInternationalFinal/sitemap.resources.jpg HTTP/1.1" 200 28492 "http://www.libertyint.com/sitemap.html" "Mozilla/5.0 (iPhone; CPU iPhone OS 6_0 like Mac OS X) AppleWebKit/536.26 (KHTML, like Gecko) Version/6.0 Mobile/10A403 Safari/8536.25"
68.112.51.142 - - [16/Dec/2012:10:28:20 -0500] "GET /LibertyInternationalFinal/sitemap.aboutus.jpg HTTP/1.1" 200 17032 "http://www.libertyint.com/sitemap.html" "Mozilla/5.0 (iPhone; CPU iPhone OS 6_0 like Mac OS X) AppleWebKit/536.26 (KHTML, like Gecko) Version/6.0 Mobile/10A403 Safari/8536.25"
68.112.51.142 - - [16/Dec/2012:10:28:30 -0500] "GET /contactus.html HTTP/1.1" 200 14970 "http://www.libertyint.com/sitemap.html" "Mozilla/5.0 (iPhone; CPU iPhone OS 6_0 like Mac OS X) AppleWebKit/536.26 (KHTML, like Gecko) Version/6.0 Mobile/10A403 Safari/8536.25"
68.112.51.142 - - [16/Dec/2012:10:28:30 -0500] "GET /LibertyInternationalFinal/contactus.left.jpg HTTP/1.1" 200 19059 "http://www.libertyint.com/contactus.html" "Mozilla/5.0 (iPhone; CPU iPhone OS 6_0 like Mac OS X) AppleWebKit/536.26 (KHTML, like Gecko) Version/6.0 Mobile/10A403 Safari/8536.25"
68.112.51.142 - - [16/Dec/2012:10:28:30 -0500] "GET /LibertyInternationalFinal/aboutus.subtop.jpg HTTP/1.1" 200 34632 "http://www.libertyint.com/contactus.html" "Mozilla/5.0 (iPhone; CPU iPhone OS 6_0 like Mac OS X) AppleWebKit/536.26 (KHTML, like Gecko) Version/6.0 Mobile/10A403 Safari/8536.25"
68.112.51.142 - - [16/Dec/2012:10:28:30 -0500] "GET /LibertyInternationalFinal/pomanagement.bkg.png HTTP/1.1" 200 4964 "http://www.libertyint.com/contactus.html" "Mozilla/5.0 (iPhone; CPU iPhone OS 6_0 like Mac OS X) AppleWebKit/536.26 (KHTML, like Gecko) Version/6.0 Mobile/10A403 Safari/8536.25"
173.199.119.67 - - [16/Dec/2012:10:38:10 -0500] "GET /resources.html HTTP/1.1" 200 18157 "-" "Mozilla/5.0 (compatible; AhrefsBot/4.0; +http://ahrefs.com/robot/)"
193.106.136.46 - - [16/Dec/2012:10:49:13 -0500] "GET / HTTP/1.1" 200 16571 "http://club-3t.ru/" "Mozilla/4.7 (compatible; OffByOne; Windows 2000) Webster Pro V3.4"
193.106.136.46 - - [16/Dec/2012:10:49:13 -0500] "GET / HTTP/1.1" 200 16571 "http://club-3t.ru/" "Mozilla/4.7 (compatible; OffByOne; Windows 2000) Webster Pro V3.4"
173.199.119.67 - - [16/Dec/2012:11:24:48 -0500] "GET /meetourteam.html HTTP/1.1" 200 18147 "-" "Mozilla/5.0 (compatible; AhrefsBot/4.0; +http://ahrefs.com/robot/)"
66.249.76.11 - - [16/Dec/2012:11:25:52 -0500] "GET /pomanagement.html HTTP/1.1" 200 15611 "-" "Mozilla/5.0 (compatible; Googlebot/2.1; +http://www.google.com/bot.html)"
66.249.76.11 - - [16/Dec/2012:11:29:57 -0500] "GET /LibertyInternationalFinal/pomanagement.left.png HTTP/1.1" 200 114632 "-" "Mozilla/5.0 (compatible; Googlebot/2.1; +http://www.google.com/bot.html)"
178.154.243.86 - - [16/Dec/2012:11:57:57 -0500] "GET /LibertyInternationalFinal/background1.png HTTP/1.1" 304 - "-" "Mozilla/5.0 (compatible; YandexImages/3.0; +http://yandex.com/bots)"
66.249.76.11 - - [16/Dec/2012:12:03:32 -0500] "GET /LibertyInternationalFinal/Documents/TSCA%20Statement.pdf HTTP/1.1" 304 - "-" "Mozilla/5.0 (compatible; Googlebot/2.1; +http://www.google.com/bot.html)"
173.199.119.67 - - [16/Dec/2012:12:15:42 -0500] "GET /index.html HTTP/1.1" 200 16571 "-" "Mozilla/5.0 (compatible; AhrefsBot/4.0; +http://ahrefs.com/robot/)"
173.199.119.67 - - [16/Dec/2012:12:28:59 -0500] "GET /aboutus.html HTTP/1.1" 200 24127 "-" "Mozilla/5.0 (compatible; AhrefsBot/4.0; +http://ahrefs.com/robot/)"
66.249.76.11 - - [16/Dec/2012:12:30:24 -0500] "GET /LibertyInternationalFinal/Fact%20Sheets/C-TPAT%20Security%20Policies%20and%20Procedures.pdf HTTP/1.1" 200 507570 "-" "Mozilla/5.0 (compatible; Googlebot/2.1; +http://www.google.com/bot.html)"
66.249.76.11 - - [16/Dec/2012:12:43:59 -0500] "GET /factsheets.html HTTP/1.1" 200 15129 "-" "Mozilla/5.0 (compatible; Googlebot/2.1; +http://www.google.com/bot.html)"
66.249.76.11 - - [16/Dec/2012:12:45:24 -0500] "GET /documents.html HTTP/1.1" 304 - "-" "Mozilla/5.0 (compatible; Googlebot/2.1; +http://www.google.com/bot.html)"
131.253.41.48 - - [16/Dec/2012:12:54:27 -0500] "GET /robots.txt HTTP/1.1" 200 146 "-" "msnbot-media/1.1 (+http://search.msn.com/msnbot.htm)"
131.253.41.48 - - [16/Dec/2012:12:54:27 -0500] "GET /LibertyInternationalFinal/compliancedivision.bkg.png HTTP/1.1" 200 5440 "-" "msnbot-media/1.1 (+http://search.msn.com/msnbot.htm)"
184.97.218.247 - - [16/Dec/2012:13:07:23 -0500] "GET /LibertyInternationalFinal/customsclearance.left.jpg HTTP/1.1" 200 25401 "http://www.google.com/search?q=us+port+of+entry+documents&hl=en&tbo=d&source=lnms&tbm=isch&sa=X&ei=kw3OUNHII6yMyAGUi4DwDA&ved=0CAYQ_AUoAQ&biw=1024&bih=673" "Mozilla/5.0 (iPad; CPU OS 6_0_1 like Mac OS X) AppleWebKit/536.26 (KHTML, like Gecko) Version/6.0 Mobile/10A523 Safari/8536.25"
142.0.34.54 - - [16/Dec/2012:13:10:42 -0500] "HEAD / HTTP/1.1" 200 - "-" "Apache-HttpClient/4.2.2 (java 1.5)"
96.233.131.109 - - [16/Dec/2012:13:18:58 -0500] "GET /LibertyInternationalFinalScripts/swfobject_modified.js HTTP/1.1" 404 575 "http://www.libertyint.com/" "Mozilla/5.0 (compatible; MSIE 9.0; Windows NT 6.1; Trident/5.0)"
96.233.131.109 - - [16/Dec/2012:13:18:59 -0500] "GET /LibertyInternationalFinal/ContactUs12.png HTTP/1.1" 404 575 "http://www.libertyint.com/" "Mozilla/5.0 (compatible; MSIE 9.0; Windows NT 6.1; Trident/5.0)"
178.32.156.193 - - [16/Dec/2012:14:02:54 -0500] "GET /termsandconditions.html HTTP/1.1" 200 38105 "-" "Mozilla/4.0 (compatible; MSIE 6.0; Windows NT 5.1; SV1; TencentTraveler ; Mozilla/4.0 (compatible; MSIE 6.0; Windows NT 5.1; SV1) ; .NET CLR 2.0.50727)"
178.154.243.86 - - [16/Dec/2012:14:22:47 -0500] "GET /index_files/image1816.gif HTTP/1.1" 404 575 "-" "Mozilla/5.0 (compatible; YandexImages/3.0; +http://yandex.com/bots)"
123.125.71.102 - - [16/Dec/2012:14:26:21 -0500] "GET / HTTP/1.1" 304 - "-" "Mozilla/5.0 (compatible; Baiduspider/2.0; +http://www.baidu.com/search/spider.html)"
157.55.32.188 - - [16/Dec/2012:14:32:58 -0500] "GET /robots.txt HTTP/1.1" 200 146 "-" "Mozilla/5.0 (compatible; bingbot/2.0; +http://www.bing.com/bingbot.htm)"
157.55.32.188 - - [16/Dec/2012:14:35:08 -0500] "GET / HTTP/1.1" 200 16571 "-" "Mozilla/5.0 (compatible; bingbot/2.0; +http://www.bing.com/bingbot.htm)"
180.76.5.113 - - [16/Dec/2012:15:01:50 -0500] "GET / HTTP/1.1" 304 - "-" "Mozilla/5.0 (compatible; Baiduspider/2.0; +http://www.baidu.com/search/spider.html)"
123.151.139.209 - - [16/Dec/2012:15:02:23 -0500] "GET / HTTP/1.1" 200 16571 "-" "Mozilla/4.0 (compatible; MSIE 6.0; Windows NT 5.1)"
96.233.131.109 - - [16/Dec/2012:15:30:22 -0500] "GET /LibertyInternationalFinalScripts/swfobject_modified.js HTTP/1.1" 404 575 "http://www.libertyint.com/" "Mozilla/5.0 (compatible; MSIE 9.0; Windows NT 6.1; Trident/5.0)"
96.233.131.109 - - [16/Dec/2012:15:30:23 -0500] "GET /LibertyInternationalFinal/ContactUs12.png HTTP/1.1" 404 575 "http://www.libertyint.com/" "Mozilla/5.0 (compatible; MSIE 9.0; Windows NT 6.1; Trident/5.0)"
68.9.72.98 - - [16/Dec/2012:15:30:40 -0500] "GET / HTTP/1.1" 200 16571 "http://www.google.com/url?sa=t&rct=j&q=liberty%20international%20420%20main%20st%20pawtucket%2C%20ri&source=web&cd=1&ved=0CDEQFjAA&url=http%3A%2F%2Fwww.libertyint.com%2F&ei=bC_OUL-mO8qpqgH5xoGYCA&usg=AFQjCNG5OSQKEMcwUcFFbU5biGmSi_BVQw&bvm=bv.1355325884,d.b2U" "Mozilla/5.0 (Windows NT 6.0) AppleWebKit/537.11 (KHTML, like Gecko) Chrome/23.0.1271.97 Safari/537.11"
68.9.72.98 - - [16/Dec/2012:15:30:40 -0500] "GET /LibertyInternationalFinal/Scripts/swfobject_modified.js HTTP/1.1" 200 21696 "http://www.libertyint.com/" "Mozilla/5.0 (Windows NT 6.0) AppleWebKit/537.11 (KHTML, like Gecko) Chrome/23.0.1271.97 Safari/537.11"
68.9.72.98 - - [16/Dec/2012:15:30:40 -0500] "GET /LibertyInternationalFinalScripts/swfobject_modified.js HTTP/1.1" 404 575 "http://www.libertyint.com/" "Mozilla/5.0 (Windows NT 6.0) AppleWebKit/537.11 (KHTML, like Gecko) Chrome/23.0.1271.97 Safari/537.11"
68.9.72.98 - - [16/Dec/2012:15:30:40 -0500] "GET /LibertyInternationalFinal/testBkg.png HTTP/1.1" 200 128762 "http://www.libertyint.com/" "Mozilla/5.0 (Windows NT 6.0) AppleWebKit/537.11 (KHTML, like Gecko) Chrome/23.0.1271.97 Safari/537.11"
68.9.72.98 - - [16/Dec/2012:15:30:40 -0500] "GET /LibertyInternationalFinal/Logo(State%201).png HTTP/1.1" 200 24167 "http://www.libertyint.com/" "Mozilla/5.0 (Windows NT 6.0) AppleWebKit/537.11 (KHTML, like Gecko) Chrome/23.0.1271.97 Safari/537.11"
68.9.72.98 - - [16/Dec/2012:15:30:40 -0500] "GET /LibertyInternationalFinal/libinttext.png HTTP/1.1" 200 3449 "http://www.libertyint.com/" "Mozilla/5.0 (Windows NT 6.0) AppleWebKit/537.11 (KHTML, like Gecko) Chrome/23.0.1271.97 Safari/537.11"
68.9.72.98 - - [16/Dec/2012:15:30:40 -0500] "GET /LibertyInternationalFinal/smalldot.png HTTP/1.1" 200 134 "http://www.libertyint.com/" "Mozilla/5.0 (Windows NT 6.0) AppleWebKit/537.11 (KHTML, like Gecko) Chrome/23.0.1271.97 Safari/537.11"
68.9.72.98 - - [16/Dec/2012:15:30:40 -0500] "GET /LibertyInternationalFinal/libinttext2.png HTTP/1.1" 200 3897 "http://www.libertyint.com/" "Mozilla/5.0 (Windows NT 6.0) AppleWebKit/537.11 (KHTML, like Gecko) Chrome/23.0.1271.97 Safari/537.11"
68.9.72.98 - - [16/Dec/2012:15:30:40 -0500] "GET /MenuBarHomepage.swf HTTP/1.1" 200 100816 "http://www.libertyint.com/" "Mozilla/5.0 (Windows NT 6.0) AppleWebKit/537.11 (KHTML, like Gecko) Chrome/23.0.1271.97 Safari/537.11"
68.9.72.98 - - [16/Dec/2012:15:30:41 -0500] "GET /LibertyInternationalFinal/ctpat1.png HTTP/1.1" 200 5648 "http://www.libertyint.com/" "Mozilla/5.0 (Windows NT 6.0) AppleWebKit/537.11 (KHTML, like Gecko) Chrome/23.0.1271.97 Safari/537.11"
68.9.72.98 - - [16/Dec/2012:15:30:41 -0500] "GET /LibertyInternationalFinal/staticPicture.jpg HTTP/1.1" 200 98028 "http://www.libertyint.com/" "Mozilla/5.0 (Windows NT 6.0) AppleWebKit/537.11 (KHTML, like Gecko) Chrome/23.0.1271.97 Safari/537.11"
68.9.72.98 - - [16/Dec/2012:15:30:41 -0500] "GET /LibertyInternationalFinal/facebook1.png HTTP/1.1" 200 3514 "http://www.libertyint.com/" "Mozilla/5.0 (Windows NT 6.0) AppleWebKit/537.11 (KHTML, like Gecko) Chrome/23.0.1271.97 Safari/537.11"
68.9.72.98 - - [16/Dec/2012:15:30:41 -0500] "GET /LibertyInternationalFinal/linkedin1.png HTTP/1.1" 200 3975 "http://www.libertyint.com/" "Mozilla/5.0 (Windows NT 6.0) AppleWebKit/537.11 (KHTML, like Gecko) Chrome/23.0.1271.97 Safari/537.11"
68.9.72.98 - - [16/Dec/2012:15:30:41 -0500] "GET /LibertyInternationalFinal/youtube1.png HTTP/1.1" 200 3811 "http://www.libertyint.com/" "Mozilla/5.0 (Windows NT 6.0) AppleWebKit/537.11 (KHTML, like Gecko) Chrome/23.0.1271.97 Safari/537.11"
68.9.72.98 - - [16/Dec/2012:15:30:42 -0500] "GET /LibertyInternationalFinal/background1.png HTTP/1.1" 200 4249 "http://www.libertyint.com/" "Mozilla/5.0 (Windows NT 6.0) AppleWebKit/537.11 (KHTML, like Gecko) Chrome/23.0.1271.97 Safari/537.11"
68.9.72.98 - - [16/Dec/2012:15:30:42 -0500] "GET /LibertyInternationalFinal/Logo(State%202).png HTTP/1.1" 200 24320 "http://www.libertyint.com/" "Mozilla/5.0 (Windows NT 6.0) AppleWebKit/537.11 (KHTML, like Gecko) Chrome/23.0.1271.97 Safari/537.11"
68.9.72.98 - - [16/Dec/2012:15:30:42 -0500] "GET /LibertyInternationalFinal/ctpat2.png HTTP/1.1" 200 5631 "http://www.libertyint.com/" "Mozilla/5.0 (Windows NT 6.0) AppleWebKit/537.11 (KHTML, like Gecko) Chrome/23.0.1271.97 Safari/537.11"
68.9.72.98 - - [16/Dec/2012:15:30:42 -0500] "GET /LibertyInternationalFinal/facebook2.png HTTP/1.1" 200 3714 "http://www.libertyint.com/" "Mozilla/5.0 (Windows NT 6.0) AppleWebKit/537.11 (KHTML, like Gecko) Chrome/23.0.1271.97 Safari/537.11"
68.9.72.98 - - [16/Dec/2012:15:30:42 -0500] "GET /LibertyInternationalFinal/youtube2.png HTTP/1.1" 200 3946 "http://www.libertyint.com/" "Mozilla/5.0 (Windows NT 6.0) AppleWebKit/537.11 (KHTML, like Gecko) Chrome/23.0.1271.97 Safari/537.11"
68.9.72.98 - - [16/Dec/2012:15:30:42 -0500] "GET /LibertyInternationalFinal/linkedin2.png HTTP/1.1" 200 4106 "http://www.libertyint.com/" "Mozilla/5.0 (Windows NT 6.0) AppleWebKit/537.11 (KHTML, like Gecko) Chrome/23.0.1271.97 Safari/537.11"
68.9.72.98 - - [16/Dec/2012:15:30:42 -0500] "GET /LibertyInternationalFinal/ContactUs12.png HTTP/1.1" 404 575 "http://www.libertyint.com/" "Mozilla/5.0 (Windows NT 6.0) AppleWebKit/537.11 (KHTML, like Gecko) Chrome/23.0.1271.97 Safari/537.11"
68.9.72.98 - - [16/Dec/2012:15:30:43 -0500] "GET /favicon.ico HTTP/1.1" 200 1150 "-" "Mozilla/5.0 (Windows NT 6.0) AppleWebKit/537.11 (KHTML, like Gecko) Chrome/23.0.1271.97 Safari/537.11"
68.9.72.98 - - [16/Dec/2012:15:30:41 -0500] "GET /MainWindow.swf HTTP/1.1" 200 648573 "http://www.libertyint.com/" "Mozilla/5.0 (Windows NT 6.0) AppleWebKit/537.11 (KHTML, like Gecko) Chrome/23.0.1271.97 Safari/537.11"
68.9.72.98 - - [16/Dec/2012:15:30:52 -0500] "GET /contactus.html HTTP/1.1" 200 14970 "http://www.libertyint.com/" "Mozilla/5.0 (Windows NT 6.0) AppleWebKit/537.11 (KHTML, like Gecko) Chrome/23.0.1271.97 Safari/537.11"
68.9.72.98 - - [16/Dec/2012:15:30:52 -0500] "GET /LibertyInternationalFinal/aboutus.subtop.jpg HTTP/1.1" 200 34632 "http://www.libertyint.com/contactus.html" "Mozilla/5.0 (Windows NT 6.0) AppleWebKit/537.11 (KHTML, like Gecko) Chrome/23.0.1271.97 Safari/537.11"
68.9.72.98 - - [16/Dec/2012:15:30:52 -0500] "GET /LibertyInternationalFinal/contactus.left.jpg HTTP/1.1" 200 19059 "http://www.libertyint.com/contactus.html" "Mozilla/5.0 (Windows NT 6.0) AppleWebKit/537.11 (KHTML, like Gecko) Chrome/23.0.1271.97 Safari/537.11"
68.9.72.98 - - [16/Dec/2012:15:30:52 -0500] "GET /LibertyInternationalFinal/pomanagement.bkg.png HTTP/1.1" 200 4964 "http://www.libertyint.com/contactus.html" "Mozilla/5.0 (Windows NT 6.0) AppleWebKit/537.11 (KHTML, like Gecko) Chrome/23.0.1271.97 Safari/537.11"
68.9.72.98 - - [16/Dec/2012:15:30:53 -0500] "GET /MenuBar.swf HTTP/1.1" 200 93342 "http://www.libertyint.com/contactus.html" "Mozilla/5.0 (Windows NT 6.0) AppleWebKit/537.11 (KHTML, like Gecko) Chrome/23.0.1271.97 Safari/537.11"
68.9.72.98 - - [16/Dec/2012:15:31:03 -0500] "GET /services.html HTTP/1.1" 200 18752 "http://www.libertyint.com/contactus.html" "Mozilla/5.0 (Windows NT 6.0) AppleWebKit/537.11 (KHTML, like Gecko) Chrome/23.0.1271.97 Safari/537.11"
68.9.72.98 - - [16/Dec/2012:15:31:03 -0500] "GET /LibertyInternationalFinalScripts/swfobject_modified.js HTTP/1.1" 404 575 "http://www.libertyint.com/services.html" "Mozilla/5.0 (Windows NT 6.0) AppleWebKit/537.11 (KHTML, like Gecko) Chrome/23.0.1271.97 Safari/537.11"
68.9.72.98 - - [16/Dec/2012:15:31:03 -0500] "GET /LibertyInternationalFinal/services.top.jpg HTTP/1.1" 200 31770 "http://www.libertyint.com/services.html" "Mozilla/5.0 (Windows NT 6.0) AppleWebKit/537.11 (KHTML, like Gecko) Chrome/23.0.1271.97 Safari/537.11"
68.9.72.98 - - [16/Dec/2012:15:31:03 -0500] "GET /LibertyInternationalFinal/services.right.png HTTP/1.1" 200 45075 "http://www.libertyint.com/services.html" "Mozilla/5.0 (Windows NT 6.0) AppleWebKit/537.11 (KHTML, like Gecko) Chrome/23.0.1271.97 Safari/537.11"
68.9.72.98 - - [16/Dec/2012:15:31:04 -0500] "GET /LibertyInternationalFinal/subBkg.png HTTP/1.1" 200 4493 "http://www.libertyint.com/services.html" "Mozilla/5.0 (Windows NT 6.0) AppleWebKit/537.11 (KHTML, like Gecko) Chrome/23.0.1271.97 Safari/537.11"
68.9.72.98 - - [16/Dec/2012:15:31:11 -0500] "GET /aboutus.html HTTP/1.1" 200 24127 "http://www.libertyint.com/services.html" "Mozilla/5.0 (Windows NT 6.0) AppleWebKit/537.11 (KHTML, like Gecko) Chrome/23.0.1271.97 Safari/537.11"
68.9.72.98 - - [16/Dec/2012:15:31:11 -0500] "GET /LibertyInternationalFinalScripts/swfobject_modified.js HTTP/1.1" 404 575 "http://www.libertyint.com/aboutus.html" "Mozilla/5.0 (Windows NT 6.0) AppleWebKit/537.11 (KHTML, like Gecko) Chrome/23.0.1271.97 Safari/537.11"
68.9.72.98 - - [16/Dec/2012:15:31:11 -0500] "GET /LibertyInternationalFinal/aboutus.top.jpg HTTP/1.1" 200 47798 "http://www.libertyint.com/aboutus.html" "Mozilla/5.0 (Windows NT 6.0) AppleWebKit/537.11 (KHTML, like Gecko) Chrome/23.0.1271.97 Safari/537.11"
68.9.72.98 - - [16/Dec/2012:15:31:11 -0500] "GET /LibertyInternationalFinal/aboutus.right.png HTTP/1.1" 200 25652 "http://www.libertyint.com/aboutus.html" "Mozilla/5.0 (Windows NT 6.0) AppleWebKit/537.11 (KHTML, like Gecko) Chrome/23.0.1271.97 Safari/537.11"
68.9.72.98 - - [16/Dec/2012:15:31:11 -0500] "GET /LibertyInternationalFinal/aboutus.bkg.png HTTP/1.1" 200 7246 "http://www.libertyint.com/aboutus.html" "Mozilla/5.0 (Windows NT 6.0) AppleWebKit/537.11 (KHTML, like Gecko) Chrome/23.0.1271.97 Safari/537.11"
68.9.72.98 - - [16/Dec/2012:15:31:26 -0500] "GET /meetourteam.html HTTP/1.1" 200 18147 "http://www.libertyint.com/aboutus.html" "Mozilla/5.0 (Windows NT 6.0) AppleWebKit/537.11 (KHTML, like Gecko) Chrome/23.0.1271.97 Safari/537.11"
68.9.72.98 - - [16/Dec/2012:15:31:26 -0500] "GET /LibertyInternationalFinal/meetourteam.left.jpg HTTP/1.1" 200 35378 "http://www.libertyint.com/meetourteam.html" "Mozilla/5.0 (Windows NT 6.0) AppleWebKit/537.11 (KHTML, like Gecko) Chrome/23.0.1271.97 Safari/537.11"
68.9.72.98 - - [16/Dec/2012:15:31:27 -0500] "GET /LibertyInternationalFinal/meetourteam.bkg.png HTTP/1.1" 200 7466 "http://www.libertyint.com/meetourteam.html" "Mozilla/5.0 (Windows NT 6.0) AppleWebKit/537.11 (KHTML, like Gecko) Chrome/23.0.1271.97 Safari/537.11"
68.9.72.98 - - [16/Dec/2012:15:31:57 -0500] "GET /LibertyInternationalFinalScripts/swfobject_modified.js HTTP/1.1" 404 575 "http://www.libertyint.com/aboutus.html" "Mozilla/5.0 (Windows NT 6.0) AppleWebKit/537.11 (KHTML, like Gecko) Chrome/23.0.1271.97 Safari/537.11"
68.9.72.98 - - [16/Dec/2012:15:32:24 -0500] "GET / HTTP/1.1" 200 16571 "http://www.google.com/url?sa=f&rct=j&url=http://libertyint.com/&q=liberty+international&ei=1C_OUICSFI_0qwGq2YHwBw&usg=AFQjCNFrZj7jsdFRt1k9hxHJYWrv8CGY-g" "Mozilla/5.0 (Windows NT 6.0) AppleWebKit/537.11 (KHTML, like Gecko) Chrome/23.0.1271.97 Safari/537.11"
68.9.72.98 - - [16/Dec/2012:15:32:24 -0500] "GET /LibertyInternationalFinalScripts/swfobject_modified.js HTTP/1.1" 404 575 "http://libertyint.com/" "Mozilla/5.0 (Windows NT 6.0) AppleWebKit/537.11 (KHTML, like Gecko) Chrome/23.0.1271.97 Safari/537.11"
68.9.72.98 - - [16/Dec/2012:15:32:24 -0500] "GET /LibertyInternationalFinal/Scripts/swfobject_modified.js HTTP/1.1" 200 21696 "http://libertyint.com/" "Mozilla/5.0 (Windows NT 6.0) AppleWebKit/537.11 (KHTML, like Gecko) Chrome/23.0.1271.97 Safari/537.11"
68.9.72.98 - - [16/Dec/2012:15:32:24 -0500] "GET /LibertyInternationalFinal/Logo(State%201).png HTTP/1.1" 200 24167 "http://libertyint.com/" "Mozilla/5.0 (Windows NT 6.0) AppleWebKit/537.11 (KHTML, like Gecko) Chrome/23.0.1271.97 Safari/537.11"
68.9.72.98 - - [16/Dec/2012:15:32:25 -0500] "GET /LibertyInternationalFinal/smalldot.png HTTP/1.1" 200 134 "http://libertyint.com/" "Mozilla/5.0 (Windows NT 6.0) AppleWebKit/537.11 (KHTML, like Gecko) Chrome/23.0.1271.97 Safari/537.11"
68.9.72.98 - - [16/Dec/2012:15:32:25 -0500] "GET /LibertyInternationalFinal/libinttext2.png HTTP/1.1" 200 3897 "http://libertyint.com/" "Mozilla/5.0 (Windows NT 6.0) AppleWebKit/537.11 (KHTML, like Gecko) Chrome/23.0.1271.97 Safari/537.11"
68.9.72.98 - - [16/Dec/2012:15:32:24 -0500] "GET /LibertyInternationalFinal/testBkg.png HTTP/1.1" 200 128762 "http://libertyint.com/" "Mozilla/5.0 (Windows NT 6.0) AppleWebKit/537.11 (KHTML, like Gecko) Chrome/23.0.1271.97 Safari/537.11"
68.9.72.98 - - [16/Dec/2012:15:32:25 -0500] "GET /LibertyInternationalFinal/ctpat1.png HTTP/1.1" 200 5648 "http://libertyint.com/" "Mozilla/5.0 (Windows NT 6.0) AppleWebKit/537.11 (KHTML, like Gecko) Chrome/23.0.1271.97 Safari/537.11"
68.9.72.98 - - [16/Dec/2012:15:32:25 -0500] "GET /LibertyInternationalFinal/facebook1.png HTTP/1.1" 200 3514 "http://libertyint.com/" "Mozilla/5.0 (Windows NT 6.0) AppleWebKit/537.11 (KHTML, like Gecko) Chrome/23.0.1271.97 Safari/537.11"
68.9.72.98 - - [16/Dec/2012:15:32:25 -0500] "GET /LibertyInternationalFinal/libinttext.png HTTP/1.1" 200 3449 "http://libertyint.com/" "Mozilla/5.0 (Windows NT 6.0) AppleWebKit/537.11 (KHTML, like Gecko) Chrome/23.0.1271.97 Safari/537.11"
68.9.72.98 - - [16/Dec/2012:15:32:25 -0500] "GET /LibertyInternationalFinal/staticPicture.jpg HTTP/1.1" 200 98028 "http://libertyint.com/" "Mozilla/5.0 (Windows NT 6.0) AppleWebKit/537.11 (KHTML, like Gecko) Chrome/23.0.1271.97 Safari/537.11"
68.9.72.98 - - [16/Dec/2012:15:32:25 -0500] "GET /LibertyInternationalFinal/linkedin1.png HTTP/1.1" 200 3975 "http://libertyint.com/" "Mozilla/5.0 (Windows NT 6.0) AppleWebKit/537.11 (KHTML, like Gecko) Chrome/23.0.1271.97 Safari/537.11"
68.9.72.98 - - [16/Dec/2012:15:32:25 -0500] "GET /LibertyInternationalFinal/youtube1.png HTTP/1.1" 200 3811 "http://libertyint.com/" "Mozilla/5.0 (Windows NT 6.0) AppleWebKit/537.11 (KHTML, like Gecko) Chrome/23.0.1271.97 Safari/537.11"
68.9.72.98 - - [16/Dec/2012:15:32:25 -0500] "GET /LibertyInternationalFinal/background1.png HTTP/1.1" 200 4249 "http://libertyint.com/" "Mozilla/5.0 (Windows NT 6.0) AppleWebKit/537.11 (KHTML, like Gecko) Chrome/23.0.1271.97 Safari/537.11"
68.9.72.98 - - [16/Dec/2012:15:32:26 -0500] "GET /LibertyInternationalFinal/ContactUs12.png HTTP/1.1" 404 575 "http://libertyint.com/" "Mozilla/5.0 (Windows NT 6.0) AppleWebKit/537.11 (KHTML, like Gecko) Chrome/23.0.1271.97 Safari/537.11"
68.9.72.98 - - [16/Dec/2012:15:32:26 -0500] "GET /LibertyInternationalFinal/Logo(State%202).png HTTP/1.1" 200 24320 "http://libertyint.com/" "Mozilla/5.0 (Windows NT 6.0) AppleWebKit/537.11 (KHTML, like Gecko) Chrome/23.0.1271.97 Safari/537.11"
68.9.72.98 - - [16/Dec/2012:15:32:26 -0500] "GET /LibertyInternationalFinal/linkedin2.png HTTP/1.1" 200 4106 "http://libertyint.com/" "Mozilla/5.0 (Windows NT 6.0) AppleWebKit/537.11 (KHTML, like Gecko) Chrome/23.0.1271.97 Safari/537.11"
68.9.72.98 - - [16/Dec/2012:15:32:26 -0500] "GET /LibertyInternationalFinal/facebook2.png HTTP/1.1" 200 3714 "http://libertyint.com/" "Mozilla/5.0 (Windows NT 6.0) AppleWebKit/537.11 (KHTML, like Gecko) Chrome/23.0.1271.97 Safari/537.11"
68.9.72.98 - - [16/Dec/2012:15:32:26 -0500] "GET /LibertyInternationalFinal/youtube2.png HTTP/1.1" 200 3946 "http://libertyint.com/" "Mozilla/5.0 (Windows NT 6.0) AppleWebKit/537.11 (KHTML, like Gecko) Chrome/23.0.1271.97 Safari/537.11"
68.9.72.98 - - [16/Dec/2012:15:32:26 -0500] "GET /LibertyInternationalFinal/ctpat2.png HTTP/1.1" 200 5631 "http://libertyint.com/" "Mozilla/5.0 (Windows NT 6.0) AppleWebKit/537.11 (KHTML, like Gecko) Chrome/23.0.1271.97 Safari/537.11"
68.9.72.98 - - [16/Dec/2012:15:32:26 -0500] "GET /LibertyInternationalFinalScripts/swfobject_modified.js HTTP/1.1" 404 575 "http://libertyint.com/" "Mozilla/5.0 (Windows NT 6.0) AppleWebKit/537.11 (KHTML, like Gecko) Chrome/23.0.1271.97 Safari/537.11"
68.9.72.98 - - [16/Dec/2012:15:32:26 -0500] "GET /LibertyInternationalFinal/Logo(State%202).png HTTP/1.1" 206 1 "http://libertyint.com/" "Mozilla/5.0 (Windows NT 6.0) AppleWebKit/537.11 (KHTML, like Gecko) Chrome/23.0.1271.97 Safari/537.11"
68.9.72.98 - - [16/Dec/2012:15:32:26 -0500] "GET /LibertyInternationalFinal/ctpat2.png HTTP/1.1" 200 5631 "http://libertyint.com/" "Mozilla/5.0 (Windows NT 6.0) AppleWebKit/537.11 (KHTML, like Gecko) Chrome/23.0.1271.97 Safari/537.11"
68.9.72.98 - - [16/Dec/2012:15:32:26 -0500] "GET /LibertyInternationalFinal/facebook2.png HTTP/1.1" 206 1 "http://libertyint.com/" "Mozilla/5.0 (Windows NT 6.0) AppleWebKit/537.11 (KHTML, like Gecko) Chrome/23.0.1271.97 Safari/537.11"
68.9.72.98 - - [16/Dec/2012:15:32:26 -0500] "GET /LibertyInternationalFinal/linkedin2.png HTTP/1.1" 206 1 "http://libertyint.com/" "Mozilla/5.0 (Windows NT 6.0) AppleWebKit/537.11 (KHTML, like Gecko) Chrome/23.0.1271.97 Safari/537.11"
