173.199.120.123 - - [01/Jan/2013:00:27:36 -0500] "GET / HTTP/1.1" 200 16571 "-" "Mozilla/5.0 (compatible; AhrefsBot/4.0; +http://ahrefs.com/robot/)"
173.199.120.123 - - [01/Jan/2013:00:44:28 -0500] "GET /globaltransportation.html HTTP/1.1" 200 25756 "-" "Mozilla/5.0 (compatible; AhrefsBot/4.0; +http://ahrefs.com/robot/)"
66.249.76.11 - - [01/Jan/2013:01:45:40 -0500] "GET /index.html HTTP/1.1" 200 16571 "-" "DoCoMo/2.0 N905i(c100;TB;W24H16) (compatible; Googlebot-Mobile/2.1; +http://www.google.com/bot.html)"
173.199.120.123 - - [01/Jan/2013:02:00:19 -0500] "GET /contactus.html HTTP/1.1" 200 14970 "-" "Mozilla/5.0 (compatible; AhrefsBot/4.0; +http://ahrefs.com/robot/)"
123.151.148.197 - - [01/Jan/2013:02:05:38 -0500] "GET / HTTP/1.1" 200 16571 "-" "Sosospider+(+http://help.soso.com/webspider.htm)"
173.199.120.123 - - [01/Jan/2013:02:13:53 -0500] "GET /testimonials.html HTTP/1.1" 200 19511 "-" "Mozilla/5.0 (compatible; AhrefsBot/4.0; +http://ahrefs.com/robot/)"
173.199.120.123 - - [01/Jan/2013:02:20:13 -0500] "GET /services.html HTTP/1.1" 200 18752 "-" "Mozilla/5.0 (compatible; AhrefsBot/4.0; +http://ahrefs.com/robot/)"
220.181.51.138 - - [01/Jan/2013:02:29:59 -0500] "GET / HTTP/1.0" 200 16571 "http://www.baidu.com/s?wd=liberty%20international%2C%20inc." "Mozilla/4.0 (compatible; MSIE 7.0; Windows NT 5.1)"
220.181.51.142 - - [01/Jan/2013:02:30:01 -0500] "GET /LibertyInternationalFinal/Scripts/swfobject_modified.js HTTP/1.0" 200 21696 "http://www.libertyint.com/" "Mozilla/4.0 (compatible; MSIE 7.0; Windows NT 5.1)"
220.181.51.146 - - [01/Jan/2013:02:30:02 -0500] "GET /LibertyInternationalFinalScripts/swfobject_modified.js HTTP/1.0" 404 575 "http://www.libertyint.com/" "Mozilla/4.0 (compatible; MSIE 7.0; Windows NT 5.1)"
173.199.120.123 - - [01/Jan/2013:02:40:10 -0500] "GET /LibertyInternationalFinal/Documents/Fish%20&%20Wildlife%20Permit%20Application%20Form.pdf HTTP/1.1" 200 338008 "-" "Mozilla/5.0 (compatible; AhrefsBot/4.0; +http://ahrefs.com/robot/)"
113.212.69.91 - - [01/Jan/2013:02:43:55 -0500] "GET /testimonials.html HTTP/1.0" 200 19511 "http://libertyint.com/testimonials.html" "Mozilla/5.0 (Windows NT 6.1; WOW64) AppleWebKit/535.19 (KHTML, like Gecko) Chrome/18.0.1025.142 Safari/535.19"
98.137.206.63 - - [01/Jan/2013:03:39:01 -0500] "GET / HTTP/1.1" 200 16571 "-" "Mozilla/5.0 (compatible; Yahoo! Slurp/3.0; http://help.yahoo.com/help/us/ysearch/slurp)"
98.137.206.63 - - [01/Jan/2013:03:39:01 -0500] "GET / HTTP/1.1" 200 16571 "-" "Mozilla/5.0 (compatible; Yahoo! Slurp/3.0; http://help.yahoo.com/help/us/ysearch/slurp)"
98.137.206.63 - - [01/Jan/2013:03:39:01 -0500] "GET /LibertyInternationalFinalScripts/swfobject_modified.js HTTP/1.1" 404 575 "http://www.libertyint.com/" "Mozilla/5.0 (compatible; Yahoo! Slurp/3.0; http://help.yahoo.com/help/us/ysearch/slurp)"
98.137.206.63 - - [01/Jan/2013:03:39:01 -0500] "GET /LibertyInternationalFinal/Scripts/swfobject_modified.js HTTP/1.1" 200 21696 "http://www.libertyint.com/" "Mozilla/5.0 (compatible; Yahoo! Slurp/3.0; http://help.yahoo.com/help/us/ysearch/slurp)"
173.45.104.226 - - [01/Jan/2013:04:27:58 -0500] "GET / HTTP/1.1" 200 16571 "-" "Mozilla/5.0 (Windows NT 6.1; rv:16.0) Gecko/20100101 Firefox/16.0"
173.199.120.123 - - [01/Jan/2013:04:41:43 -0500] "GET /LibertyInternationalFinal/Fact%20Sheets/C-TPAT%20Security%20Policies%20and%20Procedures.pdf HTTP/1.1" 200 507570 "-" "Mozilla/5.0 (compatible; AhrefsBot/4.0; +http://ahrefs.com/robot/)"
157.55.32.110 - - [01/Jan/2013:05:52:51 -0500] "GET /robots.txt HTTP/1.1" 200 146 "-" "Mozilla/5.0 (compatible; bingbot/2.0; +http://www.bing.com/bingbot.htm)"
157.55.32.110 - - [01/Jan/2013:05:54:45 -0500] "GET /Customs%20info/JewelryReview.htm HTTP/1.1" 404 575 "-" "Mozilla/5.0 (compatible; bingbot/2.0; +http://www.bing.com/bingbot.htm)"
65.55.24.221 - - [01/Jan/2013:05:59:52 -0500] "GET /robots.txt HTTP/1.1" 200 146 "-" "Mozilla/5.0 (compatible; bingbot/2.0; +http://www.bing.com/bingbot.htm)"
65.55.24.221 - - [01/Jan/2013:06:01:46 -0500] "GET /index_files/Page1774.htm HTTP/1.1" 404 575 "-" "Mozilla/5.0 (compatible; bingbot/2.0; +http://www.bing.com/bingbot.htm)"
173.199.120.123 - - [01/Jan/2013:06:08:30 -0500] "GET /LibertyInternationalFinal/Fact%20Sheets/C-TPAT%20Security%20Policies%20and%20Procedures.pdf HTTP/1.1" 200 507570 "-" "Mozilla/5.0 (compatible; AhrefsBot/4.0; +http://ahrefs.com/robot/)"
173.199.120.123 - - [01/Jan/2013:06:18:33 -0500] "GET /LibertyInternationalFinal/Documents/TSCA%20Statement.pdf HTTP/1.1" 200 6761 "-" "Mozilla/5.0 (compatible; AhrefsBot/4.0; +http://ahrefs.com/robot/)"
208.115.113.91 - - [01/Jan/2013:06:26:59 -0500] "GET /robots.txt HTTP/1.1" 200 146 "-" "Mozilla/5.0 (compatible; Ezooms/1.0; ezooms.bot@gmail.com)"
123.151.148.197 - - [01/Jan/2013:06:51:04 -0500] "GET / HTTP/1.1" 200 16571 "-" "Sosospider+(+http://help.soso.com/webspider.htm)"
173.199.120.123 - - [01/Jan/2013:06:56:49 -0500] "GET /index_files/Page537.htm HTTP/1.1" 404 575 "-" "Mozilla/5.0 (compatible; AhrefsBot/4.0; +http://ahrefs.com/robot/)"
208.115.113.91 - - [01/Jan/2013:07:01:45 -0500] "GET /compliancedivision.html HTTP/1.1" 200 16369 "-" "Mozilla/5.0 (compatible; Ezooms/1.0; ezooms.bot@gmail.com)"
75.250.241.12 - - [01/Jan/2013:07:37:19 -0500] "GET / HTTP/1.1" 304 - "-" "Mozilla/4.0 (compatible; MSIE 7.0; Windows NT 5.1; Trident/4.0; GTB7.4; .NET CLR 1.1.4322; .NET CLR 2.0.50727; eSobiSubscriber 2.0.4.16; .NET CLR 3.0.4506.2152; .NET CLR 3.5.30729)"
75.250.241.12 - - [01/Jan/2013:07:37:22 -0500] "GET /LibertyInternationalFinal/Scripts/swfobject_modified.js HTTP/1.1" 304 - "http://www.libertyint.com/" "Mozilla/4.0 (compatible; MSIE 7.0; Windows NT 5.1; Trident/4.0; GTB7.4; .NET CLR 1.1.4322; .NET CLR 2.0.50727; eSobiSubscriber 2.0.4.16; .NET CLR 3.0.4506.2152; .NET CLR 3.5.30729)"
75.250.241.12 - - [01/Jan/2013:07:37:22 -0500] "GET /LibertyInternationalFinalScripts/swfobject_modified.js HTTP/1.1" 404 575 "http://www.libertyint.com/" "Mozilla/4.0 (compatible; MSIE 7.0; Windows NT 5.1; Trident/4.0; GTB7.4; .NET CLR 1.1.4322; .NET CLR 2.0.50727; eSobiSubscriber 2.0.4.16; .NET CLR 3.0.4506.2152; .NET CLR 3.5.30729)"
75.250.241.12 - - [01/Jan/2013:07:37:25 -0500] "GET /LibertyInternationalFinal/Logo(State%201).png HTTP/1.1" 304 - "http://www.libertyint.com/" "Mozilla/4.0 (compatible; MSIE 7.0; Windows NT 5.1; Trident/4.0; GTB7.4; .NET CLR 1.1.4322; .NET CLR 2.0.50727; eSobiSubscriber 2.0.4.16; .NET CLR 3.0.4506.2152; .NET CLR 3.5.30729)"
75.250.241.12 - - [01/Jan/2013:07:37:25 -0500] "GET /LibertyInternationalFinal/libinttext.png HTTP/1.1" 304 - "http://www.libertyint.com/" "Mozilla/4.0 (compatible; MSIE 7.0; Windows NT 5.1; Trident/4.0; GTB7.4; .NET CLR 1.1.4322; .NET CLR 2.0.50727; eSobiSubscriber 2.0.4.16; .NET CLR 3.0.4506.2152; .NET CLR 3.5.30729)"
75.250.241.12 - - [01/Jan/2013:07:37:25 -0500] "GET /LibertyInternationalFinal/testBkg.png HTTP/1.1" 304 - "http://www.libertyint.com/" "Mozilla/4.0 (compatible; MSIE 7.0; Windows NT 5.1; Trident/4.0; GTB7.4; .NET CLR 1.1.4322; .NET CLR 2.0.50727; eSobiSubscriber 2.0.4.16; .NET CLR 3.0.4506.2152; .NET CLR 3.5.30729)"
75.250.241.12 - - [01/Jan/2013:07:37:25 -0500] "GET /LibertyInternationalFinal/libinttext2.png HTTP/1.1" 304 - "http://www.libertyint.com/" "Mozilla/4.0 (compatible; MSIE 7.0; Windows NT 5.1; Trident/4.0; GTB7.4; .NET CLR 1.1.4322; .NET CLR 2.0.50727; eSobiSubscriber 2.0.4.16; .NET CLR 3.0.4506.2152; .NET CLR 3.5.30729)"
75.250.241.12 - - [01/Jan/2013:07:37:25 -0500] "GET /LibertyInternationalFinal/smalldot.png HTTP/1.1" 304 - "http://www.libertyint.com/" "Mozilla/4.0 (compatible; MSIE 7.0; Windows NT 5.1; Trident/4.0; GTB7.4; .NET CLR 1.1.4322; .NET CLR 2.0.50727; eSobiSubscriber 2.0.4.16; .NET CLR 3.0.4506.2152; .NET CLR 3.5.30729)"
75.250.241.12 - - [01/Jan/2013:07:37:25 -0500] "GET /LibertyInternationalFinalScripts/swfobject_modified.js HTTP/1.1" 404 575 "http://www.libertyint.com/" "Mozilla/4.0 (compatible; MSIE 7.0; Windows NT 5.1; Trident/4.0; GTB7.4; .NET CLR 1.1.4322; .NET CLR 2.0.50727; eSobiSubscriber 2.0.4.16; .NET CLR 3.0.4506.2152; .NET CLR 3.5.30729)"
75.250.241.12 - - [01/Jan/2013:07:37:25 -0500] "GET /LibertyInternationalFinal/staticPicture.jpg HTTP/1.1" 304 - "http://www.libertyint.com/" "Mozilla/4.0 (compatible; MSIE 7.0; Windows NT 5.1; Trident/4.0; GTB7.4; .NET CLR 1.1.4322; .NET CLR 2.0.50727; eSobiSubscriber 2.0.4.16; .NET CLR 3.0.4506.2152; .NET CLR 3.5.30729)"
75.250.241.12 - - [01/Jan/2013:07:37:25 -0500] "GET /LibertyInternationalFinal/ctpat1.png HTTP/1.1" 304 - "http://www.libertyint.com/" "Mozilla/4.0 (compatible; MSIE 7.0; Windows NT 5.1; Trident/4.0; GTB7.4; .NET CLR 1.1.4322; .NET CLR 2.0.50727; eSobiSubscriber 2.0.4.16; .NET CLR 3.0.4506.2152; .NET CLR 3.5.30729)"
75.250.241.12 - - [01/Jan/2013:07:37:26 -0500] "GET /LibertyInternationalFinal/linkedin1.png HTTP/1.1" 304 - "http://www.libertyint.com/" "Mozilla/4.0 (compatible; MSIE 7.0; Windows NT 5.1; Trident/4.0; GTB7.4; .NET CLR 1.1.4322; .NET CLR 2.0.50727; eSobiSubscriber 2.0.4.16; .NET CLR 3.0.4506.2152; .NET CLR 3.5.30729)"
75.250.241.12 - - [01/Jan/2013:07:37:26 -0500] "GET /LibertyInternationalFinal/facebook1.png HTTP/1.1" 304 - "http://www.libertyint.com/" "Mozilla/4.0 (compatible; MSIE 7.0; Windows NT 5.1; Trident/4.0; GTB7.4; .NET CLR 1.1.4322; .NET CLR 2.0.50727; eSobiSubscriber 2.0.4.16; .NET CLR 3.0.4506.2152; .NET CLR 3.5.30729)"
75.250.241.12 - - [01/Jan/2013:07:37:26 -0500] "GET /LibertyInternationalFinal/youtube1.png HTTP/1.1" 304 - "http://www.libertyint.com/" "Mozilla/4.0 (compatible; MSIE 7.0; Windows NT 5.1; Trident/4.0; GTB7.4; .NET CLR 1.1.4322; .NET CLR 2.0.50727; eSobiSubscriber 2.0.4.16; .NET CLR 3.0.4506.2152; .NET CLR 3.5.30729)"
75.250.241.12 - - [01/Jan/2013:07:37:26 -0500] "GET /LibertyInternationalFinal/background1.png HTTP/1.1" 304 - "http://www.libertyint.com/" "Mozilla/4.0 (compatible; MSIE 7.0; Windows NT 5.1; Trident/4.0; GTB7.4; .NET CLR 1.1.4322; .NET CLR 2.0.50727; eSobiSubscriber 2.0.4.16; .NET CLR 3.0.4506.2152; .NET CLR 3.5.30729)"
75.250.241.12 - - [01/Jan/2013:07:37:26 -0500] "GET /LibertyInternationalFinal/Logo(State%202).png HTTP/1.1" 304 - "http://www.libertyint.com/" "Mozilla/4.0 (compatible; MSIE 7.0; Windows NT 5.1; Trident/4.0; GTB7.4; .NET CLR 1.1.4322; .NET CLR 2.0.50727; eSobiSubscriber 2.0.4.16; .NET CLR 3.0.4506.2152; .NET CLR 3.5.30729)"
75.250.241.12 - - [01/Jan/2013:07:37:26 -0500] "GET /LibertyInternationalFinal/ctpat2.png HTTP/1.1" 304 - "http://www.libertyint.com/" "Mozilla/4.0 (compatible; MSIE 7.0; Windows NT 5.1; Trident/4.0; GTB7.4; .NET CLR 1.1.4322; .NET CLR 2.0.50727; eSobiSubscriber 2.0.4.16; .NET CLR 3.0.4506.2152; .NET CLR 3.5.30729)"
75.250.241.12 - - [01/Jan/2013:07:37:26 -0500] "GET /LibertyInternationalFinal/facebook2.png HTTP/1.1" 304 - "http://www.libertyint.com/" "Mozilla/4.0 (compatible; MSIE 7.0; Windows NT 5.1; Trident/4.0; GTB7.4; .NET CLR 1.1.4322; .NET CLR 2.0.50727; eSobiSubscriber 2.0.4.16; .NET CLR 3.0.4506.2152; .NET CLR 3.5.30729)"
75.250.241.12 - - [01/Jan/2013:07:37:26 -0500] "GET /LibertyInternationalFinal/linkedin2.png HTTP/1.1" 304 - "http://www.libertyint.com/" "Mozilla/4.0 (compatible; MSIE 7.0; Windows NT 5.1; Trident/4.0; GTB7.4; .NET CLR 1.1.4322; .NET CLR 2.0.50727; eSobiSubscriber 2.0.4.16; .NET CLR 3.0.4506.2152; .NET CLR 3.5.30729)"
75.250.241.12 - - [01/Jan/2013:07:37:26 -0500] "GET /LibertyInternationalFinal/youtube2.png HTTP/1.1" 304 - "http://www.libertyint.com/" "Mozilla/4.0 (compatible; MSIE 7.0; Windows NT 5.1; Trident/4.0; GTB7.4; .NET CLR 1.1.4322; .NET CLR 2.0.50727; eSobiSubscriber 2.0.4.16; .NET CLR 3.0.4506.2152; .NET CLR 3.5.30729)"
75.250.241.12 - - [01/Jan/2013:07:37:27 -0500] "GET /LibertyInternationalFinal/ContactUs12.png HTTP/1.1" 404 575 "http://www.libertyint.com/" "Mozilla/4.0 (compatible; MSIE 7.0; Windows NT 5.1; Trident/4.0; GTB7.4; .NET CLR 1.1.4322; .NET CLR 2.0.50727; eSobiSubscriber 2.0.4.16; .NET CLR 3.0.4506.2152; .NET CLR 3.5.30729)"
75.250.241.12 - - [01/Jan/2013:07:37:27 -0500] "GET /MenuBarHomepage.swf HTTP/1.1" 304 - "http://www.libertyint.com/" "Mozilla/4.0 (compatible; MSIE 7.0; Windows NT 5.1; Trident/4.0; GTB7.4; .NET CLR 1.1.4322; .NET CLR 2.0.50727; eSobiSubscriber 2.0.4.16; .NET CLR 3.0.4506.2152; .NET CLR 3.5.30729)"
75.250.241.12 - - [01/Jan/2013:07:37:27 -0500] "GET /MainWindow.swf HTTP/1.1" 304 - "http://www.libertyint.com/" "Mozilla/4.0 (compatible; MSIE 7.0; Windows NT 5.1; Trident/4.0; GTB7.4; .NET CLR 1.1.4322; .NET CLR 2.0.50727; eSobiSubscriber 2.0.4.16; .NET CLR 3.0.4506.2152; .NET CLR 3.5.30729)"
75.250.241.12 - - [01/Jan/2013:07:39:01 -0500] "GET / HTTP/1.1" 304 - "-" "Mozilla/4.0 (compatible; MSIE 7.0; Windows NT 5.1; Trident/4.0; GTB7.4; .NET CLR 1.1.4322; .NET CLR 2.0.50727; eSobiSubscriber 2.0.4.16; .NET CLR 3.0.4506.2152; .NET CLR 3.5.30729)"
75.250.241.12 - - [01/Jan/2013:07:39:01 -0500] "GET /LibertyInternationalFinal/Scripts/swfobject_modified.js HTTP/1.1" 304 - "http://www.libertyint.com/" "Mozilla/4.0 (compatible; MSIE 7.0; Windows NT 5.1; Trident/4.0; GTB7.4; .NET CLR 1.1.4322; .NET CLR 2.0.50727; eSobiSubscriber 2.0.4.16; .NET CLR 3.0.4506.2152; .NET CLR 3.5.30729)"
75.250.241.12 - - [01/Jan/2013:07:39:01 -0500] "GET /LibertyInternationalFinalScripts/swfobject_modified.js HTTP/1.1" 404 575 "http://www.libertyint.com/" "Mozilla/4.0 (compatible; MSIE 7.0; Windows NT 5.1; Trident/4.0; GTB7.4; .NET CLR 1.1.4322; .NET CLR 2.0.50727; eSobiSubscriber 2.0.4.16; .NET CLR 3.0.4506.2152; .NET CLR 3.5.30729)"
75.250.241.12 - - [01/Jan/2013:07:39:02 -0500] "GET /LibertyInternationalFinal/Logo(State%201).png HTTP/1.1" 304 - "http://www.libertyint.com/" "Mozilla/4.0 (compatible; MSIE 7.0; Windows NT 5.1; Trident/4.0; GTB7.4; .NET CLR 1.1.4322; .NET CLR 2.0.50727; eSobiSubscriber 2.0.4.16; .NET CLR 3.0.4506.2152; .NET CLR 3.5.30729)"
75.250.241.12 - - [01/Jan/2013:07:39:02 -0500] "GET /LibertyInternationalFinal/libinttext.png HTTP/1.1" 304 - "http://www.libertyint.com/" "Mozilla/4.0 (compatible; MSIE 7.0; Windows NT 5.1; Trident/4.0; GTB7.4; .NET CLR 1.1.4322; .NET CLR 2.0.50727; eSobiSubscriber 2.0.4.16; .NET CLR 3.0.4506.2152; .NET CLR 3.5.30729)"
75.250.241.12 - - [01/Jan/2013:07:39:02 -0500] "GET /LibertyInternationalFinal/libinttext2.png HTTP/1.1" 304 - "http://www.libertyint.com/" "Mozilla/4.0 (compatible; MSIE 7.0; Windows NT 5.1; Trident/4.0; GTB7.4; .NET CLR 1.1.4322; .NET CLR 2.0.50727; eSobiSubscriber 2.0.4.16; .NET CLR 3.0.4506.2152; .NET CLR 3.5.30729)"
75.250.241.12 - - [01/Jan/2013:07:39:02 -0500] "GET /LibertyInternationalFinal/smalldot.png HTTP/1.1" 304 - "http://www.libertyint.com/" "Mozilla/4.0 (compatible; MSIE 7.0; Windows NT 5.1; Trident/4.0; GTB7.4; .NET CLR 1.1.4322; .NET CLR 2.0.50727; eSobiSubscriber 2.0.4.16; .NET CLR 3.0.4506.2152; .NET CLR 3.5.30729)"
75.250.241.12 - - [01/Jan/2013:07:39:02 -0500] "GET /LibertyInternationalFinalScripts/swfobject_modified.js HTTP/1.1" 404 575 "http://www.libertyint.com/" "Mozilla/4.0 (compatible; MSIE 7.0; Windows NT 5.1; Trident/4.0; GTB7.4; .NET CLR 1.1.4322; .NET CLR 2.0.50727; eSobiSubscriber 2.0.4.16; .NET CLR 3.0.4506.2152; .NET CLR 3.5.30729)"
75.250.241.12 - - [01/Jan/2013:07:39:02 -0500] "GET /LibertyInternationalFinal/testBkg.png HTTP/1.1" 304 - "http://www.libertyint.com/" "Mozilla/4.0 (compatible; MSIE 7.0; Windows NT 5.1; Trident/4.0; GTB7.4; .NET CLR 1.1.4322; .NET CLR 2.0.50727; eSobiSubscriber 2.0.4.16; .NET CLR 3.0.4506.2152; .NET CLR 3.5.30729)"
75.250.241.12 - - [01/Jan/2013:07:39:02 -0500] "GET /LibertyInternationalFinal/staticPicture.jpg HTTP/1.1" 304 - "http://www.libertyint.com/" "Mozilla/4.0 (compatible; MSIE 7.0; Windows NT 5.1; Trident/4.0; GTB7.4; .NET CLR 1.1.4322; .NET CLR 2.0.50727; eSobiSubscriber 2.0.4.16; .NET CLR 3.0.4506.2152; .NET CLR 3.5.30729)"
75.250.241.12 - - [01/Jan/2013:07:39:03 -0500] "GET /LibertyInternationalFinal/ctpat1.png HTTP/1.1" 304 - "http://www.libertyint.com/" "Mozilla/4.0 (compatible; MSIE 7.0; Windows NT 5.1; Trident/4.0; GTB7.4; .NET CLR 1.1.4322; .NET CLR 2.0.50727; eSobiSubscriber 2.0.4.16; .NET CLR 3.0.4506.2152; .NET CLR 3.5.30729)"
75.250.241.12 - - [01/Jan/2013:07:39:03 -0500] "GET /LibertyInternationalFinal/facebook1.png HTTP/1.1" 304 - "http://www.libertyint.com/" "Mozilla/4.0 (compatible; MSIE 7.0; Windows NT 5.1; Trident/4.0; GTB7.4; .NET CLR 1.1.4322; .NET CLR 2.0.50727; eSobiSubscriber 2.0.4.16; .NET CLR 3.0.4506.2152; .NET CLR 3.5.30729)"
75.250.241.12 - - [01/Jan/2013:07:39:03 -0500] "GET /MenuBarHomepage.swf HTTP/1.1" 304 - "http://www.libertyint.com/" "Mozilla/4.0 (compatible; MSIE 7.0; Windows NT 5.1; Trident/4.0; GTB7.4; .NET CLR 1.1.4322; .NET CLR 2.0.50727; eSobiSubscriber 2.0.4.16; .NET CLR 3.0.4506.2152; .NET CLR 3.5.30729)"
75.250.241.12 - - [01/Jan/2013:07:39:03 -0500] "GET /MainWindow.swf HTTP/1.1" 304 - "http://www.libertyint.com/" "Mozilla/4.0 (compatible; MSIE 7.0; Windows NT 5.1; Trident/4.0; GTB7.4; .NET CLR 1.1.4322; .NET CLR 2.0.50727; eSobiSubscriber 2.0.4.16; .NET CLR 3.0.4506.2152; .NET CLR 3.5.30729)"
75.250.241.12 - - [01/Jan/2013:07:39:03 -0500] "GET /LibertyInternationalFinal/linkedin1.png HTTP/1.1" 304 - "http://www.libertyint.com/" "Mozilla/4.0 (compatible; MSIE 7.0; Windows NT 5.1; Trident/4.0; GTB7.4; .NET CLR 1.1.4322; .NET CLR 2.0.50727; eSobiSubscriber 2.0.4.16; .NET CLR 3.0.4506.2152; .NET CLR 3.5.30729)"
75.250.241.12 - - [01/Jan/2013:07:39:03 -0500] "GET /LibertyInternationalFinal/youtube1.png HTTP/1.1" 304 - "http://www.libertyint.com/" "Mozilla/4.0 (compatible; MSIE 7.0; Windows NT 5.1; Trident/4.0; GTB7.4; .NET CLR 1.1.4322; .NET CLR 2.0.50727; eSobiSubscriber 2.0.4.16; .NET CLR 3.0.4506.2152; .NET CLR 3.5.30729)"
75.250.241.12 - - [01/Jan/2013:07:39:03 -0500] "GET /LibertyInternationalFinal/background1.png HTTP/1.1" 304 - "http://www.libertyint.com/" "Mozilla/4.0 (compatible; MSIE 7.0; Windows NT 5.1; Trident/4.0; GTB7.4; .NET CLR 1.1.4322; .NET CLR 2.0.50727; eSobiSubscriber 2.0.4.16; .NET CLR 3.0.4506.2152; .NET CLR 3.5.30729)"
75.250.241.12 - - [01/Jan/2013:07:39:05 -0500] "GET /LibertyInternationalFinal/Logo(State%202).png HTTP/1.1" 304 - "http://www.libertyint.com/" "Mozilla/4.0 (compatible; MSIE 7.0; Windows NT 5.1; Trident/4.0; GTB7.4; .NET CLR 1.1.4322; .NET CLR 2.0.50727; eSobiSubscriber 2.0.4.16; .NET CLR 3.0.4506.2152; .NET CLR 3.5.30729)"
75.250.241.12 - - [01/Jan/2013:07:39:05 -0500] "GET /LibertyInternationalFinal/ctpat2.png HTTP/1.1" 304 - "http://www.libertyint.com/" "Mozilla/4.0 (compatible; MSIE 7.0; Windows NT 5.1; Trident/4.0; GTB7.4; .NET CLR 1.1.4322; .NET CLR 2.0.50727; eSobiSubscriber 2.0.4.16; .NET CLR 3.0.4506.2152; .NET CLR 3.5.30729)"
75.250.241.12 - - [01/Jan/2013:07:39:05 -0500] "GET /LibertyInternationalFinal/facebook2.png HTTP/1.1" 304 - "http://www.libertyint.com/" "Mozilla/4.0 (compatible; MSIE 7.0; Windows NT 5.1; Trident/4.0; GTB7.4; .NET CLR 1.1.4322; .NET CLR 2.0.50727; eSobiSubscriber 2.0.4.16; .NET CLR 3.0.4506.2152; .NET CLR 3.5.30729)"
75.250.241.12 - - [01/Jan/2013:07:39:05 -0500] "GET /LibertyInternationalFinal/linkedin2.png HTTP/1.1" 304 - "http://www.libertyint.com/" "Mozilla/4.0 (compatible; MSIE 7.0; Windows NT 5.1; Trident/4.0; GTB7.4; .NET CLR 1.1.4322; .NET CLR 2.0.50727; eSobiSubscriber 2.0.4.16; .NET CLR 3.0.4506.2152; .NET CLR 3.5.30729)"
75.250.241.12 - - [01/Jan/2013:07:39:06 -0500] "GET /LibertyInternationalFinal/youtube2.png HTTP/1.1" 304 - "http://www.libertyint.com/" "Mozilla/4.0 (compatible; MSIE 7.0; Windows NT 5.1; Trident/4.0; GTB7.4; .NET CLR 1.1.4322; .NET CLR 2.0.50727; eSobiSubscriber 2.0.4.16; .NET CLR 3.0.4506.2152; .NET CLR 3.5.30729)"
75.250.241.12 - - [01/Jan/2013:07:39:06 -0500] "GET /LibertyInternationalFinal/ContactUs12.png HTTP/1.1" 404 575 "http://www.libertyint.com/" "Mozilla/4.0 (compatible; MSIE 7.0; Windows NT 5.1; Trident/4.0; GTB7.4; .NET CLR 1.1.4322; .NET CLR 2.0.50727; eSobiSubscriber 2.0.4.16; .NET CLR 3.0.4506.2152; .NET CLR 3.5.30729)"
100.43.83.152 - - [01/Jan/2013:07:55:05 -0500] "GET /robots.txt HTTP/1.1" 200 146 "-" "Mozilla/5.0 (compatible; YandexBot/3.0; +http://yandex.com/bots)"
173.199.120.123 - - [01/Jan/2013:08:07:07 -0500] "GET /aboutus.html HTTP/1.1" 200 24127 "-" "Mozilla/5.0 (compatible; AhrefsBot/4.0; +http://ahrefs.com/robot/)"
173.199.120.123 - - [01/Jan/2013:08:40:08 -0500] "GET / HTTP/1.1" 200 16571 "-" "Mozilla/5.0 (compatible; AhrefsBot/4.0; +http://ahrefs.com/robot/)"
123.125.67.159 - - [01/Jan/2013:08:44:50 -0500] "GET / HTTP/1.1" 200 16571 "http://www.baidu.com/s?wd=LibertyInternationalInc.-InternationalFreightForwardingliberty%20international,%20inc." "Mozilla/5.0 (Windows; U; Windows NT 5.1; zh-CN; rv:1.9.2.15) Gecko/20110303 Firefox/3.6.15"
123.125.67.167 - - [01/Jan/2013:08:44:51 -0500] "GET / HTTP/1.1" 206 13651 "http://www.baidu.com/s?wd=LibertyInternationalInc.-InternationalFreightForwardingliberty%20international,%20inc." "Mozilla/5.0 (Windows; U; Windows NT 5.1; zh-CN; rv:1.9.2.15) Gecko/20110303 Firefox/3.6.15"
123.125.67.157 - - [01/Jan/2013:08:44:52 -0500] "GET /LibertyInternationalFinal/Scripts/swfobject_modified.js HTTP/1.1" 200 21696 "http://www.libertyint.com/" "Mozilla/5.0 (Windows; U; Windows NT 5.1; zh-CN; rv:1.9.2.15) Gecko/20110303 Firefox/3.6.15"
123.125.67.167 - - [01/Jan/2013:08:44:54 -0500] "GET /LibertyInternationalFinalScripts/swfobject_modified.js HTTP/1.1" 404 575 "http://www.libertyint.com/" "Mozilla/5.0 (Windows; U; Windows NT 5.1; zh-CN; rv:1.9.2.15) Gecko/20110303 Firefox/3.6.15"
157.55.32.188 - - [01/Jan/2013:08:53:41 -0500] "GET /robots.txt HTTP/1.1" 200 146 "-" "Mozilla/5.0 (compatible; bingbot/2.0; +http://www.bing.com/bingbot.htm)"
157.55.32.188 - - [01/Jan/2013:08:55:27 -0500] "GET /index_files/Page537.htm HTTP/1.1" 404 575 "-" "Mozilla/5.0 (compatible; bingbot/2.0; +http://www.bing.com/bingbot.htm)"
91.223.75.118 - - [01/Jan/2013:09:14:33 -0500] "GET / HTTP/1.1" 200 16571 "http://id36.narod.ru/id-utyr.html" "Mozilla/4.0 (compatible; MSIE 5.01; Windows 95; MSIECrawler)"
91.223.75.118 - - [01/Jan/2013:09:14:33 -0500] "GET / HTTP/1.1" 200 16571 "http://id36.narod.ru/id-utyr.html" "Mozilla/4.0 (compatible; MSIE 5.01; Windows 95; MSIECrawler)"
66.249.76.11 - - [01/Jan/2013:09:33:23 -0500] "GET /robots.txt HTTP/1.1" 200 146 "-" "Mozilla/5.0 (compatible; Googlebot/2.1; +http://www.google.com/bot.html)"
66.249.76.11 - - [01/Jan/2013:09:33:23 -0500] "GET /industrylinks.html HTTP/1.1" 200 24502 "-" "Mozilla/5.0 (iPhone; U; CPU iPhone OS 4_1 like Mac OS X; en-us) AppleWebKit/532.9 (KHTML, like Gecko) Version/4.0.5 Mobile/8B117 Safari/6531.22.7 (compatible; Googlebot-Mobile/2.1; +http://www.google.com/bot.html)"
173.225.17.50 - - [01/Jan/2013:09:37:22 -0500] "GET / HTTP/1.1" 200 16571 "-" "Mozilla/5.0 (Macintosh; U; Intel Mac OS X 10.6; en-US; rv:1.9.2) Gecko/20100115 Firefox/3.6"
66.249.76.11 - - [01/Jan/2013:09:38:46 -0500] "GET /LibertyInternationalFinal/industrylinks.left5.png HTTP/1.1" 200 16781 "http://libertyint.com/industrylinks.html" "Mozilla/5.0 (compatible; Googlebot/2.1; +http://www.google.com/bot.html)"
66.249.76.11 - - [01/Jan/2013:09:38:46 -0500] "GET /LibertyInternationalFinal/industrylinks.left4.png HTTP/1.1" 200 8339 "http://libertyint.com/industrylinks.html" "Mozilla/5.0 (compatible; Googlebot/2.1; +http://www.google.com/bot.html)"
66.249.76.11 - - [01/Jan/2013:09:38:47 -0500] "GET /LibertyInternationalFinal/industrylinks.right6.png HTTP/1.1" 200 16879 "http://libertyint.com/industrylinks.html" "Mozilla/5.0 (compatible; Googlebot/2.1; +http://www.google.com/bot.html)"
66.249.76.11 - - [01/Jan/2013:09:38:48 -0500] "GET /LibertyInternationalFinal/industrylinks.right5.png HTTP/1.1" 200 12101 "http://libertyint.com/industrylinks.html" "Mozilla/5.0 (compatible; Googlebot/2.1; +http://www.google.com/bot.html)"
66.249.76.11 - - [01/Jan/2013:09:38:48 -0500] "GET /LibertyInternationalFinal/industrylinks.right2.png HTTP/1.1" 200 10753 "http://libertyint.com/industrylinks.html" "Mozilla/5.0 (compatible; Googlebot/2.1; +http://www.google.com/bot.html)"
66.249.76.11 - - [01/Jan/2013:09:38:49 -0500] "GET /LibertyInternationalFinal/industrylinks.left6.png HTTP/1.1" 200 6719 "http://libertyint.com/industrylinks.html" "Mozilla/5.0 (compatible; Googlebot/2.1; +http://www.google.com/bot.html)"
66.249.76.11 - - [01/Jan/2013:09:38:49 -0500] "GET /LibertyInternationalFinal/industrylinks.right3.png HTTP/1.1" 200 11291 "http://libertyint.com/industrylinks.html" "Mozilla/5.0 (compatible; Googlebot/2.1; +http://www.google.com/bot.html)"
66.249.76.11 - - [01/Jan/2013:09:38:50 -0500] "GET /LibertyInternationalFinal/industrylinks.left7.png HTTP/1.1" 200 19480 "http://libertyint.com/industrylinks.html" "Mozilla/5.0 (compatible; Googlebot/2.1; +http://www.google.com/bot.html)"
66.249.76.11 - - [01/Jan/2013:09:38:51 -0500] "GET /LibertyInternationalFinal/industrylinks.right4.png HTTP/1.1" 200 10753 "http://libertyint.com/industrylinks.html" "Mozilla/5.0 (compatible; Googlebot/2.1; +http://www.google.com/bot.html)"
66.249.76.11 - - [01/Jan/2013:09:38:51 -0500] "GET /LibertyInternationalFinal/industrylinks.left8.png HTTP/1.1" 200 14664 "http://libertyint.com/industrylinks.html" "Mozilla/5.0 (compatible; Googlebot/2.1; +http://www.google.com/bot.html)"
66.249.76.11 - - [01/Jan/2013:09:38:52 -0500] "GET /LibertyInternationalFinal/industrylinks.left9.png HTTP/1.1" 200 13701 "http://libertyint.com/industrylinks.html" "Mozilla/5.0 (compatible; Googlebot/2.1; +http://www.google.com/bot.html)"
66.249.76.11 - - [01/Jan/2013:09:38:52 -0500] "GET /LibertyInternationalFinal/industrylinks.right1.png HTTP/1.1" 200 8599 "http://libertyint.com/industrylinks.html" "Mozilla/5.0 (compatible; Googlebot/2.1; +http://www.google.com/bot.html)"
66.249.76.11 - - [01/Jan/2013:09:38:53 -0500] "GET /LibertyInternationalFinal/corporatememberships.bkg.png HTTP/1.1" 200 5699 "http://libertyint.com/industrylinks.html" "Mozilla/5.0 (compatible; Googlebot/2.1; +http://www.google.com/bot.html)"
66.249.76.11 - - [01/Jan/2013:09:38:53 -0500] "GET /LibertyInternationalFinal/industrylinks.left10.png HTTP/1.1" 200 11975 "http://libertyint.com/industrylinks.html" "Mozilla/5.0 (compatible; Googlebot/2.1; +http://www.google.com/bot.html)"
66.249.76.11 - - [01/Jan/2013:09:38:54 -0500] "GET /LibertyInternationalFinal/industrylinks.left1.png HTTP/1.1" 200 8760 "http://libertyint.com/industrylinks.html" "Mozilla/5.0 (compatible; Googlebot/2.1; +http://www.google.com/bot.html)"
66.249.76.11 - - [01/Jan/2013:09:38:54 -0500] "GET /LibertyInternationalFinal/industrylinks.left3.png HTTP/1.1" 200 11155 "http://libertyint.com/industrylinks.html" "Mozilla/5.0 (compatible; Googlebot/2.1; +http://www.google.com/bot.html)"
66.249.76.11 - - [01/Jan/2013:09:38:55 -0500] "GET /LibertyInternationalFinal/industrylinks.left11.png HTTP/1.1" 200 10566 "http://libertyint.com/industrylinks.html" "Mozilla/5.0 (compatible; Googlebot/2.1; +http://www.google.com/bot.html)"
66.249.76.11 - - [01/Jan/2013:09:38:56 -0500] "GET /LibertyInternationalFinal/industrylinks.left2.png HTTP/1.1" 200 15098 "http://libertyint.com/industrylinks.html" "Mozilla/5.0 (compatible; Googlebot/2.1; +http://www.google.com/bot.html)"
66.249.76.11 - - [01/Jan/2013:09:38:56 -0500] "GET /LibertyInternationalFinal/industrylinks.left12.png HTTP/1.1" 200 8698 "http://libertyint.com/industrylinks.html" "Mozilla/5.0 (compatible; Googlebot/2.1; +http://www.google.com/bot.html)"
66.249.76.11 - - [01/Jan/2013:09:38:57 -0500] "GET /LibertyInternationalFinal/industrylinks.right11.png HTTP/1.1" 200 23120 "http://libertyint.com/industrylinks.html" "Mozilla/5.0 (compatible; Googlebot/2.1; +http://www.google.com/bot.html)"
66.249.76.11 - - [01/Jan/2013:09:38:57 -0500] "GET /LibertyInternationalFinal/industrylinks.right12.png HTTP/1.1" 200 14374 "http://libertyint.com/industrylinks.html" "Mozilla/5.0 (compatible; Googlebot/2.1; +http://www.google.com/bot.html)"
66.249.76.11 - - [01/Jan/2013:09:38:58 -0500] "GET /LibertyInternationalFinal/industrylinks.right10.png HTTP/1.1" 200 17641 "http://libertyint.com/industrylinks.html" "Mozilla/5.0 (compatible; Googlebot/2.1; +http://www.google.com/bot.html)"
66.249.76.11 - - [01/Jan/2013:09:38:58 -0500] "GET /LibertyInternationalFinal/industrylinks.right7.png HTTP/1.1" 200 6486 "http://libertyint.com/industrylinks.html" "Mozilla/5.0 (compatible; Googlebot/2.1; +http://www.google.com/bot.html)"
66.249.76.11 - - [01/Jan/2013:09:38:59 -0500] "GET /LibertyInternationalFinal/industrylinks.right9.png HTTP/1.1" 200 15823 "http://libertyint.com/industrylinks.html" "Mozilla/5.0 (compatible; Googlebot/2.1; +http://www.google.com/bot.html)"
66.249.76.11 - - [01/Jan/2013:09:38:59 -0500] "GET /LibertyInternationalFinal/industrylinks.right8.png HTTP/1.1" 200 10753 "http://libertyint.com/industrylinks.html" "Mozilla/5.0 (compatible; Googlebot/2.1; +http://www.google.com/bot.html)"
157.55.36.38 - - [01/Jan/2013:09:53:48 -0500] "GET /robots.txt HTTP/1.1" 200 146 "-" "Mozilla/5.0 (compatible; bingbot/2.0; +http://www.bing.com/bingbot.htm)"
157.55.36.38 - - [01/Jan/2013:09:55:58 -0500] "GET /index_files/Page2470.htm HTTP/1.1" 404 575 "-" "Mozilla/5.0 (compatible; bingbot/2.0; +http://www.bing.com/bingbot.htm)"
65.55.213.74 - - [01/Jan/2013:10:05:25 -0500] "GET /robots.txt HTTP/1.1" 200 146 "-" "msnbot/2.0b (+http://search.msn.com/msnbot.htm)"
65.55.213.74 - - [01/Jan/2013:10:05:25 -0500] "GET / HTTP/1.1" 200 16571 "-" "msnbot/2.0b (+http://search.msn.com/msnbot.htm)"
173.69.24.140 - - [01/Jan/2013:10:05:38 -0500] "GET / HTTP/1.1" 200 16571 "-" "Mozilla/5.0 (Macintosh; Intel Mac OS X 10_7_2) AppleWebKit/534.52.7 (KHTML, like Gecko) Version/5.1.2 Safari/534.52.7"
173.69.24.140 - - [01/Jan/2013:10:05:38 -0500] "GET /LibertyInternationalFinal/Scripts/swfobject_modified.js HTTP/1.1" 200 21696 "http://libertyint.com/" "Mozilla/5.0 (Macintosh; Intel Mac OS X 10_7_2) AppleWebKit/534.52.7 (KHTML, like Gecko) Version/5.1.2 Safari/534.52.7"
173.69.24.140 - - [01/Jan/2013:10:05:38 -0500] "GET /LibertyInternationalFinalScripts/swfobject_modified.js HTTP/1.1" 404 575 "http://libertyint.com/" "Mozilla/5.0 (Macintosh; Intel Mac OS X 10_7_2) AppleWebKit/534.52.7 (KHTML, like Gecko) Version/5.1.2 Safari/534.52.7"
173.69.24.140 - - [01/Jan/2013:10:05:38 -0500] "GET /LibertyInternationalFinal/Logo(State%201).png HTTP/1.1" 200 24167 "http://libertyint.com/" "Mozilla/5.0 (Macintosh; Intel Mac OS X 10_7_2) AppleWebKit/534.52.7 (KHTML, like Gecko) Version/5.1.2 Safari/534.52.7"
173.69.24.140 - - [01/Jan/2013:10:05:38 -0500] "GET /LibertyInternationalFinal/libinttext.png HTTP/1.1" 200 3449 "http://libertyint.com/" "Mozilla/5.0 (Macintosh; Intel Mac OS X 10_7_2) AppleWebKit/534.52.7 (KHTML, like Gecko) Version/5.1.2 Safari/534.52.7"
173.69.24.140 - - [01/Jan/2013:10:05:38 -0500] "GET /LibertyInternationalFinal/libinttext2.png HTTP/1.1" 200 3897 "http://libertyint.com/" "Mozilla/5.0 (Macintosh; Intel Mac OS X 10_7_2) AppleWebKit/534.52.7 (KHTML, like Gecko) Version/5.1.2 Safari/534.52.7"
173.69.24.140 - - [01/Jan/2013:10:05:38 -0500] "GET /LibertyInternationalFinal/smalldot.png HTTP/1.1" 200 134 "http://libertyint.com/" "Mozilla/5.0 (Macintosh; Intel Mac OS X 10_7_2) AppleWebKit/534.52.7 (KHTML, like Gecko) Version/5.1.2 Safari/534.52.7"
173.69.24.140 - - [01/Jan/2013:10:05:38 -0500] "GET /LibertyInternationalFinal/staticPicture.jpg HTTP/1.1" 200 98028 "http://libertyint.com/" "Mozilla/5.0 (Macintosh; Intel Mac OS X 10_7_2) AppleWebKit/534.52.7 (KHTML, like Gecko) Version/5.1.2 Safari/534.52.7"
173.69.24.140 - - [01/Jan/2013:10:05:38 -0500] "GET /LibertyInternationalFinal/testBkg.png HTTP/1.1" 200 128762 "http://libertyint.com/" "Mozilla/5.0 (Macintosh; Intel Mac OS X 10_7_2) AppleWebKit/534.52.7 (KHTML, like Gecko) Version/5.1.2 Safari/534.52.7"
173.69.24.140 - - [01/Jan/2013:10:05:38 -0500] "GET /LibertyInternationalFinal/ctpat1.png HTTP/1.1" 200 5648 "http://libertyint.com/" "Mozilla/5.0 (Macintosh; Intel Mac OS X 10_7_2) AppleWebKit/534.52.7 (KHTML, like Gecko) Version/5.1.2 Safari/534.52.7"
173.69.24.140 - - [01/Jan/2013:10:05:38 -0500] "GET /LibertyInternationalFinal/linkedin1.png HTTP/1.1" 200 3975 "http://libertyint.com/" "Mozilla/5.0 (Macintosh; Intel Mac OS X 10_7_2) AppleWebKit/534.52.7 (KHTML, like Gecko) Version/5.1.2 Safari/534.52.7"
173.69.24.140 - - [01/Jan/2013:10:05:38 -0500] "GET /LibertyInternationalFinal/facebook1.png HTTP/1.1" 200 3514 "http://libertyint.com/" "Mozilla/5.0 (Macintosh; Intel Mac OS X 10_7_2) AppleWebKit/534.52.7 (KHTML, like Gecko) Version/5.1.2 Safari/534.52.7"
173.69.24.140 - - [01/Jan/2013:10:05:38 -0500] "GET /LibertyInternationalFinal/background1.png HTTP/1.1" 200 4249 "http://libertyint.com/" "Mozilla/5.0 (Macintosh; Intel Mac OS X 10_7_2) AppleWebKit/534.52.7 (KHTML, like Gecko) Version/5.1.2 Safari/534.52.7"
173.69.24.140 - - [01/Jan/2013:10:05:38 -0500] "GET /LibertyInternationalFinal/youtube1.png HTTP/1.1" 200 3811 "http://libertyint.com/" "Mozilla/5.0 (Macintosh; Intel Mac OS X 10_7_2) AppleWebKit/534.52.7 (KHTML, like Gecko) Version/5.1.2 Safari/534.52.7"
173.69.24.140 - - [01/Jan/2013:10:05:38 -0500] "GET /MenuBarHomepage.swf HTTP/1.1" 200 100816 "http://libertyint.com/" "Mozilla/5.0 (Macintosh; Intel Mac OS X 10_7_2) AppleWebKit/534.52.7 (KHTML, like Gecko) Version/5.1.2 Safari/534.52.7"
173.69.24.140 - - [01/Jan/2013:10:05:39 -0500] "GET /LibertyInternationalFinal/Logo(State%202).png HTTP/1.1" 200 24320 "http://libertyint.com/" "Mozilla/5.0 (Macintosh; Intel Mac OS X 10_7_2) AppleWebKit/534.52.7 (KHTML, like Gecko) Version/5.1.2 Safari/534.52.7"
173.69.24.140 - - [01/Jan/2013:10:05:39 -0500] "GET /LibertyInternationalFinal/facebook2.png HTTP/1.1" 200 3714 "http://libertyint.com/" "Mozilla/5.0 (Macintosh; Intel Mac OS X 10_7_2) AppleWebKit/534.52.7 (KHTML, like Gecko) Version/5.1.2 Safari/534.52.7"
173.69.24.140 - - [01/Jan/2013:10:05:39 -0500] "GET /LibertyInternationalFinal/linkedin2.png HTTP/1.1" 200 4106 "http://libertyint.com/" "Mozilla/5.0 (Macintosh; Intel Mac OS X 10_7_2) AppleWebKit/534.52.7 (KHTML, like Gecko) Version/5.1.2 Safari/534.52.7"
173.69.24.140 - - [01/Jan/2013:10:05:39 -0500] "GET /LibertyInternationalFinal/ctpat2.png HTTP/1.1" 200 5631 "http://libertyint.com/" "Mozilla/5.0 (Macintosh; Intel Mac OS X 10_7_2) AppleWebKit/534.52.7 (KHTML, like Gecko) Version/5.1.2 Safari/534.52.7"
173.69.24.140 - - [01/Jan/2013:10:05:39 -0500] "GET /LibertyInternationalFinal/youtube2.png HTTP/1.1" 200 3946 "http://libertyint.com/" "Mozilla/5.0 (Macintosh; Intel Mac OS X 10_7_2) AppleWebKit/534.52.7 (KHTML, like Gecko) Version/5.1.2 Safari/534.52.7"
173.69.24.140 - - [01/Jan/2013:10:05:39 -0500] "GET /LibertyInternationalFinal/ContactUs12.png HTTP/1.1" 404 575 "http://libertyint.com/" "Mozilla/5.0 (Macintosh; Intel Mac OS X 10_7_2) AppleWebKit/534.52.7 (KHTML, like Gecko) Version/5.1.2 Safari/534.52.7"
173.69.24.140 - - [01/Jan/2013:10:05:39 -0500] "GET /favicon.ico HTTP/1.1" 200 1150 "http://libertyint.com/" "Mozilla/5.0 (Macintosh; Intel Mac OS X 10_7_2) AppleWebKit/534.52.7 (KHTML, like Gecko) Version/5.1.2 Safari/534.52.7"
173.69.24.140 - - [01/Jan/2013:10:05:38 -0500] "GET /MainWindow.swf HTTP/1.1" 200 648573 "http://libertyint.com/" "Mozilla/5.0 (Macintosh; Intel Mac OS X 10_7_2) AppleWebKit/534.52.7 (KHTML, like Gecko) Version/5.1.2 Safari/534.52.7"
173.69.24.140 - - [01/Jan/2013:10:06:26 -0500] "GET /contactus.html HTTP/1.1" 200 14970 "http://libertyint.com/" "Mozilla/5.0 (Macintosh; Intel Mac OS X 10_7_2) AppleWebKit/534.52.7 (KHTML, like Gecko) Version/5.1.2 Safari/534.52.7"
173.69.24.140 - - [01/Jan/2013:10:06:26 -0500] "GET /LibertyInternationalFinal/aboutus.subtop.jpg HTTP/1.1" 200 34632 "http://libertyint.com/contactus.html" "Mozilla/5.0 (Macintosh; Intel Mac OS X 10_7_2) AppleWebKit/534.52.7 (KHTML, like Gecko) Version/5.1.2 Safari/534.52.7"
173.69.24.140 - - [01/Jan/2013:10:06:26 -0500] "GET /LibertyInternationalFinal/pomanagement.bkg.png HTTP/1.1" 200 4964 "http://libertyint.com/contactus.html" "Mozilla/5.0 (Macintosh; Intel Mac OS X 10_7_2) AppleWebKit/534.52.7 (KHTML, like Gecko) Version/5.1.2 Safari/534.52.7"
173.69.24.140 - - [01/Jan/2013:10:06:26 -0500] "GET /LibertyInternationalFinal/contactus.left.jpg HTTP/1.1" 200 19059 "http://libertyint.com/contactus.html" "Mozilla/5.0 (Macintosh; Intel Mac OS X 10_7_2) AppleWebKit/534.52.7 (KHTML, like Gecko) Version/5.1.2 Safari/534.52.7"
173.69.24.140 - - [01/Jan/2013:10:06:26 -0500] "GET /MenuBar.swf HTTP/1.1" 200 93342 "http://libertyint.com/contactus.html" "Mozilla/5.0 (Macintosh; Intel Mac OS X 10_7_2) AppleWebKit/534.52.7 (KHTML, like Gecko) Version/5.1.2 Safari/534.52.7"
173.69.24.140 - - [01/Jan/2013:10:06:45 -0500] "GET /meetourteam.html HTTP/1.1" 200 18147 "http://libertyint.com/contactus.html" "Mozilla/5.0 (Macintosh; Intel Mac OS X 10_7_2) AppleWebKit/534.52.7 (KHTML, like Gecko) Version/5.1.2 Safari/534.52.7"
173.69.24.140 - - [01/Jan/2013:10:06:45 -0500] "GET /LibertyInternationalFinal/meetourteam.left.jpg HTTP/1.1" 200 35378 "http://libertyint.com/meetourteam.html" "Mozilla/5.0 (Macintosh; Intel Mac OS X 10_7_2) AppleWebKit/534.52.7 (KHTML, like Gecko) Version/5.1.2 Safari/534.52.7"
173.69.24.140 - - [01/Jan/2013:10:06:45 -0500] "GET /LibertyInternationalFinal/meetourteam.bkg.png HTTP/1.1" 200 7466 "http://libertyint.com/meetourteam.html" "Mozilla/5.0 (Macintosh; Intel Mac OS X 10_7_2) AppleWebKit/534.52.7 (KHTML, like Gecko) Version/5.1.2 Safari/534.52.7"
123.151.148.197 - - [01/Jan/2013:10:14:36 -0500] "GET / HTTP/1.1" 200 16571 "-" "Sosospider+(+http://help.soso.com/webspider.htm)"
218.30.103.141 - - [01/Jan/2013:11:06:49 -0500] "GET / HTTP/1.1" 200 16571 "-" "Sogou web spider/4.0(+http://www.sogou.com/docs/help/webmasters.htm#07)"
218.30.103.141 - - [01/Jan/2013:11:06:50 -0500] "GET /robots.txt HTTP/1.1" 200 146 "-" "Sogou web spider/4.0"
218.30.103.141 - - [01/Jan/2013:11:44:03 -0500] "GET /robots.txt HTTP/1.1" 200 146 "-" "Sogou web spider/4.0"
218.30.103.141 - - [01/Jan/2013:11:44:05 -0500] "GET / HTTP/1.1" 200 16571 "-" "Sogou web spider/4.0(+http://www.sogou.com/docs/help/webmasters.htm#07)"
66.249.76.11 - - [01/Jan/2013:11:45:59 -0500] "GET /termsandconditions.html HTTP/1.1" 304 - "-" "Mozilla/5.0 (compatible; Googlebot/2.1; +http://www.google.com/bot.html)"
100.43.83.152 - - [01/Jan/2013:11:55:04 -0500] "GET / HTTP/1.1" 200 16571 "-" "Mozilla/5.0 (compatible; YandexBot/3.0; +http://yandex.com/bots)"
131.253.41.47 - - [01/Jan/2013:12:29:02 -0500] "GET /robots.txt HTTP/1.1" 200 146 "-" "msnbot-media/1.1 (+http://search.msn.com/msnbot.htm)"
131.253.41.47 - - [01/Jan/2013:12:29:02 -0500] "GET /LibertyInternationalFinal/truckinganddistribution.left.jpg HTTP/1.1" 200 55535 "-" "msnbot-media/1.1 (+http://search.msn.com/msnbot.htm)"
173.199.120.123 - - [01/Jan/2013:13:11:30 -0500] "GET /companynews.html HTTP/1.1" 200 23107 "-" "Mozilla/5.0 (compatible; AhrefsBot/4.0; +http://ahrefs.com/robot/)"
173.199.120.123 - - [01/Jan/2013:13:21:51 -0500] "GET /CIQ%20Updates/ChinaCIQUpdate010511.pdf HTTP/1.1" 404 575 "-" "Mozilla/5.0 (compatible; AhrefsBot/4.0; +http://ahrefs.com/robot/)"
1.202.218.26 - - [01/Jan/2013:13:52:15 -0500] "HEAD / HTTP/1.1" 200 - "-" "Mozilla/5.0 (compatible; JikeSpider; +http://shoulu.jike.com/spider.html)"
1.202.218.26 - - [01/Jan/2013:13:52:16 -0500] "GET / HTTP/1.1" 200 16571 "-" "Mozilla/5.0 (compatible; JikeSpider; +http://shoulu.jike.com/spider.html)"
100.43.83.152 - - [01/Jan/2013:13:54:33 -0500] "GET /corporatememberships.html HTTP/1.1" 200 17366 "-" "Mozilla/5.0 (compatible; YandexBot/3.0; +http://yandex.com/bots)"
123.151.148.197 - - [01/Jan/2013:14:03:41 -0500] "GET / HTTP/1.1" 200 16571 "-" "Sosospider+(+http://help.soso.com/webspider.htm)"
208.115.113.91 - - [01/Jan/2013:14:24:19 -0500] "GET /robots.txt HTTP/1.1" 200 146 "-" "Mozilla/5.0 (compatible; Ezooms/1.0; ezooms.bot@gmail.com)"
208.115.113.91 - - [01/Jan/2013:15:01:41 -0500] "GET / HTTP/1.1" 200 16571 "-" "Mozilla/5.0 (compatible; Ezooms/1.0; ezooms.bot@gmail.com)"
208.115.113.91 - - [01/Jan/2013:15:08:20 -0500] "GET /certifications.html HTTP/1.1" 200 14974 "-" "Mozilla/5.0 (compatible; Ezooms/1.0; ezooms.bot@gmail.com)"
66.249.76.11 - - [01/Jan/2013:15:14:13 -0500] "GET /LibertyInternationalFinal/Fact%20Sheets/CIQ%20Presentation.pdf HTTP/1.1" 304 - "-" "Mozilla/5.0 (compatible; Googlebot/2.1; +http://www.google.com/bot.html)"
157.55.32.188 - - [01/Jan/2013:15:29:54 -0500] "GET /robots.txt HTTP/1.1" 200 146 "-" "Mozilla/5.0 (compatible; bingbot/2.0; +http://www.bing.com/bingbot.htm)"
157.55.32.188 - - [01/Jan/2013:15:31:35 -0500] "GET / HTTP/1.1" 304 - "-" "Mozilla/5.0 (compatible; bingbot/2.0; +http://www.bing.com/bingbot.htm)"
142.0.34.54 - - [01/Jan/2013:15:51:26 -0500] "HEAD / HTTP/1.1" 200 - "-" "Apache-HttpClient/4.2.2 (java 1.5)"
173.199.120.123 - - [01/Jan/2013:15:53:05 -0500] "GET /industrylinks.html HTTP/1.1" 200 24502 "-" "Mozilla/5.0 (compatible; AhrefsBot/4.0; +http://ahrefs.com/robot/)"
173.252.101.113 - - [01/Jan/2013:16:23:43 -0500] "GET /LibertyInternationalFinal/background1.png HTTP/1.1" 206 4249 "-" "facebookexternalhit/1.1 (+http://www.facebook.com/externalhit_uatext.php)"
66.249.76.191 - - [01/Jan/2013:16:29:17 -0500] "GET /robots.txt HTTP/1.1" 200 146 "-" "Mozilla/5.0 (compatible; Googlebot/2.1; +http://www.google.com/bot.html)"
66.249.76.191 - - [01/Jan/2013:16:29:17 -0500] "GET /Korean%20Free%20Trade%20origin.pdf HTTP/1.1" 404 575 "-" "Mozilla/5.0 (iPhone; U; CPU iPhone OS 4_1 like Mac OS X; en-us) AppleWebKit/532.9 (KHTML, like Gecko) Version/4.0.5 Mobile/8B117 Safari/6531.22.7 (compatible; Googlebot-Mobile/2.1; +http://www.google.com/bot.html)"
65.55.213.74 - - [01/Jan/2013:16:31:44 -0500] "GET /index.html HTTP/1.1" 200 16571 "-" "msnbot/2.0b (+http://search.msn.com/msnbot.htm)"
65.55.213.74 - - [01/Jan/2013:16:31:45 -0500] "GET /resources.html HTTP/1.1" 200 18157 "-" "msnbot/2.0b (+http://search.msn.com/msnbot.htm)"
65.55.213.74 - - [01/Jan/2013:16:31:46 -0500] "GET /contactus.html HTTP/1.1" 200 14970 "-" "msnbot/2.0b (+http://search.msn.com/msnbot.htm)"
65.55.213.74 - - [01/Jan/2013:16:31:49 -0500] "GET /compliancedivision.html HTTP/1.1" 200 16369 "-" "msnbot/2.0b (+http://search.msn.com/msnbot.htm)"
65.55.213.74 - - [01/Jan/2013:16:31:50 -0500] "GET /meetourteam.html HTTP/1.1" 200 18147 "-" "msnbot/2.0b (+http://search.msn.com/msnbot.htm)"
65.55.213.74 - - [01/Jan/2013:16:31:51 -0500] "GET /sitemap.html HTTP/1.1" 200 15179 "-" "msnbot/2.0b (+http://search.msn.com/msnbot.htm)"
65.55.213.74 - - [01/Jan/2013:16:31:55 -0500] "GET /services.html HTTP/1.1" 200 18752 "-" "msnbot/2.0b (+http://search.msn.com/msnbot.htm)"
65.55.213.74 - - [01/Jan/2013:16:31:56 -0500] "GET /aboutus.html HTTP/1.1" 200 24127 "-" "msnbot/2.0b (+http://search.msn.com/msnbot.htm)"
91.223.75.117 - - [01/Jan/2013:16:32:22 -0500] "GET / HTTP/1.1" 200 16571 "http://esciencenews.roletalk.ru/" "Mozilla/4.0 (compatible; MSIE 6.0; AOL 9.0; Windows NT 5.1)"
91.223.75.117 - - [01/Jan/2013:16:32:22 -0500] "GET / HTTP/1.1" 200 16571 "http://esciencenews.roletalk.ru/" "Mozilla/4.0 (compatible; MSIE 6.0; AOL 9.0; Windows NT 5.1)"
173.199.120.123 - - [01/Jan/2013:16:58:30 -0500] "GET /termsandconditions.html HTTP/1.1" 200 38105 "-" "Mozilla/5.0 (compatible; AhrefsBot/4.0; +http://ahrefs.com/robot/)"
157.55.36.38 - - [01/Jan/2013:17:06:37 -0500] "GET /robots.txt HTTP/1.1" 200 146 "-" "Mozilla/5.0 (compatible; bingbot/2.0; +http://www.bing.com/bingbot.htm)"
157.55.36.38 - - [01/Jan/2013:17:08:28 -0500] "GET /ts.html HTTP/1.1" 404 575 "-" "Mozilla/5.0 (compatible; bingbot/2.0; +http://www.bing.com/bingbot.htm)"
173.199.120.123 - - [01/Jan/2013:17:09:15 -0500] "GET /index.html HTTP/1.1" 200 16571 "-" "Mozilla/5.0 (compatible; AhrefsBot/4.0; +http://ahrefs.com/robot/)"
124.115.6.17 - - [01/Jan/2013:17:16:17 -0500] "GET /robots.txt HTTP/1.1" 200 146 "-" "Mozilla/5.0(compatible; Sosospider/2.0; +http://help.soso.com/webspider.htm)"
173.199.120.123 - - [01/Jan/2013:17:24:38 -0500] "GET /pomanagement.html HTTP/1.1" 200 15611 "-" "Mozilla/5.0 (compatible; AhrefsBot/4.0; +http://ahrefs.com/robot/)"
66.249.76.11 - - [01/Jan/2013:17:26:20 -0500] "GET / HTTP/1.1" 200 16571 "-" "Mozilla/5.0 (compatible; Googlebot/2.1; +http://www.google.com/bot.html)"
131.253.40.46 - - [01/Jan/2013:17:33:32 -0500] "GET /robots.txt HTTP/1.1" 200 146 "-" "msnbot-media/1.1 (+http://search.msn.com/msnbot.htm)"
131.253.40.46 - - [01/Jan/2013:17:33:33 -0500] "GET /LibertyInternationalFinal/globaltransportation.left.jpg HTTP/1.1" 200 127812 "-" "msnbot-media/1.1 (+http://search.msn.com/msnbot.htm)"
213.110.133.221 - - [01/Jan/2013:18:05:19 -0500] "GET / HTTP/1.1" 200 16571 "http://www.bankink.ru/" "Mozilla/4.0 (compatible; Blog Search;)"
213.110.133.221 - - [01/Jan/2013:18:05:20 -0500] "GET / HTTP/1.1" 200 16571 "http://www.bankink.ru/" "Mozilla/4.0 (compatible; Blog Search;)"
208.115.113.91 - - [01/Jan/2013:18:24:22 -0500] "GET /robots.txt HTTP/1.1" 200 146 "-" "Mozilla/5.0 (compatible; Ezooms/1.0; ezooms.bot@gmail.com)"
157.55.32.188 - - [01/Jan/2013:18:28:35 -0500] "GET /robots.txt HTTP/1.1" 200 146 "-" "Mozilla/5.0 (compatible; bingbot/2.0; +http://www.bing.com/bingbot.htm)"
157.55.32.188 - - [01/Jan/2013:18:30:21 -0500] "GET / HTTP/1.1" 200 16571 "-" "Mozilla/5.0 (compatible; bingbot/2.0; +http://www.bing.com/bingbot.htm)"
157.55.32.188 - - [01/Jan/2013:18:30:21 -0500] "GET / HTTP/1.1" 200 16571 "-" "Mozilla/5.0 (compatible; bingbot/2.0; +http://www.bing.com/bingbot.htm)"
208.115.113.91 - - [01/Jan/2013:19:08:00 -0500] "GET /exportdivision.html HTTP/1.1" 200 15673 "-" "Mozilla/5.0 (compatible; Ezooms/1.0; ezooms.bot@gmail.com)"
206.130.125.28 - - [01/Jan/2013:19:09:04 -0500] "GET / HTTP/1.0" 200 16571 "-" "-"
142.0.34.54 - - [01/Jan/2013:19:49:00 -0500] "HEAD / HTTP/1.1" 200 - "-" "Apache-HttpClient/4.2.2 (java 1.5)"
173.199.120.123 - - [01/Jan/2013:19:56:19 -0500] "GET /compliancedivision.html HTTP/1.1" 200 16369 "-" "Mozilla/5.0 (compatible; AhrefsBot/4.0; +http://ahrefs.com/robot/)"
107.20.83.230 - - [01/Jan/2013:19:57:46 -0500] "GET / HTTP/1.1" 200 16571 "-" "Mozilla/5.0 (Windows NT 6.2; rv:9.0.1) Gecko/20100101 Firefox/9.0.1"
173.199.120.123 - - [01/Jan/2013:20:05:51 -0500] "GET /valueaddedservices.html HTTP/1.1" 200 17633 "-" "Mozilla/5.0 (compatible; AhrefsBot/4.0; +http://ahrefs.com/robot/)"
92.249.127.111 - - [01/Jan/2013:20:13:50 -0500] "GET / HTTP/1.1" 200 16571 "http://pankovmedikl.ru/" "Mozilla/5.0 (compatible; news bot /2.1)"
92.249.127.111 - - [01/Jan/2013:20:13:51 -0500] "GET / HTTP/1.1" 200 16571 "http://pankovmedikl.ru/" "Mozilla/5.0 (compatible; news bot /2.1)"
220.181.51.103 - - [01/Jan/2013:20:22:13 -0500] "GET / HTTP/1.1" 200 16571 "http://www.baidu.com/s?ie=utf-8&f=8&rsv_bp=1&rsv_spt=3&wd=liberty%20international%2C%20inc.&inputT=15563" "Mozilla/5.0 (Windows NT 5.1; rv:6.0.2) Gecko/20100101 Firefox/6.0.2"
173.199.119.59 - - [01/Jan/2013:20:29:27 -0500] "GET /LibertyInternationalFinal/Documents/ACE%20Application.pdf HTTP/1.1" 200 504868 "-" "Mozilla/5.0 (compatible; AhrefsBot/4.0; +http://ahrefs.com/robot/)"
220.136.54.50 - - [01/Jan/2013:20:44:30 -0500] "GET / HTTP/1.1" 304 - "-" "Mozilla/4.0 (compatible; MSIE 8.0; Windows NT 5.1; Trident/4.0; .NET CLR 2.0.50727; .NET CLR 3.0.4506.2152; .NET CLR 3.5.30729; yie8)"
220.136.54.50 - - [01/Jan/2013:20:44:31 -0500] "GET /LibertyInternationalFinal/Scripts/swfobject_modified.js HTTP/1.1" 304 - "http://www.libertyint.com/" "Mozilla/4.0 (compatible; MSIE 8.0; Windows NT 5.1; Trident/4.0; .NET CLR 2.0.50727; .NET CLR 3.0.4506.2152; .NET CLR 3.5.30729; yie8)"
220.136.54.50 - - [01/Jan/2013:20:44:31 -0500] "GET /LibertyInternationalFinal/Scripts/swfobject_modified.js HTTP/1.1" 304 - "http://www.libertyint.com/" "Mozilla/4.0 (compatible; MSIE 8.0; Windows NT 5.1; Trident/4.0; .NET CLR 2.0.50727; .NET CLR 3.0.4506.2152; .NET CLR 3.5.30729; yie8)"
220.136.54.50 - - [01/Jan/2013:20:44:31 -0500] "GET /LibertyInternationalFinal/Logo(State%201).png HTTP/1.1" 304 - "http://www.libertyint.com/" "Mozilla/4.0 (compatible; MSIE 8.0; Windows NT 5.1; Trident/4.0; .NET CLR 2.0.50727; .NET CLR 3.0.4506.2152; .NET CLR 3.5.30729; yie8)"
220.136.54.50 - - [01/Jan/2013:20:44:32 -0500] "GET /LibertyInternationalFinal/testBkg.png HTTP/1.1" 304 - "http://www.libertyint.com/" "Mozilla/4.0 (compatible; MSIE 8.0; Windows NT 5.1; Trident/4.0; .NET CLR 2.0.50727; .NET CLR 3.0.4506.2152; .NET CLR 3.5.30729; yie8)"
220.136.54.50 - - [01/Jan/2013:20:44:32 -0500] "GET /LibertyInternationalFinal/libinttext2.png HTTP/1.1" 304 - "http://www.libertyint.com/" "Mozilla/4.0 (compatible; MSIE 8.0; Windows NT 5.1; Trident/4.0; .NET CLR 2.0.50727; .NET CLR 3.0.4506.2152; .NET CLR 3.5.30729; yie8)"
220.136.54.50 - - [01/Jan/2013:20:44:32 -0500] "GET /LibertyInternationalFinalScripts/swfobject_modified.js HTTP/1.1" 404 575 "http://www.libertyint.com/" "Mozilla/4.0 (compatible; MSIE 8.0; Windows NT 5.1; Trident/4.0; .NET CLR 2.0.50727; .NET CLR 3.0.4506.2152; .NET CLR 3.5.30729; yie8)"
220.136.54.50 - - [01/Jan/2013:20:44:32 -0500] "GET /LibertyInternationalFinal/Logo(State%202).png HTTP/1.1" 304 - "http://www.libertyint.com/" "Mozilla/4.0 (compatible; MSIE 8.0; Windows NT 5.1; Trident/4.0; .NET CLR 2.0.50727; .NET CLR 3.0.4506.2152; .NET CLR 3.5.30729; yie8)"
220.136.54.50 - - [01/Jan/2013:20:44:32 -0500] "GET /LibertyInternationalFinal/smalldot.png HTTP/1.1" 304 - "http://www.libertyint.com/" "Mozilla/4.0 (compatible; MSIE 8.0; Windows NT 5.1; Trident/4.0; .NET CLR 2.0.50727; .NET CLR 3.0.4506.2152; .NET CLR 3.5.30729; yie8)"
220.136.54.50 - - [01/Jan/2013:20:44:32 -0500] "GET /LibertyInternationalFinal/libinttext.png HTTP/1.1" 304 - "http://www.libertyint.com/" "Mozilla/4.0 (compatible; MSIE 8.0; Windows NT 5.1; Trident/4.0; .NET CLR 2.0.50727; .NET CLR 3.0.4506.2152; .NET CLR 3.5.30729; yie8)"
220.136.54.50 - - [01/Jan/2013:20:44:32 -0500] "GET /LibertyInternationalFinal/Logo(State%201).png HTTP/1.1" 304 - "http://www.libertyint.com/" "Mozilla/4.0 (compatible; MSIE 8.0; Windows NT 5.1; Trident/4.0; .NET CLR 2.0.50727; .NET CLR 3.0.4506.2152; .NET CLR 3.5.30729; yie8)"
