173.199.115.59 - - [18/Dec/2012:00:05:17 -0500] "GET /globaltransportation.html HTTP/1.1" 200 25756 "-" "Mozilla/5.0 (compatible; AhrefsBot/4.0; +http://ahrefs.com/robot/)"
124.115.0.14 - - [18/Dec/2012:00:09:17 -0500] "GET / HTTP/1.1" 200 16571 "-" "Mozilla/5.0(compatible; Sosospider/2.0; +http://help.soso.com/webspider.htm)"
124.115.0.14 - - [18/Dec/2012:00:09:28 -0500] "GET /LibertyInternationalFinalScripts/swfobject_modified.js HTTP/1.1" 404 575 "http://www.libertyint.com/" "Mozilla/5.0(compatible; Sosospider/2.0; +http://help.soso.com/webspider.htm)"
66.249.76.11 - - [18/Dec/2012:00:24:39 -0500] "GET /testimonials.html HTTP/1.1" 304 - "-" "Mozilla/5.0 (compatible; Googlebot/2.1; +http://www.google.com/bot.html)"
173.199.115.59 - - [18/Dec/2012:00:27:15 -0500] "GET /valueaddedservices.html HTTP/1.1" 200 17633 "-" "Mozilla/5.0 (compatible; AhrefsBot/4.0; +http://ahrefs.com/robot/)"
109.201.247.245 - - [18/Dec/2012:00:57:20 -0500] "GET /%090/ HTTP/1.0" 404 575 "http://www.libertyint.com/%090/" "Mozilla/5.0 (Windows NT 6.1; WOW64; rv:12.0) Gecko/20100101 Firefox/12.0"
109.201.247.245 - - [18/Dec/2012:00:57:20 -0500] "GET / HTTP/1.0" 200 16571 "http://www.libertyint.com/" "Mozilla/5.0 (Windows NT 6.1; WOW64; rv:12.0) Gecko/20100101 Firefox/12.0"
54.241.96.180 - - [18/Dec/2012:00:59:13 -0500] "GET / HTTP/1.1" 200 16571 "-" "Mozilla/5.0 (X11; Linux i686; rv:5.0.1) Gecko/20100101 Firefox/5.0.1"
142.0.34.54 - - [18/Dec/2012:01:02:29 -0500] "HEAD / HTTP/1.1" 200 - "-" "Apache-HttpClient/4.2.2 (java 1.5)"
66.249.76.11 - - [18/Dec/2012:01:21:28 -0500] "GET /LibertyInternationalFinal/Fact%20Sheets/Liberty%20Acronym%20Dictionary.pdf HTTP/1.1" 200 30993 "-" "Mozilla/5.0 (compatible; Googlebot/2.1; +http://www.google.com/bot.html)"
218.30.103.141 - - [18/Dec/2012:01:23:00 -0500] "GET /robots.txt HTTP/1.1" 200 146 "-" "Sogou web spider/4.0"
180.159.179.231 - - [18/Dec/2012:01:23:42 -0500] "GET /LibertyInternationalFinalScripts/swfobject_modified.js HTTP/1.1" 404 575 "http://www.libertyint.com/" "Mozilla/5.0 (Windows NT 5.1; rv:16.0) Gecko/20100101 Firefox/16.0"
180.159.179.231 - - [18/Dec/2012:01:23:43 -0500] "GET /LibertyInternationalFinal/youtube2.png HTTP/1.1" 200 3946 "http://www.libertyint.com/" "Mozilla/5.0 (Windows NT 5.1; rv:16.0) Gecko/20100101 Firefox/16.0"
180.159.179.231 - - [18/Dec/2012:01:23:43 -0500] "GET /LibertyInternationalFinal/Logo(State%202).png HTTP/1.1" 200 24320 "http://www.libertyint.com/" "Mozilla/5.0 (Windows NT 5.1; rv:16.0) Gecko/20100101 Firefox/16.0"
180.159.179.231 - - [18/Dec/2012:01:23:43 -0500] "GET /LibertyInternationalFinal/ContactUs12.png HTTP/1.1" 404 575 "http://www.libertyint.com/" "Mozilla/5.0 (Windows NT 5.1; rv:16.0) Gecko/20100101 Firefox/16.0"
180.159.179.231 - - [18/Dec/2012:01:23:43 -0500] "GET /LibertyInternationalFinal/facebook2.png HTTP/1.1" 200 3714 "http://www.libertyint.com/" "Mozilla/5.0 (Windows NT 5.1; rv:16.0) Gecko/20100101 Firefox/16.0"
180.159.179.231 - - [18/Dec/2012:01:23:43 -0500] "GET /LibertyInternationalFinal/ctpat2.png HTTP/1.1" 200 5631 "http://www.libertyint.com/" "Mozilla/5.0 (Windows NT 5.1; rv:16.0) Gecko/20100101 Firefox/16.0"
180.159.179.231 - - [18/Dec/2012:01:23:43 -0500] "GET /LibertyInternationalFinal/linkedin2.png HTTP/1.1" 200 4106 "http://www.libertyint.com/" "Mozilla/5.0 (Windows NT 5.1; rv:16.0) Gecko/20100101 Firefox/16.0"
173.199.115.59 - - [18/Dec/2012:01:26:33 -0500] "GET /paymentoptions.html HTTP/1.1" 200 14216 "-" "Mozilla/5.0 (compatible; AhrefsBot/4.0; +http://ahrefs.com/robot/)"
180.159.179.231 - - [18/Dec/2012:01:30:33 -0500] "GET / HTTP/1.1" 304 - "-" "Mozilla/5.0 (Windows NT 5.1; rv:16.0) Gecko/20100101 Firefox/16.0"
180.159.179.231 - - [18/Dec/2012:01:30:33 -0500] "GET /LibertyInternationalFinal/Scripts/swfobject_modified.js HTTP/1.1" 304 - "http://www.libertyint.com/" "Mozilla/5.0 (Windows NT 5.1; rv:16.0) Gecko/20100101 Firefox/16.0"
180.159.179.231 - - [18/Dec/2012:01:30:33 -0500] "GET /LibertyInternationalFinalScripts/swfobject_modified.js HTTP/1.1" 404 575 "http://www.libertyint.com/" "Mozilla/5.0 (Windows NT 5.1; rv:16.0) Gecko/20100101 Firefox/16.0"
180.159.179.231 - - [18/Dec/2012:01:30:33 -0500] "GET /LibertyInternationalFinal/staticPicture.jpg HTTP/1.1" 304 - "http://www.libertyint.com/" "Mozilla/5.0 (Windows NT 5.1; rv:16.0) Gecko/20100101 Firefox/16.0"
180.159.179.231 - - [18/Dec/2012:01:30:33 -0500] "GET /LibertyInternationalFinal/Logo(State%201).png HTTP/1.1" 304 - "http://www.libertyint.com/" "Mozilla/5.0 (Windows NT 5.1; rv:16.0) Gecko/20100101 Firefox/16.0"
180.159.179.231 - - [18/Dec/2012:01:30:33 -0500] "GET /LibertyInternationalFinal/libinttext2.png HTTP/1.1" 304 - "http://www.libertyint.com/" "Mozilla/5.0 (Windows NT 5.1; rv:16.0) Gecko/20100101 Firefox/16.0"
180.159.179.231 - - [18/Dec/2012:01:30:33 -0500] "GET /LibertyInternationalFinal/libinttext.png HTTP/1.1" 304 - "http://www.libertyint.com/" "Mozilla/5.0 (Windows NT 5.1; rv:16.0) Gecko/20100101 Firefox/16.0"
180.159.179.231 - - [18/Dec/2012:01:30:33 -0500] "GET /LibertyInternationalFinal/smalldot.png HTTP/1.1" 304 - "http://www.libertyint.com/" "Mozilla/5.0 (Windows NT 5.1; rv:16.0) Gecko/20100101 Firefox/16.0"
180.159.179.231 - - [18/Dec/2012:01:30:34 -0500] "GET /LibertyInternationalFinal/facebook1.png HTTP/1.1" 304 - "http://www.libertyint.com/" "Mozilla/5.0 (Windows NT 5.1; rv:16.0) Gecko/20100101 Firefox/16.0"
180.159.179.231 - - [18/Dec/2012:01:30:34 -0500] "GET /LibertyInternationalFinal/ctpat1.png HTTP/1.1" 304 - "http://www.libertyint.com/" "Mozilla/5.0 (Windows NT 5.1; rv:16.0) Gecko/20100101 Firefox/16.0"
180.159.179.231 - - [18/Dec/2012:01:30:34 -0500] "GET /LibertyInternationalFinal/linkedin1.png HTTP/1.1" 304 - "http://www.libertyint.com/" "Mozilla/5.0 (Windows NT 5.1; rv:16.0) Gecko/20100101 Firefox/16.0"
180.159.179.231 - - [18/Dec/2012:01:30:34 -0500] "GET /LibertyInternationalFinal/youtube1.png HTTP/1.1" 304 - "http://www.libertyint.com/" "Mozilla/5.0 (Windows NT 5.1; rv:16.0) Gecko/20100101 Firefox/16.0"
180.159.179.231 - - [18/Dec/2012:01:30:34 -0500] "GET /LibertyInternationalFinal/background1.png HTTP/1.1" 304 - "http://www.libertyint.com/" "Mozilla/5.0 (Windows NT 5.1; rv:16.0) Gecko/20100101 Firefox/16.0"
180.159.179.231 - - [18/Dec/2012:01:30:34 -0500] "GET /LibertyInternationalFinal/testBkg.png HTTP/1.1" 304 - "http://www.libertyint.com/" "Mozilla/5.0 (Windows NT 5.1; rv:16.0) Gecko/20100101 Firefox/16.0"
180.159.179.231 - - [18/Dec/2012:01:30:34 -0500] "GET /favicon.ico HTTP/1.1" 200 1150 "-" "Mozilla/5.0 (Windows NT 5.1; rv:16.0) Gecko/20100101 Firefox/16.0"
180.159.179.231 - - [18/Dec/2012:01:30:34 -0500] "GET /LibertyInternationalFinal/ctpat2.png HTTP/1.1" 200 5631 "http://www.libertyint.com/" "Mozilla/5.0 (Windows NT 5.1; rv:16.0) Gecko/20100101 Firefox/16.0"
180.159.179.231 - - [18/Dec/2012:01:30:34 -0500] "GET /LibertyInternationalFinal/Logo(State%202).png HTTP/1.1" 206 6896 "http://www.libertyint.com/" "Mozilla/5.0 (Windows NT 5.1; rv:16.0) Gecko/20100101 Firefox/16.0"
180.159.179.231 - - [18/Dec/2012:01:30:34 -0500] "GET /LibertyInternationalFinal/facebook2.png HTTP/1.1" 206 810 "http://www.libertyint.com/" "Mozilla/5.0 (Windows NT 5.1; rv:16.0) Gecko/20100101 Firefox/16.0"
180.159.179.231 - - [18/Dec/2012:01:30:34 -0500] "GET /LibertyInternationalFinal/youtube2.png HTTP/1.1" 206 1042 "http://www.libertyint.com/" "Mozilla/5.0 (Windows NT 5.1; rv:16.0) Gecko/20100101 Firefox/16.0"
180.159.179.231 - - [18/Dec/2012:01:30:34 -0500] "GET /LibertyInternationalFinal/linkedin2.png HTTP/1.1" 206 1202 "http://www.libertyint.com/" "Mozilla/5.0 (Windows NT 5.1; rv:16.0) Gecko/20100101 Firefox/16.0"
180.159.179.231 - - [18/Dec/2012:01:30:35 -0500] "GET /LibertyInternationalFinal/ContactUs12.png HTTP/1.1" 404 575 "http://www.libertyint.com/" "Mozilla/5.0 (Windows NT 5.1; rv:16.0) Gecko/20100101 Firefox/16.0"
218.30.103.141 - - [18/Dec/2012:01:36:02 -0500] "GET /robots.txt HTTP/1.1" 200 146 "-" "Sogou web spider/4.0"
173.199.115.59 - - [18/Dec/2012:01:45:49 -0500] "GET /documents.html HTTP/1.1" 200 15831 "-" "Mozilla/5.0 (compatible; AhrefsBot/4.0; +http://ahrefs.com/robot/)"
36.224.113.21 - - [18/Dec/2012:01:46:10 -0500] "GET / HTTP/1.1" 304 - "-" "Mozilla/4.0 (compatible; MSIE 8.0; Windows NT 5.1; Trident/4.0; .NET CLR 2.0.50727; .NET CLR 3.0.4506.2152; .NET CLR 3.5.30729; yie8)"
36.224.113.21 - - [18/Dec/2012:01:46:10 -0500] "GET /LibertyInternationalFinal/Scripts/swfobject_modified.js HTTP/1.1" 304 - "http://www.libertyint.com/" "Mozilla/4.0 (compatible; MSIE 8.0; Windows NT 5.1; Trident/4.0; .NET CLR 2.0.50727; .NET CLR 3.0.4506.2152; .NET CLR 3.5.30729; yie8)"
36.224.113.21 - - [18/Dec/2012:01:46:10 -0500] "GET /LibertyInternationalFinalScripts/swfobject_modified.js HTTP/1.1" 404 575 "http://www.libertyint.com/" "Mozilla/4.0 (compatible; MSIE 8.0; Windows NT 5.1; Trident/4.0; .NET CLR 2.0.50727; .NET CLR 3.0.4506.2152; .NET CLR 3.5.30729; yie8)"
36.224.113.21 - - [18/Dec/2012:01:46:10 -0500] "GET /LibertyInternationalFinal/testBkg.png HTTP/1.1" 304 - "http://www.libertyint.com/" "Mozilla/4.0 (compatible; MSIE 8.0; Windows NT 5.1; Trident/4.0; .NET CLR 2.0.50727; .NET CLR 3.0.4506.2152; .NET CLR 3.5.30729; yie8)"
36.224.113.21 - - [18/Dec/2012:01:46:10 -0500] "GET /LibertyInternationalFinal/libinttext2.png HTTP/1.1" 304 - "http://www.libertyint.com/" "Mozilla/4.0 (compatible; MSIE 8.0; Windows NT 5.1; Trident/4.0; .NET CLR 2.0.50727; .NET CLR 3.0.4506.2152; .NET CLR 3.5.30729; yie8)"
36.224.113.21 - - [18/Dec/2012:01:46:10 -0500] "GET /LibertyInternationalFinalScripts/swfobject_modified.js HTTP/1.1" 404 575 "http://www.libertyint.com/" "Mozilla/4.0 (compatible; MSIE 8.0; Windows NT 5.1; Trident/4.0; .NET CLR 2.0.50727; .NET CLR 3.0.4506.2152; .NET CLR 3.5.30729; yie8)"
36.224.113.21 - - [18/Dec/2012:01:46:10 -0500] "GET /LibertyInternationalFinal/smalldot.png HTTP/1.1" 304 - "http://www.libertyint.com/" "Mozilla/4.0 (compatible; MSIE 8.0; Windows NT 5.1; Trident/4.0; .NET CLR 2.0.50727; .NET CLR 3.0.4506.2152; .NET CLR 3.5.30729; yie8)"
36.224.113.21 - - [18/Dec/2012:01:46:10 -0500] "GET /LibertyInternationalFinal/libinttext.png HTTP/1.1" 304 - "http://www.libertyint.com/" "Mozilla/4.0 (compatible; MSIE 8.0; Windows NT 5.1; Trident/4.0; .NET CLR 2.0.50727; .NET CLR 3.0.4506.2152; .NET CLR 3.5.30729; yie8)"
36.224.113.21 - - [18/Dec/2012:01:46:10 -0500] "GET /LibertyInternationalFinal/Logo(State%202).png HTTP/1.1" 304 - "http://www.libertyint.com/" "Mozilla/4.0 (compatible; MSIE 8.0; Windows NT 5.1; Trident/4.0; .NET CLR 2.0.50727; .NET CLR 3.0.4506.2152; .NET CLR 3.5.30729; yie8)"
36.224.113.21 - - [18/Dec/2012:01:46:11 -0500] "GET /LibertyInternationalFinal/Logo(State%201).png HTTP/1.1" 304 - "http://www.libertyint.com/" "Mozilla/4.0 (compatible; MSIE 8.0; Windows NT 5.1; Trident/4.0; .NET CLR 2.0.50727; .NET CLR 3.0.4506.2152; .NET CLR 3.5.30729; yie8)"
36.224.113.21 - - [18/Dec/2012:01:46:11 -0500] "GET /LibertyInternationalFinal/facebook1.png HTTP/1.1" 304 - "http://www.libertyint.com/" "Mozilla/4.0 (compatible; MSIE 8.0; Windows NT 5.1; Trident/4.0; .NET CLR 2.0.50727; .NET CLR 3.0.4506.2152; .NET CLR 3.5.30729; yie8)"
36.224.113.21 - - [18/Dec/2012:01:46:11 -0500] "GET /LibertyInternationalFinal/ctpat1.png HTTP/1.1" 304 - "http://www.libertyint.com/" "Mozilla/4.0 (compatible; MSIE 8.0; Windows NT 5.1; Trident/4.0; .NET CLR 2.0.50727; .NET CLR 3.0.4506.2152; .NET CLR 3.5.30729; yie8)"
36.224.113.21 - - [18/Dec/2012:01:46:11 -0500] "GET /LibertyInternationalFinal/linkedin1.png HTTP/1.1" 304 - "http://www.libertyint.com/" "Mozilla/4.0 (compatible; MSIE 8.0; Windows NT 5.1; Trident/4.0; .NET CLR 2.0.50727; .NET CLR 3.0.4506.2152; .NET CLR 3.5.30729; yie8)"
36.224.113.21 - - [18/Dec/2012:01:46:11 -0500] "GET /LibertyInternationalFinal/background1.png HTTP/1.1" 304 - "http://www.libertyint.com/" "Mozilla/4.0 (compatible; MSIE 8.0; Windows NT 5.1; Trident/4.0; .NET CLR 2.0.50727; .NET CLR 3.0.4506.2152; .NET CLR 3.5.30729; yie8)"
36.224.113.21 - - [18/Dec/2012:01:46:11 -0500] "GET /LibertyInternationalFinal/youtube1.png HTTP/1.1" 304 - "http://www.libertyint.com/" "Mozilla/4.0 (compatible; MSIE 8.0; Windows NT 5.1; Trident/4.0; .NET CLR 2.0.50727; .NET CLR 3.0.4506.2152; .NET CLR 3.5.30729; yie8)"
36.224.113.21 - - [18/Dec/2012:01:46:11 -0500] "GET /LibertyInternationalFinal/staticPicture.jpg HTTP/1.1" 206 96576 "http://www.libertyint.com/" "Mozilla/4.0 (compatible; MSIE 8.0; Windows NT 5.1; Trident/4.0; .NET CLR 2.0.50727; .NET CLR 3.0.4506.2152; .NET CLR 3.5.30729; yie8)"
36.224.113.21 - - [18/Dec/2012:01:46:11 -0500] "GET /MainWindow.swf HTTP/1.1" 304 - "http://www.libertyint.com/" "Mozilla/4.0 (compatible; MSIE 8.0; Windows NT 5.1; Trident/4.0; .NET CLR 2.0.50727; .NET CLR 3.0.4506.2152; .NET CLR 3.5.30729; yie8)"
36.224.113.21 - - [18/Dec/2012:01:46:11 -0500] "GET /MenuBarHomepage.swf HTTP/1.1" 304 - "http://www.libertyint.com/" "Mozilla/4.0 (compatible; MSIE 8.0; Windows NT 5.1; Trident/4.0; .NET CLR 2.0.50727; .NET CLR 3.0.4506.2152; .NET CLR 3.5.30729; yie8)"
180.159.179.231 - - [18/Dec/2012:01:48:29 -0500] "GET /LibertyInternationalFinalScripts/swfobject_modified.js HTTP/1.1" 404 575 "http://www.libertyint.com/" "Mozilla/5.0 (Windows NT 5.1; rv:16.0) Gecko/20100101 Firefox/16.0"
180.159.179.231 - - [18/Dec/2012:01:48:30 -0500] "GET /LibertyInternationalFinal/ContactUs12.png HTTP/1.1" 404 575 "http://www.libertyint.com/" "Mozilla/5.0 (Windows NT 5.1; rv:16.0) Gecko/20100101 Firefox/16.0"
180.159.179.231 - - [18/Dec/2012:01:48:30 -0500] "GET /LibertyInternationalFinal/linkedin2.png HTTP/1.1" 200 4106 "http://www.libertyint.com/" "Mozilla/5.0 (Windows NT 5.1; rv:16.0) Gecko/20100101 Firefox/16.0"
180.159.179.231 - - [18/Dec/2012:01:48:30 -0500] "GET /LibertyInternationalFinal/Logo(State%202).png HTTP/1.1" 206 19964 "http://www.libertyint.com/" "Mozilla/5.0 (Windows NT 5.1; rv:16.0) Gecko/20100101 Firefox/16.0"
180.159.179.231 - - [18/Dec/2012:01:48:30 -0500] "GET /LibertyInternationalFinal/ctpat2.png HTTP/1.1" 200 5631 "http://www.libertyint.com/" "Mozilla/5.0 (Windows NT 5.1; rv:16.0) Gecko/20100101 Firefox/16.0"
180.159.179.231 - - [18/Dec/2012:01:48:30 -0500] "GET /LibertyInternationalFinal/facebook2.png HTTP/1.1" 200 3714 "http://www.libertyint.com/" "Mozilla/5.0 (Windows NT 5.1; rv:16.0) Gecko/20100101 Firefox/16.0"
180.159.179.231 - - [18/Dec/2012:01:48:30 -0500] "GET /LibertyInternationalFinal/youtube2.png HTTP/1.1" 206 1042 "http://www.libertyint.com/" "Mozilla/5.0 (Windows NT 5.1; rv:16.0) Gecko/20100101 Firefox/16.0"
193.252.193.32 - - [18/Dec/2012:01:56:54 -0500] "GET / HTTP/1.1" 200 16571 "-" "Mozilla/4.0 (compatible; MSIE 5.0; Windows NT; DigExt; DTS Agent"
36.224.113.21 - - [18/Dec/2012:01:57:00 -0500] "GET / HTTP/1.1" 304 - "-" "Mozilla/4.0 (compatible; MSIE 8.0; Windows NT 5.1; Trident/4.0; .NET CLR 2.0.50727; .NET CLR 3.0.4506.2152; .NET CLR 3.5.30729; BRI/2)"
36.224.113.21 - - [18/Dec/2012:01:57:01 -0500] "GET /LibertyInternationalFinal/Scripts/swfobject_modified.js HTTP/1.1" 304 - "http://www.libertyint.com/" "Mozilla/4.0 (compatible; MSIE 8.0; Windows NT 5.1; Trident/4.0; .NET CLR 2.0.50727; .NET CLR 3.0.4506.2152; .NET CLR 3.5.30729; BRI/2)"
36.224.113.21 - - [18/Dec/2012:01:57:01 -0500] "GET /LibertyInternationalFinal/Scripts/swfobject_modified.js HTTP/1.1" 304 - "http://www.libertyint.com/" "Mozilla/4.0 (compatible; MSIE 8.0; Windows NT 5.1; Trident/4.0; .NET CLR 2.0.50727; .NET CLR 3.0.4506.2152; .NET CLR 3.5.30729; BRI/2)"
36.224.113.21 - - [18/Dec/2012:01:57:01 -0500] "GET /LibertyInternationalFinal/Logo(State%201).png HTTP/1.1" 304 - "http://www.libertyint.com/" "Mozilla/4.0 (compatible; MSIE 8.0; Windows NT 5.1; Trident/4.0; .NET CLR 2.0.50727; .NET CLR 3.0.4506.2152; .NET CLR 3.5.30729; BRI/2)"
36.224.113.21 - - [18/Dec/2012:01:57:01 -0500] "GET /LibertyInternationalFinal/libinttext2.png HTTP/1.1" 304 - "http://www.libertyint.com/" "Mozilla/4.0 (compatible; MSIE 8.0; Windows NT 5.1; Trident/4.0; .NET CLR 2.0.50727; .NET CLR 3.0.4506.2152; .NET CLR 3.5.30729; BRI/2)"
36.224.113.21 - - [18/Dec/2012:01:57:01 -0500] "GET /LibertyInternationalFinal/smalldot.png HTTP/1.1" 304 - "http://www.libertyint.com/" "Mozilla/4.0 (compatible; MSIE 8.0; Windows NT 5.1; Trident/4.0; .NET CLR 2.0.50727; .NET CLR 3.0.4506.2152; .NET CLR 3.5.30729; BRI/2)"
36.224.113.21 - - [18/Dec/2012:01:57:01 -0500] "GET /LibertyInternationalFinalScripts/swfobject_modified.js HTTP/1.1" 404 575 "http://www.libertyint.com/" "Mozilla/4.0 (compatible; MSIE 8.0; Windows NT 5.1; Trident/4.0; .NET CLR 2.0.50727; .NET CLR 3.0.4506.2152; .NET CLR 3.5.30729; BRI/2)"
36.224.113.21 - - [18/Dec/2012:01:57:01 -0500] "GET /LibertyInternationalFinal/libinttext.png HTTP/1.1" 304 - "http://www.libertyint.com/" "Mozilla/4.0 (compatible; MSIE 8.0; Windows NT 5.1; Trident/4.0; .NET CLR 2.0.50727; .NET CLR 3.0.4506.2152; .NET CLR 3.5.30729; BRI/2)"
36.224.113.21 - - [18/Dec/2012:01:57:01 -0500] "GET /LibertyInternationalFinal/testBkg.png HTTP/1.1" 304 - "http://www.libertyint.com/" "Mozilla/4.0 (compatible; MSIE 8.0; Windows NT 5.1; Trident/4.0; .NET CLR 2.0.50727; .NET CLR 3.0.4506.2152; .NET CLR 3.5.30729; BRI/2)"
36.224.113.21 - - [18/Dec/2012:01:57:02 -0500] "GET /LibertyInternationalFinal/facebook1.png HTTP/1.1" 304 - "http://www.libertyint.com/" "Mozilla/4.0 (compatible; MSIE 8.0; Windows NT 5.1; Trident/4.0; .NET CLR 2.0.50727; .NET CLR 3.0.4506.2152; .NET CLR 3.5.30729; BRI/2)"
36.224.113.21 - - [18/Dec/2012:01:57:02 -0500] "GET /LibertyInternationalFinal/ctpat1.png HTTP/1.1" 304 - "http://www.libertyint.com/" "Mozilla/4.0 (compatible; MSIE 8.0; Windows NT 5.1; Trident/4.0; .NET CLR 2.0.50727; .NET CLR 3.0.4506.2152; .NET CLR 3.5.30729; BRI/2)"
36.224.113.21 - - [18/Dec/2012:01:57:02 -0500] "GET /LibertyInternationalFinal/background1.png HTTP/1.1" 304 - "http://www.libertyint.com/" "Mozilla/4.0 (compatible; MSIE 8.0; Windows NT 5.1; Trident/4.0; .NET CLR 2.0.50727; .NET CLR 3.0.4506.2152; .NET CLR 3.5.30729; BRI/2)"
36.224.113.21 - - [18/Dec/2012:01:57:02 -0500] "GET /LibertyInternationalFinal/youtube1.png HTTP/1.1" 304 - "http://www.libertyint.com/" "Mozilla/4.0 (compatible; MSIE 8.0; Windows NT 5.1; Trident/4.0; .NET CLR 2.0.50727; .NET CLR 3.0.4506.2152; .NET CLR 3.5.30729; BRI/2)"
36.224.113.21 - - [18/Dec/2012:01:57:02 -0500] "GET /LibertyInternationalFinal/linkedin1.png HTTP/1.1" 304 - "http://www.libertyint.com/" "Mozilla/4.0 (compatible; MSIE 8.0; Windows NT 5.1; Trident/4.0; .NET CLR 2.0.50727; .NET CLR 3.0.4506.2152; .NET CLR 3.5.30729; BRI/2)"
36.224.113.21 - - [18/Dec/2012:01:57:02 -0500] "GET /LibertyInternationalFinal/staticPicture.jpg HTTP/1.1" 200 98028 "http://www.libertyint.com/" "Mozilla/4.0 (compatible; MSIE 8.0; Windows NT 5.1; Trident/4.0; .NET CLR 2.0.50727; .NET CLR 3.0.4506.2152; .NET CLR 3.5.30729; BRI/2)"
36.224.113.21 - - [18/Dec/2012:01:57:02 -0500] "GET /MenuBarHomepage.swf HTTP/1.1" 304 - "http://www.libertyint.com/" "Mozilla/4.0 (compatible; MSIE 8.0; Windows NT 5.1; Trident/4.0; .NET CLR 2.0.50727; .NET CLR 3.0.4506.2152; .NET CLR 3.5.30729; BRI/2)"
36.224.113.21 - - [18/Dec/2012:01:57:02 -0500] "GET /MainWindow.swf HTTP/1.1" 304 - "http://www.libertyint.com/" "Mozilla/4.0 (compatible; MSIE 8.0; Windows NT 5.1; Trident/4.0; .NET CLR 2.0.50727; .NET CLR 3.0.4506.2152; .NET CLR 3.5.30729; BRI/2)"
178.154.243.86 - - [18/Dec/2012:02:12:46 -0500] "GET /LibertyInternationalFinal/aboutus.subtop.jpg HTTP/1.1" 304 - "-" "Mozilla/5.0 (compatible; YandexImages/3.0; +http://yandex.com/bots)"
66.249.76.11 - - [18/Dec/2012:02:15:20 -0500] "GET /testimonials.html HTTP/1.1" 304 - "-" "Mozilla/5.0 (compatible; Googlebot/2.1; +http://www.google.com/bot.html)"
178.154.200.147 - - [18/Dec/2012:02:53:59 -0500] "GET /robots.txt HTTP/1.1" 200 146 "-" "Mozilla/5.0 (compatible; YandexBot/3.0; +http://yandex.com/bots)"
178.154.200.147 - - [18/Dec/2012:02:54:00 -0500] "GET /robots.txt HTTP/1.1" 200 146 "-" "Mozilla/5.0 (compatible; YandexBot/3.0; +http://yandex.com/bots)"
178.154.200.147 - - [18/Dec/2012:02:54:02 -0500] "GET / HTTP/1.1" 200 16571 "-" "Mozilla/5.0 (compatible; YandexBot/3.0; MirrorDetector; +http://yandex.com/bots)"
178.154.200.147 - - [18/Dec/2012:02:54:02 -0500] "GET / HTTP/1.1" 200 16571 "-" "Mozilla/5.0 (compatible; YandexBot/3.0; MirrorDetector; +http://yandex.com/bots)"
178.154.200.147 - - [18/Dec/2012:02:54:38 -0500] "GET / HTTP/1.1" 200 16571 "-" "Mozilla/5.0 (compatible; YandexBot/3.0; MirrorDetector; +http://yandex.com/bots)"
178.154.200.147 - - [18/Dec/2012:02:54:38 -0500] "GET / HTTP/1.1" 200 16571 "-" "Mozilla/5.0 (compatible; YandexBot/3.0; MirrorDetector; +http://yandex.com/bots)"
180.159.179.231 - - [18/Dec/2012:02:57:10 -0500] "GET /LibertyInternationalFinalScripts/swfobject_modified.js HTTP/1.1" 404 575 "http://www.libertyint.com/" "Mozilla/5.0 (Windows NT 5.1; rv:16.0) Gecko/20100101 Firefox/16.0"
180.159.179.231 - - [18/Dec/2012:02:57:14 -0500] "GET /LibertyInternationalFinal/ContactUs12.png HTTP/1.1" 404 575 "http://www.libertyint.com/" "Mozilla/5.0 (Windows NT 5.1; rv:16.0) Gecko/20100101 Firefox/16.0"
173.199.115.59 - - [18/Dec/2012:02:59:00 -0500] "GET /certifications.html HTTP/1.1" 200 14974 "-" "Mozilla/5.0 (compatible; AhrefsBot/4.0; +http://ahrefs.com/robot/)"
220.246.12.230 - - [18/Dec/2012:03:20:00 -0500] "GET / HTTP/1.1" 200 16571 "-" "Mozilla/5.0 (Windows NT 5.1) AppleWebKit/537.11 (KHTML, like Gecko) Chrome/23.0.1271.97 Safari/537.11"
220.246.12.230 - - [18/Dec/2012:03:20:01 -0500] "GET /LibertyInternationalFinalScripts/swfobject_modified.js HTTP/1.1" 404 575 "http://www.libertyint.com/" "Mozilla/5.0 (Windows NT 5.1) AppleWebKit/537.11 (KHTML, like Gecko) Chrome/23.0.1271.97 Safari/537.11"
220.246.12.230 - - [18/Dec/2012:03:20:01 -0500] "GET /LibertyInternationalFinal/Scripts/swfobject_modified.js HTTP/1.1" 200 21696 "http://www.libertyint.com/" "Mozilla/5.0 (Windows NT 5.1) AppleWebKit/537.11 (KHTML, like Gecko) Chrome/23.0.1271.97 Safari/537.11"
220.246.12.230 - - [18/Dec/2012:03:20:04 -0500] "GET /MenuBarHomepage.swf HTTP/1.1" 200 100816 "http://www.libertyint.com/" "Mozilla/5.0 (Windows NT 5.1) AppleWebKit/537.11 (KHTML, like Gecko) Chrome/23.0.1271.97 Safari/537.11"
220.246.12.230 - - [18/Dec/2012:03:20:04 -0500] "GET /LibertyInternationalFinal/Logo(State%201).png HTTP/1.1" 200 24167 "http://www.libertyint.com/" "Mozilla/5.0 (Windows NT 5.1) AppleWebKit/537.11 (KHTML, like Gecko) Chrome/23.0.1271.97 Safari/537.11"
220.246.12.230 - - [18/Dec/2012:03:20:04 -0500] "GET /LibertyInternationalFinal/libinttext.png HTTP/1.1" 200 3449 "http://www.libertyint.com/" "Mozilla/5.0 (Windows NT 5.1) AppleWebKit/537.11 (KHTML, like Gecko) Chrome/23.0.1271.97 Safari/537.11"
220.246.12.230 - - [18/Dec/2012:03:20:04 -0500] "GET /LibertyInternationalFinal/libinttext2.png HTTP/1.1" 200 3897 "http://www.libertyint.com/" "Mozilla/5.0 (Windows NT 5.1) AppleWebKit/537.11 (KHTML, like Gecko) Chrome/23.0.1271.97 Safari/537.11"
220.246.12.230 - - [18/Dec/2012:03:20:05 -0500] "GET /LibertyInternationalFinal/smalldot.png HTTP/1.1" 200 134 "http://www.libertyint.com/" "Mozilla/5.0 (Windows NT 5.1) AppleWebKit/537.11 (KHTML, like Gecko) Chrome/23.0.1271.97 Safari/537.11"
220.246.12.230 - - [18/Dec/2012:03:20:05 -0500] "GET /LibertyInternationalFinal/staticPicture.jpg HTTP/1.1" 200 98028 "http://www.libertyint.com/" "Mozilla/5.0 (Windows NT 5.1) AppleWebKit/537.11 (KHTML, like Gecko) Chrome/23.0.1271.97 Safari/537.11"
220.246.12.230 - - [18/Dec/2012:03:20:05 -0500] "GET /LibertyInternationalFinal/ctpat1.png HTTP/1.1" 200 5648 "http://www.libertyint.com/" "Mozilla/5.0 (Windows NT 5.1) AppleWebKit/537.11 (KHTML, like Gecko) Chrome/23.0.1271.97 Safari/537.11"
220.246.12.230 - - [18/Dec/2012:03:20:05 -0500] "GET /LibertyInternationalFinal/facebook1.png HTTP/1.1" 200 3514 "http://www.libertyint.com/" "Mozilla/5.0 (Windows NT 5.1) AppleWebKit/537.11 (KHTML, like Gecko) Chrome/23.0.1271.97 Safari/537.11"
220.246.12.230 - - [18/Dec/2012:03:20:06 -0500] "GET /LibertyInternationalFinal/linkedin1.png HTTP/1.1" 200 3975 "http://www.libertyint.com/" "Mozilla/5.0 (Windows NT 5.1) AppleWebKit/537.11 (KHTML, like Gecko) Chrome/23.0.1271.97 Safari/537.11"
220.246.12.230 - - [18/Dec/2012:03:20:04 -0500] "GET /LibertyInternationalFinal/testBkg.png HTTP/1.1" 200 128762 "http://www.libertyint.com/" "Mozilla/5.0 (Windows NT 5.1) AppleWebKit/537.11 (KHTML, like Gecko) Chrome/23.0.1271.97 Safari/537.11"
220.246.12.230 - - [18/Dec/2012:03:20:06 -0500] "GET /LibertyInternationalFinal/youtube1.png HTTP/1.1" 200 3811 "http://www.libertyint.com/" "Mozilla/5.0 (Windows NT 5.1) AppleWebKit/537.11 (KHTML, like Gecko) Chrome/23.0.1271.97 Safari/537.11"
220.246.12.230 - - [18/Dec/2012:03:20:09 -0500] "GET /LibertyInternationalFinal/background1.png HTTP/1.1" 200 4249 "http://www.libertyint.com/" "Mozilla/5.0 (Windows NT 5.1) AppleWebKit/537.11 (KHTML, like Gecko) Chrome/23.0.1271.97 Safari/537.11"
220.246.12.230 - - [18/Dec/2012:03:20:10 -0500] "GET /favicon.ico HTTP/1.1" 200 1150 "-" "Mozilla/5.0 (Windows NT 5.1) AppleWebKit/537.11 (KHTML, like Gecko) Chrome/23.0.1271.97 Safari/537.11"
220.246.12.230 - - [18/Dec/2012:03:20:04 -0500] "GET /MainWindow.swf HTTP/1.1" 200 648573 "http://www.libertyint.com/" "Mozilla/5.0 (Windows NT 5.1) AppleWebKit/537.11 (KHTML, like Gecko) Chrome/23.0.1271.97 Safari/537.11"
27.154.72.230 - - [18/Dec/2012:03:37:05 -0500] "GET / HTTP/1.1" 200 16571 "-" "Mozilla/4.0 (compatible; MSIE 6.0; Windows NT 5.1; SV1)"
27.154.72.230 - - [18/Dec/2012:03:37:06 -0500] "GET /LibertyInternationalFinal/Scripts/swfobject_modified.js HTTP/1.1" 200 21696 "http://www.libertyint.com/" "Mozilla/4.0 (compatible; MSIE 6.0; Windows NT 5.1; SV1)"
27.154.72.230 - - [18/Dec/2012:03:37:07 -0500] "GET /LibertyInternationalFinal/Logo(State%201).png HTTP/1.1" 200 24167 "http://www.libertyint.com/" "Mozilla/4.0 (compatible; MSIE 6.0; Windows NT 5.1; SV1)"
27.154.72.230 - - [18/Dec/2012:03:37:07 -0500] "GET /LibertyInternationalFinal/libinttext.png HTTP/1.1" 200 3449 "http://www.libertyint.com/" "Mozilla/4.0 (compatible; MSIE 6.0; Windows NT 5.1; SV1)"
27.154.72.230 - - [18/Dec/2012:03:37:07 -0500] "GET /LibertyInternationalFinalScripts/swfobject_modified.js HTTP/1.1" 404 575 "http://www.libertyint.com/" "Mozilla/4.0 (compatible; MSIE 6.0; Windows NT 5.1; SV1)"
27.154.72.230 - - [18/Dec/2012:03:37:07 -0500] "GET /LibertyInternationalFinal/libinttext2.png HTTP/1.1" 200 3897 "http://www.libertyint.com/" "Mozilla/4.0 (compatible; MSIE 6.0; Windows NT 5.1; SV1)"
27.154.72.230 - - [18/Dec/2012:03:37:07 -0500] "GET /LibertyInternationalFinal/smalldot.png HTTP/1.1" 200 134 "http://www.libertyint.com/" "Mozilla/4.0 (compatible; MSIE 6.0; Windows NT 5.1; SV1)"
27.154.72.230 - - [18/Dec/2012:03:37:08 -0500] "GET /LibertyInternationalFinal/ctpat1.png HTTP/1.1" 200 5648 "http://www.libertyint.com/" "Mozilla/4.0 (compatible; MSIE 6.0; Windows NT 5.1; SV1)"
27.154.72.230 - - [18/Dec/2012:03:37:08 -0500] "GET /LibertyInternationalFinal/facebook1.png HTTP/1.1" 200 3514 "http://www.libertyint.com/" "Mozilla/4.0 (compatible; MSIE 6.0; Windows NT 5.1; SV1)"
27.154.72.230 - - [18/Dec/2012:03:37:08 -0500] "GET /LibertyInternationalFinal/linkedin1.png HTTP/1.1" 200 3975 "http://www.libertyint.com/" "Mozilla/4.0 (compatible; MSIE 6.0; Windows NT 5.1; SV1)"
27.154.72.230 - - [18/Dec/2012:03:37:08 -0500] "GET /LibertyInternationalFinal/youtube1.png HTTP/1.1" 200 3811 "http://www.libertyint.com/" "Mozilla/4.0 (compatible; MSIE 6.0; Windows NT 5.1; SV1)"
27.154.72.230 - - [18/Dec/2012:03:37:08 -0500] "GET /LibertyInternationalFinal/background1.png HTTP/1.1" 200 4249 "http://www.libertyint.com/" "Mozilla/4.0 (compatible; MSIE 6.0; Windows NT 5.1; SV1)"
27.154.72.230 - - [18/Dec/2012:03:37:08 -0500] "GET /MenuBarHomepage.swf HTTP/1.1" 200 100816 "http://www.libertyint.com/" "Mozilla/4.0 (compatible; MSIE 6.0; Windows NT 5.1; SV1)"
27.154.72.230 - - [18/Dec/2012:03:37:07 -0500] "GET /LibertyInternationalFinal/testBkg.png HTTP/1.1" 200 128762 "http://www.libertyint.com/" "Mozilla/4.0 (compatible; MSIE 6.0; Windows NT 5.1; SV1)"
27.154.72.230 - - [18/Dec/2012:03:37:08 -0500] "GET /MainWindow.swf HTTP/1.1" 200 648573 "http://www.libertyint.com/" "Mozilla/4.0 (compatible; MSIE 6.0; Windows NT 5.1; SV1)"
61.95.196.186 - - [18/Dec/2012:03:48:22 -0500] "GET /Global%20Trade%20Updates/Good%20Liberty%20Logo.JPG HTTP/1.1" 404 575 "-" "Mozilla/4.0 (compatible; MSIE 6.0; Windows NT 5.1; SV1; InfoPath.2; .NET CLR 2.0.50727; .NET CLR 3.0.4506.2152; .NET CLR 3.5.30729; MSOffice 12)"
61.95.196.186 - - [18/Dec/2012:03:48:23 -0500] "GET /Global%20Trade%20Updates/Good%20GTU%20Picture%20Banner.jpg HTTP/1.1" 404 575 "-" "Mozilla/4.0 (compatible; MSIE 6.0; Windows NT 5.1; SV1; InfoPath.2; .NET CLR 2.0.50727; .NET CLR 3.0.4506.2152; .NET CLR 3.5.30729; MSOffice 12)"
180.159.179.231 - - [18/Dec/2012:03:48:27 -0500] "GET /LibertyInternationalFinalScripts/swfobject_modified.js HTTP/1.1" 404 575 "http://www.libertyint.com/" "Mozilla/5.0 (Windows NT 5.1; rv:16.0) Gecko/20100101 Firefox/16.0"
173.199.115.59 - - [18/Dec/2012:03:52:09 -0500] "GET /customsclearance.html HTTP/1.1" 200 17540 "-" "Mozilla/5.0 (compatible; AhrefsBot/4.0; +http://ahrefs.com/robot/)"
184.107.224.210 - - [18/Dec/2012:03:54:56 -0500] "GET / HTTP/1.0" 200 16571 "-" "-"
180.159.179.231 - - [18/Dec/2012:04:05:44 -0500] "GET / HTTP/1.1" 200 16571 "-" "Mozilla/5.0 (Windows NT 5.1; rv:13.0) Gecko/20100101 Firefox/13.0.1"
180.159.179.231 - - [18/Dec/2012:04:05:45 -0500] "GET / HTTP/1.1" 206 13691 "-" "Mozilla/5.0 (Windows NT 5.1; rv:13.0) Gecko/20100101 Firefox/13.0.1"
180.159.179.231 - - [18/Dec/2012:04:05:45 -0500] "GET /favicon.ico HTTP/1.1" 200 1150 "-" "Mozilla/5.0 (Windows NT 5.1; rv:13.0) Gecko/20100101 Firefox/13.0.1"
180.159.179.231 - - [18/Dec/2012:04:05:46 -0500] "GET /LibertyInternationalFinal/Scripts/swfobject_modified.js HTTP/1.1" 200 21696 "http://www.libertyint.com/" "Mozilla/5.0 (Windows NT 5.1; rv:13.0) Gecko/20100101 Firefox/13.0.1"
180.159.179.231 - - [18/Dec/2012:04:05:46 -0500] "GET /LibertyInternationalFinal/Logo(State%201).png HTTP/1.1" 200 24167 "http://www.libertyint.com/" "Mozilla/5.0 (Windows NT 5.1; rv:13.0) Gecko/20100101 Firefox/13.0.1"
180.159.179.231 - - [18/Dec/2012:04:05:46 -0500] "GET /LibertyInternationalFinal/libinttext.png HTTP/1.1" 200 3449 "http://www.libertyint.com/" "Mozilla/5.0 (Windows NT 5.1; rv:13.0) Gecko/20100101 Firefox/13.0.1"
180.159.179.231 - - [18/Dec/2012:04:05:46 -0500] "GET /LibertyInternationalFinal/smalldot.png HTTP/1.1" 200 134 "http://www.libertyint.com/" "Mozilla/5.0 (Windows NT 5.1; rv:13.0) Gecko/20100101 Firefox/13.0.1"
180.159.179.231 - - [18/Dec/2012:04:05:46 -0500] "GET /LibertyInternationalFinal/libinttext2.png HTTP/1.1" 200 3897 "http://www.libertyint.com/" "Mozilla/5.0 (Windows NT 5.1; rv:13.0) Gecko/20100101 Firefox/13.0.1"
180.159.179.231 - - [18/Dec/2012:04:05:46 -0500] "GET /LibertyInternationalFinalScripts/swfobject_modified.js HTTP/1.1" 404 575 "http://www.libertyint.com/" "Mozilla/5.0 (Windows NT 5.1; rv:13.0) Gecko/20100101 Firefox/13.0.1"
180.159.179.231 - - [18/Dec/2012:04:05:46 -0500] "GET /LibertyInternationalFinal/staticPicture.jpg HTTP/1.1" 200 98028 "http://www.libertyint.com/" "Mozilla/5.0 (Windows NT 5.1; rv:13.0) Gecko/20100101 Firefox/13.0.1"
180.159.179.231 - - [18/Dec/2012:04:05:46 -0500] "GET /LibertyInternationalFinal/ctpat1.png HTTP/1.1" 200 5648 "http://www.libertyint.com/" "Mozilla/5.0 (Windows NT 5.1; rv:13.0) Gecko/20100101 Firefox/13.0.1"
180.159.179.231 - - [18/Dec/2012:04:05:46 -0500] "GET /LibertyInternationalFinal/facebook1.png HTTP/1.1" 200 3514 "http://www.libertyint.com/" "Mozilla/5.0 (Windows NT 5.1; rv:13.0) Gecko/20100101 Firefox/13.0.1"
180.159.179.231 - - [18/Dec/2012:04:05:46 -0500] "GET /LibertyInternationalFinal/linkedin1.png HTTP/1.1" 200 3975 "http://www.libertyint.com/" "Mozilla/5.0 (Windows NT 5.1; rv:13.0) Gecko/20100101 Firefox/13.0.1"
180.159.179.231 - - [18/Dec/2012:04:05:46 -0500] "GET /LibertyInternationalFinal/youtube1.png HTTP/1.1" 200 3811 "http://www.libertyint.com/" "Mozilla/5.0 (Windows NT 5.1; rv:13.0) Gecko/20100101 Firefox/13.0.1"
180.159.179.231 - - [18/Dec/2012:04:05:47 -0500] "GET /LibertyInternationalFinal/background1.png HTTP/1.1" 200 4249 "http://www.libertyint.com/" "Mozilla/5.0 (Windows NT 5.1; rv:13.0) Gecko/20100101 Firefox/13.0.1"
180.159.179.231 - - [18/Dec/2012:04:05:47 -0500] "GET /LibertyInternationalFinal/testBkg.png HTTP/1.1" 200 128762 "http://www.libertyint.com/" "Mozilla/5.0 (Windows NT 5.1; rv:13.0) Gecko/20100101 Firefox/13.0.1"
61.95.196.186 - - [18/Dec/2012:04:15:23 -0500] "GET /Global%20Trade%20Updates/Good%20Liberty%20Logo.JPG HTTP/1.1" 404 575 "-" "Mozilla/4.0 (compatible; MSIE 6.0; Windows NT 5.1; SV1; InfoPath.2; .NET CLR 2.0.50727; .NET CLR 3.0.4506.2152; .NET CLR 3.5.30729; MSOffice 12)"
61.95.196.186 - - [18/Dec/2012:04:15:24 -0500] "GET /Global%20Trade%20Updates/Good%20GTU%20Picture%20Banner.jpg HTTP/1.1" 404 575 "-" "Mozilla/4.0 (compatible; MSIE 6.0; Windows NT 5.1; SV1; InfoPath.2; .NET CLR 2.0.50727; .NET CLR 3.0.4506.2152; .NET CLR 3.5.30729; MSOffice 12)"
61.95.196.186 - - [18/Dec/2012:04:17:32 -0500] "GET /Global%20Trade%20Updates/Good%20Liberty%20Logo.JPG HTTP/1.1" 404 575 "-" "Mozilla/4.0 (compatible; MSIE 6.0; Windows NT 5.1; SV1; InfoPath.2; .NET CLR 2.0.50727; .NET CLR 3.0.4506.2152; .NET CLR 3.5.30729; MSOffice 12)"
61.95.196.186 - - [18/Dec/2012:04:17:36 -0500] "GET /Global%20Trade%20Updates/Good%20GTU%20Picture%20Banner.jpg HTTP/1.1" 404 575 "-" "Mozilla/4.0 (compatible; MSIE 6.0; Windows NT 5.1; SV1; InfoPath.2; .NET CLR 2.0.50727; .NET CLR 3.0.4506.2152; .NET CLR 3.5.30729; MSOffice 12)"
180.76.6.35 - - [18/Dec/2012:04:18:46 -0500] "GET /robots.txt HTTP/1.1" 200 146 "-" "Mozilla/5.0 (Windows NT 5.1; rv:6.0.2) Gecko/20100101 Firefox/6.0.2"
173.199.115.59 - - [18/Dec/2012:04:26:43 -0500] "GET /marineinsurance.html HTTP/1.1" 200 16050 "-" "Mozilla/5.0 (compatible; AhrefsBot/4.0; +http://ahrefs.com/robot/)"
173.199.115.59 - - [18/Dec/2012:04:35:17 -0500] "GET /pomanagement.html HTTP/1.1" 200 15611 "-" "Mozilla/5.0 (compatible; AhrefsBot/4.0; +http://ahrefs.com/robot/)"
66.249.76.11 - - [18/Dec/2012:04:37:01 -0500] "GET /termsandconditions.html HTTP/1.1" 200 38105 "-" "Mozilla/5.0 (compatible; Googlebot/2.1; +http://www.google.com/bot.html)"
157.55.32.188 - - [18/Dec/2012:04:37:05 -0500] "GET /robots.txt HTTP/1.1" 200 146 "-" "Mozilla/5.0 (compatible; bingbot/2.0; +http://www.bing.com/bingbot.htm)"
180.159.179.231 - - [18/Dec/2012:04:37:27 -0500] "GET /LibertyInternationalFinalScripts/swfobject_modified.js HTTP/1.1" 404 575 "http://www.libertyint.com/" "Mozilla/5.0 (Windows NT 5.1; rv:13.0) Gecko/20100101 Firefox/13.0.1"
180.159.179.231 - - [18/Dec/2012:04:37:28 -0500] "GET /LibertyInternationalFinal/Logo(State%202).png HTTP/1.1" 200 24320 "http://www.libertyint.com/" "Mozilla/5.0 (Windows NT 5.1; rv:13.0) Gecko/20100101 Firefox/13.0.1"
180.159.179.231 - - [18/Dec/2012:04:37:28 -0500] "GET /LibertyInternationalFinal/youtube2.png HTTP/1.1" 200 3946 "http://www.libertyint.com/" "Mozilla/5.0 (Windows NT 5.1; rv:13.0) Gecko/20100101 Firefox/13.0.1"
180.159.179.231 - - [18/Dec/2012:04:37:28 -0500] "GET /LibertyInternationalFinal/ContactUs12.png HTTP/1.1" 404 575 "http://www.libertyint.com/" "Mozilla/5.0 (Windows NT 5.1; rv:13.0) Gecko/20100101 Firefox/13.0.1"
180.159.179.231 - - [18/Dec/2012:04:37:28 -0500] "GET /LibertyInternationalFinal/ctpat2.png HTTP/1.1" 200 5631 "http://www.libertyint.com/" "Mozilla/5.0 (Windows NT 5.1; rv:13.0) Gecko/20100101 Firefox/13.0.1"
180.159.179.231 - - [18/Dec/2012:04:37:28 -0500] "GET /LibertyInternationalFinal/linkedin2.png HTTP/1.1" 200 4106 "http://www.libertyint.com/" "Mozilla/5.0 (Windows NT 5.1; rv:13.0) Gecko/20100101 Firefox/13.0.1"
180.159.179.231 - - [18/Dec/2012:04:37:28 -0500] "GET /LibertyInternationalFinal/facebook2.png HTTP/1.1" 200 3714 "http://www.libertyint.com/" "Mozilla/5.0 (Windows NT 5.1; rv:13.0) Gecko/20100101 Firefox/13.0.1"
157.55.32.188 - - [18/Dec/2012:04:39:44 -0500] "GET / HTTP/1.1" 200 16571 "-" "Mozilla/5.0 (compatible; bingbot/2.0; +http://www.bing.com/bingbot.htm)"
61.16.173.98 - - [18/Dec/2012:04:40:23 -0500] "GET /Global%20Trade%20Updates/Good%20Liberty%20Logo.JPG HTTP/1.1" 404 575 "-" "Mozilla/4.0 (compatible; MSIE 6.0; Windows NT 5.1; SV1; .NET CLR 2.0.50727; .NET CLR 3.0.04506.30; .NET CLR 3.0.4506.2152; .NET CLR 3.5.30729; InfoPath.3; ms-office; MSOffice 14)"
61.16.173.98 - - [18/Dec/2012:04:40:23 -0500] "GET /Global%20Trade%20Updates/Good%20GTU%20Picture%20Banner.jpg HTTP/1.1" 404 575 "-" "Mozilla/4.0 (compatible; MSIE 6.0; Windows NT 5.1; SV1; .NET CLR 2.0.50727; .NET CLR 3.0.04506.30; .NET CLR 3.0.4506.2152; .NET CLR 3.5.30729; InfoPath.3; ms-office; MSOffice 14)"
61.16.173.98 - - [18/Dec/2012:04:40:24 -0500] "GET /Global%20Trade%20Updates/Good%20Liberty%20Logo.JPG HTTP/1.1" 404 575 "-" "Mozilla/4.0 (compatible; MSIE 6.0; Windows NT 5.1; SV1; .NET CLR 2.0.50727; .NET CLR 3.0.04506.30; .NET CLR 3.0.4506.2152; .NET CLR 3.5.30729; InfoPath.3; ms-office; MSOffice 14)"
61.16.173.98 - - [18/Dec/2012:04:40:24 -0500] "GET /Global%20Trade%20Updates/Good%20GTU%20Picture%20Banner.jpg HTTP/1.1" 404 575 "-" "Mozilla/4.0 (compatible; MSIE 6.0; Windows NT 5.1; SV1; .NET CLR 2.0.50727; .NET CLR 3.0.04506.30; .NET CLR 3.0.4506.2152; .NET CLR 3.5.30729; InfoPath.3; ms-office; MSOffice 14)"
61.16.173.98 - - [18/Dec/2012:04:40:26 -0500] "OPTIONS /Global%20Trade%20Updates/ HTTP/1.1" 200 - "-" "Microsoft Office Protocol Discovery"
61.16.173.98 - - [18/Dec/2012:04:40:26 -0500] "GET /Global%20Trade%20Updates/Good%20Liberty%20Logo.JPG HTTP/1.1" 404 575 "-" "Mozilla/4.0 (compatible; MSIE 6.0; Windows NT 5.1; SV1; .NET CLR 2.0.50727; .NET CLR 3.0.04506.30; .NET CLR 3.0.4506.2152; .NET CLR 3.5.30729; InfoPath.3; ms-office; MSOffice 14)"
61.16.173.98 - - [18/Dec/2012:04:40:27 -0500] "GET /Global%20Trade%20Updates/Good%20GTU%20Picture%20Banner.jpg HTTP/1.1" 404 575 "-" "Mozilla/4.0 (compatible; MSIE 6.0; Windows NT 5.1; SV1; .NET CLR 2.0.50727; .NET CLR 3.0.04506.30; .NET CLR 3.0.4506.2152; .NET CLR 3.5.30729; InfoPath.3; ms-office; MSOffice 14)"
61.16.173.98 - - [18/Dec/2012:04:40:27 -0500] "GET /Global%20Trade%20Updates/Good%20Liberty%20Logo.JPG HTTP/1.1" 404 575 "-" "Mozilla/4.0 (compatible; MSIE 6.0; Windows NT 5.1; SV1; .NET CLR 2.0.50727; .NET CLR 3.0.04506.30; .NET CLR 3.0.4506.2152; .NET CLR 3.5.30729; InfoPath.3; ms-office; MSOffice 14)"
61.16.173.98 - - [18/Dec/2012:04:40:27 -0500] "GET /Global%20Trade%20Updates/Good%20GTU%20Picture%20Banner.jpg HTTP/1.1" 404 575 "-" "Mozilla/4.0 (compatible; MSIE 6.0; Windows NT 5.1; SV1; .NET CLR 2.0.50727; .NET CLR 3.0.04506.30; .NET CLR 3.0.4506.2152; .NET CLR 3.5.30729; InfoPath.3; ms-office; MSOffice 14)"
61.16.173.98 - - [18/Dec/2012:04:40:28 -0500] "GET /Global%20Trade%20Updates/Good%20Liberty%20Logo.JPG HTTP/1.1" 404 575 "-" "Mozilla/4.0 (compatible; MSIE 6.0; Windows NT 5.1; SV1; .NET CLR 2.0.50727; .NET CLR 3.0.04506.30; .NET CLR 3.0.4506.2152; .NET CLR 3.5.30729; InfoPath.3; ms-office; MSOffice 14)"
66.249.76.11 - - [18/Dec/2012:04:51:49 -0500] "GET /LibertyInternationalFinal/termsandconditions.bkg.png HTTP/1.1" 200 4964 "-" "Mozilla/5.0 (compatible; Googlebot/2.1; +http://www.google.com/bot.html)"
173.199.115.59 - - [18/Dec/2012:04:54:20 -0500] "GET /factsheets.html HTTP/1.1" 200 15129 "-" "Mozilla/5.0 (compatible; AhrefsBot/4.0; +http://ahrefs.com/robot/)"
27.55.4.201 - - [18/Dec/2012:04:54:32 -0500] "GET /LibertyInternationalFinal/pomanagement.left.png HTTP/1.1" 200 114632 "http://www.google.co.th/search?hl=en&client=safari&tbo=d&biw=320&bih=416&tbm=isch&oq=purchasing+order+international+&gs_l=mobile-gws-serp.3..41.194979.216499.0.217833.31.31.0.0.0.0.506.4609.0j10j4j3j1j1.19.0.ernk_mobile_unfiltered..0.0...1.1.cWm1H6eqT6c&q=purchasing%20order%20international" "Mozilla/5.0 (iPhone; CPU iPhone OS 5_1_1 like Mac OS X) AppleWebKit/534.46 (KHTML, like Gecko) Version/5.1 Mobile/9B206 Safari/7534.48.3"
66.249.76.11 - - [18/Dec/2012:05:00:33 -0500] "GET /ourservicephilosophy.html HTTP/1.1" 200 16111 "-" "Mozilla/5.0 (compatible; Googlebot/2.1; +http://www.google.com/bot.html)"
100.43.83.152 - - [18/Dec/2012:05:03:51 -0500] "GET /robots.txt HTTP/1.1" 200 146 "-" "Mozilla/5.0 (compatible; YandexBot/3.0; +http://yandex.com/bots)"
66.249.76.11 - - [18/Dec/2012:05:08:52 -0500] "GET /LibertyInternationalFinal/ourservicephilosophy.left.jpg HTTP/1.1" 200 24509 "-" "Mozilla/5.0 (compatible; Googlebot/2.1; +http://www.google.com/bot.html)"
178.154.243.86 - - [18/Dec/2012:05:13:54 -0500] "GET /index_files/image2272.gif HTTP/1.1" 404 575 "-" "Mozilla/5.0 (compatible; YandexImages/3.0; +http://yandex.com/bots)"
180.159.179.231 - - [18/Dec/2012:05:16:22 -0500] "GET /favicon.ico HTTP/1.1" 200 1150 "-" "Mozilla/4.0 (compatible; MSIE 7.0; Windows NT 5.1; Trident/4.0; .NET CLR 2.0.50727; 360space)"
180.159.179.231 - - [18/Dec/2012:05:18:28 -0500] "GET /favicon.ico HTTP/1.1" 200 1150 "-" "Mozilla/4.0 (compatible; MSIE 7.0; Windows NT 5.1; Trident/4.0; .NET CLR 2.0.50727; 360space)"
217.69.134.79 - - [18/Dec/2012:05:27:13 -0500] "GET /robots.txt HTTP/1.0" 200 146 "-" "Mozilla/5.0 (compatible; Mail.RU_Bot/2.0; +http://go.mail.ru/help/robots)"
217.69.134.79 - - [18/Dec/2012:05:27:16 -0500] "GET /robots.txt HTTP/1.0" 200 146 "-" "Mozilla/5.0 (compatible; Mail.RU_Bot/2.0; +http://go.mail.ru/help/robots)"
95.108.150.235 - - [18/Dec/2012:05:30:59 -0500] "GET /robots.txt HTTP/1.1" 200 146 "-" "Mozilla/5.0 (compatible; YandexBot/3.0; +http://yandex.com/bots)"
95.108.150.235 - - [18/Dec/2012:05:31:00 -0500] "GET /robots.txt HTTP/1.1" 200 146 "-" "Mozilla/5.0 (compatible; YandexBot/3.0; +http://yandex.com/bots)"
95.108.150.235 - - [18/Dec/2012:05:31:01 -0500] "GET / HTTP/1.1" 200 16571 "-" "Mozilla/5.0 (compatible; YandexBot/3.0; +http://yandex.com/bots)"
95.108.150.235 - - [18/Dec/2012:05:31:01 -0500] "GET / HTTP/1.1" 200 16571 "-" "Mozilla/5.0 (compatible; YandexBot/3.0; +http://yandex.com/bots)"
95.108.150.235 - - [18/Dec/2012:05:31:04 -0500] "GET / HTTP/1.1" 200 16571 "-" "Mozilla/5.0 (compatible; YandexBot/3.0; +http://yandex.com/bots)"
95.108.150.235 - - [18/Dec/2012:05:31:05 -0500] "GET / HTTP/1.1" 200 16571 "-" "Mozilla/5.0 (compatible; YandexBot/3.0; +http://yandex.com/bots)"
173.199.115.59 - - [18/Dec/2012:05:36:41 -0500] "GET /marineinsurance.html HTTP/1.1" 200 16050 "-" "Mozilla/5.0 (compatible; AhrefsBot/4.0; +http://ahrefs.com/robot/)"
195.43.177.98 - - [18/Dec/2012:05:43:46 -0500] "PROPFIND /Global%20Trade%20Updates/Good%20Liberty%20Logo.JPG HTTP/1.0" 405 268 "-" "-"
195.43.177.98 - - [18/Dec/2012:05:43:46 -0500] "HEAD /Global%20Trade%20Updates/Good%20Liberty%20Logo.JPG HTTP/1.0" 404 - "-" "-"
195.43.177.98 - - [18/Dec/2012:05:43:46 -0500] "HEAD /Global%20Trade%20Updates/Good%20Liberty%20Logo.JPG HTTP/1.0" 404 - "-" "-"
195.43.177.98 - - [18/Dec/2012:05:44:17 -0500] "GET /Global%20Trade%20Updates/Good%20Liberty%20Logo.JPG HTTP/1.0" 404 575 "-" "-"
195.43.177.98 - - [18/Dec/2012:05:44:17 -0500] "GET /Global%20Trade%20Updates/Good%20Liberty%20Logo.JPG HTTP/1.0" 404 575 "-" "-"
2.92.162.75 - - [18/Dec/2012:05:47:30 -0500] "GET /%090/ HTTP/1.0" 404 575 "http://www.libertyint.com/%090/" "Mozilla/5.0 (Windows NT 6.1; WOW64) AppleWebKit/534.57.2 (KHTML, like Gecko) Version/5.1.7 Safari/534.57.2"
2.92.162.75 - - [18/Dec/2012:05:47:31 -0500] "GET / HTTP/1.0" 200 16571 "http://www.libertyint.com/" "Mozilla/5.0 (Windows NT 6.1; WOW64) AppleWebKit/534.57.2 (KHTML, like Gecko) Version/5.1.7 Safari/534.57.2"
142.0.34.54 - - [18/Dec/2012:06:01:01 -0500] "HEAD / HTTP/1.1" 200 - "-" "Apache-HttpClient/4.2.2 (java 1.5)"
1.202.219.6 - - [18/Dec/2012:06:03:46 -0500] "HEAD / HTTP/1.1" 200 - "-" "Mozilla/5.0 (compatible; JikeSpider; +http://shoulu.jike.com/spider.html)"
1.202.219.6 - - [18/Dec/2012:06:03:47 -0500] "GET / HTTP/1.1" 200 16571 "-" "Mozilla/5.0 (compatible; JikeSpider; +http://shoulu.jike.com/spider.html)"
217.69.134.79 - - [18/Dec/2012:06:03:50 -0500] "GET /sitemap.xml HTTP/1.0" 200 7373 "-" "Mozilla/5.0 (compatible; Mail.RU_Bot/2.0; +http://go.mail.ru/help/robots)"
100.40.60.18 - - [18/Dec/2012:06:21:23 -0500] "GET / HTTP/1.1" 304 - "-" "Mozilla/5.0 (compatible; MSIE 9.0; Windows NT 6.1; Trident/5.0)"
100.40.60.18 - - [18/Dec/2012:06:21:23 -0500] "GET /LibertyInternationalFinal/Scripts/swfobject_modified.js HTTP/1.1" 304 - "http://www.libertyint.com/" "Mozilla/5.0 (compatible; MSIE 9.0; Windows NT 6.1; Trident/5.0)"
100.40.60.18 - - [18/Dec/2012:06:21:23 -0500] "GET /LibertyInternationalFinal/Logo(State%201).png HTTP/1.1" 304 - "http://www.libertyint.com/" "Mozilla/5.0 (compatible; MSIE 9.0; Windows NT 6.1; Trident/5.0)"
100.40.60.18 - - [18/Dec/2012:06:21:23 -0500] "GET /LibertyInternationalFinal/libinttext.png HTTP/1.1" 304 - "http://www.libertyint.com/" "Mozilla/5.0 (compatible; MSIE 9.0; Windows NT 6.1; Trident/5.0)"
100.40.60.18 - - [18/Dec/2012:06:21:23 -0500] "GET /LibertyInternationalFinal/libinttext2.png HTTP/1.1" 304 - "http://www.libertyint.com/" "Mozilla/5.0 (compatible; MSIE 9.0; Windows NT 6.1; Trident/5.0)"
100.40.60.18 - - [18/Dec/2012:06:21:23 -0500] "GET /LibertyInternationalFinalScripts/swfobject_modified.js HTTP/1.1" 404 575 "http://www.libertyint.com/" "Mozilla/5.0 (compatible; MSIE 9.0; Windows NT 6.1; Trident/5.0)"
100.40.60.18 - - [18/Dec/2012:06:21:23 -0500] "GET /LibertyInternationalFinal/smalldot.png HTTP/1.1" 304 - "http://www.libertyint.com/" "Mozilla/5.0 (compatible; MSIE 9.0; Windows NT 6.1; Trident/5.0)"
100.40.60.18 - - [18/Dec/2012:06:21:23 -0500] "GET /LibertyInternationalFinal/ctpat1.png HTTP/1.1" 304 - "http://www.libertyint.com/" "Mozilla/5.0 (compatible; MSIE 9.0; Windows NT 6.1; Trident/5.0)"
100.40.60.18 - - [18/Dec/2012:06:21:23 -0500] "GET /LibertyInternationalFinal/facebook1.png HTTP/1.1" 304 - "http://www.libertyint.com/" "Mozilla/5.0 (compatible; MSIE 9.0; Windows NT 6.1; Trident/5.0)"
100.40.60.18 - - [18/Dec/2012:06:21:23 -0500] "GET /LibertyInternationalFinal/linkedin1.png HTTP/1.1" 304 - "http://www.libertyint.com/" "Mozilla/5.0 (compatible; MSIE 9.0; Windows NT 6.1; Trident/5.0)"
100.40.60.18 - - [18/Dec/2012:06:21:23 -0500] "GET /LibertyInternationalFinal/background1.png HTTP/1.1" 304 - "http://www.libertyint.com/" "Mozilla/5.0 (compatible; MSIE 9.0; Windows NT 6.1; Trident/5.0)"
100.40.60.18 - - [18/Dec/2012:06:21:23 -0500] "GET /LibertyInternationalFinal/youtube1.png HTTP/1.1" 304 - "http://www.libertyint.com/" "Mozilla/5.0 (compatible; MSIE 9.0; Windows NT 6.1; Trident/5.0)"
100.40.60.18 - - [18/Dec/2012:06:21:24 -0500] "GET /LibertyInternationalFinal/testBkg.png HTTP/1.1" 304 - "http://www.libertyint.com/" "Mozilla/5.0 (compatible; MSIE 9.0; Windows NT 6.1; Trident/5.0)"
100.40.60.18 - - [18/Dec/2012:06:21:24 -0500] "GET /MenuBarHomepage.swf HTTP/1.1" 304 - "http://www.libertyint.com/" "Mozilla/5.0 (compatible; MSIE 9.0; Windows NT 6.1; Trident/5.0)"
100.40.60.18 - - [18/Dec/2012:06:21:24 -0500] "GET /MainWindow.swf HTTP/1.1" 304 - "http://www.libertyint.com/" "Mozilla/5.0 (compatible; MSIE 9.0; Windows NT 6.1; Trident/5.0)"
100.40.60.18 - - [18/Dec/2012:06:21:26 -0500] "GET /LibertyInternationalFinal/Logo(State%202).png HTTP/1.1" 304 - "http://www.libertyint.com/" "Mozilla/5.0 (compatible; MSIE 9.0; Windows NT 6.1; Trident/5.0)"
100.40.60.18 - - [18/Dec/2012:06:21:26 -0500] "GET /LibertyInternationalFinal/ctpat2.png HTTP/1.1" 304 - "http://www.libertyint.com/" "Mozilla/5.0 (compatible; MSIE 9.0; Windows NT 6.1; Trident/5.0)"
100.40.60.18 - - [18/Dec/2012:06:21:26 -0500] "GET /LibertyInternationalFinal/facebook2.png HTTP/1.1" 304 - "http://www.libertyint.com/" "Mozilla/5.0 (compatible; MSIE 9.0; Windows NT 6.1; Trident/5.0)"
100.40.60.18 - - [18/Dec/2012:06:21:26 -0500] "GET /LibertyInternationalFinal/linkedin2.png HTTP/1.1" 304 - "http://www.libertyint.com/" "Mozilla/5.0 (compatible; MSIE 9.0; Windows NT 6.1; Trident/5.0)"
100.40.60.18 - - [18/Dec/2012:06:21:26 -0500] "GET /LibertyInternationalFinal/youtube2.png HTTP/1.1" 304 - "http://www.libertyint.com/" "Mozilla/5.0 (compatible; MSIE 9.0; Windows NT 6.1; Trident/5.0)"
100.40.60.18 - - [18/Dec/2012:06:21:26 -0500] "GET /LibertyInternationalFinal/ContactUs12.png HTTP/1.1" 404 575 "http://www.libertyint.com/" "Mozilla/5.0 (compatible; MSIE 9.0; Windows NT 6.1; Trident/5.0)"
82.201.176.145 - - [18/Dec/2012:06:37:13 -0500] "GET /LibertyInternationalFinal/Fact%20Sheets/CIQ%20Presentation.pdf HTTP/1.1" 206 125312 "http://www.google.com.eg/#q=CIQ+certificate+mean&hl=ar&tbo=d&ei=y1TQUKzwOsH80QXg1oH4Cw&start=10&sa=N&bav=on.2,or.r_gc.r_pw.&bvm=bv.1355534169,d.d2k&fp=a54be0bd9e310b7a&bpcl=40096503&biw=1366&bih=599" "Mozilla/5.0 (compatible; MSIE 9.0; Windows NT 6.1; WOW64; Trident/5.0; SLCC2; .NET CLR 2.0.50727; .NET CLR 3.5.30729; .NET CLR 3.0.30729; Media Center PC 6.0; InfoPath.2; .NET4.0C)"
82.201.176.145 - - [18/Dec/2012:06:36:45 -0500] "GET /LibertyInternationalFinal/Fact%20Sheets/CIQ%20Presentation.pdf HTTP/1.1" 206 301723 "http://www.google.com.eg/#q=CIQ+certificate+mean&hl=ar&tbo=d&ei=y1TQUKzwOsH80QXg1oH4Cw&start=10&sa=N&bav=on.2,or.r_gc.r_pw.&bvm=bv.1355534169,d.d2k&fp=a54be0bd9e310b7a&bpcl=40096503&biw=1366&bih=599" "Mozilla/5.0 (compatible; MSIE 9.0; Windows NT 6.1; WOW64; Trident/5.0; SLCC2; .NET CLR 2.0.50727; .NET CLR 3.5.30729; .NET CLR 3.0.30729; Media Center PC 6.0; InfoPath.2; .NET4.0C)"
82.201.176.145 - - [18/Dec/2012:06:38:03 -0500] "GET /LibertyInternationalFinal/Fact%20Sheets/CIQ%20Presentation.pdf HTTP/1.1" 206 45930 "http://www.google.com.eg/#q=CIQ+certificate+mean&hl=ar&tbo=d&ei=y1TQUKzwOsH80QXg1oH4Cw&start=10&sa=N&bav=on.2,or.r_gc.r_pw.&bvm=bv.1355534169,d.d2k&fp=a54be0bd9e310b7a&bpcl=40096503&biw=1366&bih=599" "Mozilla/5.0 (compatible; MSIE 9.0; Windows NT 6.1; WOW64; Trident/5.0; SLCC2; .NET CLR 2.0.50727; .NET CLR 3.5.30729; .NET CLR 3.0.30729; Media Center PC 6.0; InfoPath.2; .NET4.0C)"
