100.43.83.152 - - [19/Dec/2012:00:22:10 -0500] "GET /companynews.html HTTP/1.1" 200 23107 "-" "Mozilla/5.0 (compatible; YandexBot/3.0; +http://yandex.com/bots)"
208.115.111.75 - - [19/Dec/2012:00:25:37 -0500] "GET /robots.txt HTTP/1.1" 200 146 "-" "Mozilla/5.0 (compatible; Ezooms/1.0; ezooms.bot@gmail.com)"
173.199.115.11 - - [19/Dec/2012:00:25:55 -0500] "GET /LibertyInternationalFinal/Documents/Shippers%20Letter%20of%20Instruction.pdf HTTP/1.1" 200 69948 "-" "Mozilla/5.0 (compatible; AhrefsBot/4.0; +http://ahrefs.com/robot/)"
36.224.113.21 - - [19/Dec/2012:00:31:24 -0500] "GET / HTTP/1.1" 304 - "-" "Mozilla/4.0 (compatible; MSIE 8.0; Windows NT 5.1; Trident/4.0; .NET CLR 2.0.50727; .NET CLR 3.0.4506.2152; .NET CLR 3.5.30729; yie8)"
36.224.113.21 - - [19/Dec/2012:00:31:25 -0500] "GET /LibertyInternationalFinalScripts/swfobject_modified.js HTTP/1.1" 404 575 "http://www.libertyint.com/" "Mozilla/4.0 (compatible; MSIE 8.0; Windows NT 5.1; Trident/4.0; .NET CLR 2.0.50727; .NET CLR 3.0.4506.2152; .NET CLR 3.5.30729; yie8)"
36.224.113.21 - - [19/Dec/2012:00:31:25 -0500] "GET /LibertyInternationalFinal/Scripts/swfobject_modified.js HTTP/1.1" 304 - "http://www.libertyint.com/" "Mozilla/4.0 (compatible; MSIE 8.0; Windows NT 5.1; Trident/4.0; .NET CLR 2.0.50727; .NET CLR 3.0.4506.2152; .NET CLR 3.5.30729; yie8)"
36.224.113.21 - - [19/Dec/2012:00:31:25 -0500] "GET /LibertyInternationalFinal/Scripts/swfobject_modified.js HTTP/1.1" 304 - "http://www.libertyint.com/" "Mozilla/4.0 (compatible; MSIE 8.0; Windows NT 5.1; Trident/4.0; .NET CLR 2.0.50727; .NET CLR 3.0.4506.2152; .NET CLR 3.5.30729; yie8)"
36.224.113.21 - - [19/Dec/2012:00:31:25 -0500] "GET /LibertyInternationalFinal/Logo(State%201).png HTTP/1.1" 304 - "http://www.libertyint.com/" "Mozilla/4.0 (compatible; MSIE 8.0; Windows NT 5.1; Trident/4.0; .NET CLR 2.0.50727; .NET CLR 3.0.4506.2152; .NET CLR 3.5.30729; yie8)"
36.224.113.21 - - [19/Dec/2012:00:31:26 -0500] "GET /LibertyInternationalFinalScripts/swfobject_modified.js HTTP/1.1" 404 575 "http://www.libertyint.com/" "Mozilla/4.0 (compatible; MSIE 8.0; Windows NT 5.1; Trident/4.0; .NET CLR 2.0.50727; .NET CLR 3.0.4506.2152; .NET CLR 3.5.30729; yie8)"
36.224.113.21 - - [19/Dec/2012:00:31:26 -0500] "GET /LibertyInternationalFinal/smalldot.png HTTP/1.1" 304 - "http://www.libertyint.com/" "Mozilla/4.0 (compatible; MSIE 8.0; Windows NT 5.1; Trident/4.0; .NET CLR 2.0.50727; .NET CLR 3.0.4506.2152; .NET CLR 3.5.30729; yie8)"
36.224.113.21 - - [19/Dec/2012:00:31:26 -0500] "GET /LibertyInternationalFinal/testBkg.png HTTP/1.1" 304 - "http://www.libertyint.com/" "Mozilla/4.0 (compatible; MSIE 8.0; Windows NT 5.1; Trident/4.0; .NET CLR 2.0.50727; .NET CLR 3.0.4506.2152; .NET CLR 3.5.30729; yie8)"
36.224.113.21 - - [19/Dec/2012:00:31:26 -0500] "GET /LibertyInternationalFinal/libinttext.png HTTP/1.1" 304 - "http://www.libertyint.com/" "Mozilla/4.0 (compatible; MSIE 8.0; Windows NT 5.1; Trident/4.0; .NET CLR 2.0.50727; .NET CLR 3.0.4506.2152; .NET CLR 3.5.30729; yie8)"
36.224.113.21 - - [19/Dec/2012:00:31:26 -0500] "GET /LibertyInternationalFinal/libinttext2.png HTTP/1.1" 304 - "http://www.libertyint.com/" "Mozilla/4.0 (compatible; MSIE 8.0; Windows NT 5.1; Trident/4.0; .NET CLR 2.0.50727; .NET CLR 3.0.4506.2152; .NET CLR 3.5.30729; yie8)"
36.224.113.21 - - [19/Dec/2012:00:31:26 -0500] "GET /LibertyInternationalFinal/ctpat1.png HTTP/1.1" 304 - "http://www.libertyint.com/" "Mozilla/4.0 (compatible; MSIE 8.0; Windows NT 5.1; Trident/4.0; .NET CLR 2.0.50727; .NET CLR 3.0.4506.2152; .NET CLR 3.5.30729; yie8)"
36.224.113.21 - - [19/Dec/2012:00:31:26 -0500] "GET /LibertyInternationalFinal/linkedin1.png HTTP/1.1" 304 - "http://www.libertyint.com/" "Mozilla/4.0 (compatible; MSIE 8.0; Windows NT 5.1; Trident/4.0; .NET CLR 2.0.50727; .NET CLR 3.0.4506.2152; .NET CLR 3.5.30729; yie8)"
36.224.113.21 - - [19/Dec/2012:00:31:26 -0500] "GET /LibertyInternationalFinal/facebook1.png HTTP/1.1" 304 - "http://www.libertyint.com/" "Mozilla/4.0 (compatible; MSIE 8.0; Windows NT 5.1; Trident/4.0; .NET CLR 2.0.50727; .NET CLR 3.0.4506.2152; .NET CLR 3.5.30729; yie8)"
36.224.113.21 - - [19/Dec/2012:00:31:26 -0500] "GET /LibertyInternationalFinal/youtube1.png HTTP/1.1" 304 - "http://www.libertyint.com/" "Mozilla/4.0 (compatible; MSIE 8.0; Windows NT 5.1; Trident/4.0; .NET CLR 2.0.50727; .NET CLR 3.0.4506.2152; .NET CLR 3.5.30729; yie8)"
36.224.113.21 - - [19/Dec/2012:00:31:26 -0500] "GET /LibertyInternationalFinal/staticPicture.jpg HTTP/1.1" 206 96576 "http://www.libertyint.com/" "Mozilla/4.0 (compatible; MSIE 8.0; Windows NT 5.1; Trident/4.0; .NET CLR 2.0.50727; .NET CLR 3.0.4506.2152; .NET CLR 3.5.30729; yie8)"
36.224.113.21 - - [19/Dec/2012:00:31:27 -0500] "GET /MainWindow.swf HTTP/1.1" 304 - "http://www.libertyint.com/" "Mozilla/4.0 (compatible; MSIE 8.0; Windows NT 5.1; Trident/4.0; .NET CLR 2.0.50727; .NET CLR 3.0.4506.2152; .NET CLR 3.5.30729; yie8)"
36.224.113.21 - - [19/Dec/2012:00:31:27 -0500] "GET /LibertyInternationalFinal/background1.png HTTP/1.1" 304 - "http://www.libertyint.com/" "Mozilla/4.0 (compatible; MSIE 8.0; Windows NT 5.1; Trident/4.0; .NET CLR 2.0.50727; .NET CLR 3.0.4506.2152; .NET CLR 3.5.30729; yie8)"
36.224.113.21 - - [19/Dec/2012:00:31:27 -0500] "GET /MenuBarHomepage.swf HTTP/1.1" 304 - "http://www.libertyint.com/" "Mozilla/4.0 (compatible; MSIE 8.0; Windows NT 5.1; Trident/4.0; .NET CLR 2.0.50727; .NET CLR 3.0.4506.2152; .NET CLR 3.5.30729; yie8)"
36.224.113.21 - - [19/Dec/2012:00:31:29 -0500] "GET /LibertyInternationalFinal/ctpat2.png HTTP/1.1" 304 - "http://www.libertyint.com/" "Mozilla/4.0 (compatible; MSIE 8.0; Windows NT 5.1; Trident/4.0; .NET CLR 2.0.50727; .NET CLR 3.0.4506.2152; .NET CLR 3.5.30729; yie8)"
36.224.113.21 - - [19/Dec/2012:00:31:29 -0500] "GET /LibertyInternationalFinal/linkedin2.png HTTP/1.1" 304 - "http://www.libertyint.com/" "Mozilla/4.0 (compatible; MSIE 8.0; Windows NT 5.1; Trident/4.0; .NET CLR 2.0.50727; .NET CLR 3.0.4506.2152; .NET CLR 3.5.30729; yie8)"
36.224.113.21 - - [19/Dec/2012:00:31:29 -0500] "GET /LibertyInternationalFinal/Logo(State%202).png HTTP/1.1" 304 - "http://www.libertyint.com/" "Mozilla/4.0 (compatible; MSIE 8.0; Windows NT 5.1; Trident/4.0; .NET CLR 2.0.50727; .NET CLR 3.0.4506.2152; .NET CLR 3.5.30729; yie8)"
36.224.113.21 - - [19/Dec/2012:00:31:29 -0500] "GET /LibertyInternationalFinal/facebook2.png HTTP/1.1" 304 - "http://www.libertyint.com/" "Mozilla/4.0 (compatible; MSIE 8.0; Windows NT 5.1; Trident/4.0; .NET CLR 2.0.50727; .NET CLR 3.0.4506.2152; .NET CLR 3.5.30729; yie8)"
36.224.113.21 - - [19/Dec/2012:00:31:29 -0500] "GET /LibertyInternationalFinal/ContactUs12.png HTTP/1.1" 404 575 "http://www.libertyint.com/" "Mozilla/4.0 (compatible; MSIE 8.0; Windows NT 5.1; Trident/4.0; .NET CLR 2.0.50727; .NET CLR 3.0.4506.2152; .NET CLR 3.5.30729; yie8)"
36.224.113.21 - - [19/Dec/2012:00:31:29 -0500] "GET /LibertyInternationalFinal/youtube2.png HTTP/1.1" 304 - "http://www.libertyint.com/" "Mozilla/4.0 (compatible; MSIE 8.0; Windows NT 5.1; Trident/4.0; .NET CLR 2.0.50727; .NET CLR 3.0.4506.2152; .NET CLR 3.5.30729; yie8)"
36.224.113.21 - - [19/Dec/2012:00:31:38 -0500] "GET /LibertyInternationalFinalScripts/swfobject_modified.js HTTP/1.1" 404 575 "http://www.libertyint.com/" "Mozilla/4.0 (compatible; MSIE 8.0; Windows NT 5.1; Trident/4.0; .NET CLR 2.0.50727; .NET CLR 3.0.4506.2152; .NET CLR 3.5.30729; yie8)"
36.224.113.21 - - [19/Dec/2012:00:31:39 -0500] "GET /LibertyInternationalFinalScripts/swfobject_modified.js HTTP/1.1" 404 575 "http://www.libertyint.com/" "Mozilla/4.0 (compatible; MSIE 8.0; Windows NT 5.1; Trident/4.0; .NET CLR 2.0.50727; .NET CLR 3.0.4506.2152; .NET CLR 3.5.30729; yie8)"
36.224.113.21 - - [19/Dec/2012:00:31:39 -0500] "GET /LibertyInternationalFinal/staticPicture.jpg HTTP/1.1" 206 96576 "http://www.libertyint.com/" "Mozilla/4.0 (compatible; MSIE 8.0; Windows NT 5.1; Trident/4.0; .NET CLR 2.0.50727; .NET CLR 3.0.4506.2152; .NET CLR 3.5.30729; yie8)"
36.224.113.21 - - [19/Dec/2012:00:31:40 -0500] "GET /LibertyInternationalFinal/ctpat2.png HTTP/1.1" 304 - "http://www.libertyint.com/" "Mozilla/4.0 (compatible; MSIE 8.0; Windows NT 5.1; Trident/4.0; .NET CLR 2.0.50727; .NET CLR 3.0.4506.2152; .NET CLR 3.5.30729; yie8)"
36.224.113.21 - - [19/Dec/2012:00:31:40 -0500] "GET /LibertyInternationalFinal/Logo(State%202).png HTTP/1.1" 304 - "http://www.libertyint.com/" "Mozilla/4.0 (compatible; MSIE 8.0; Windows NT 5.1; Trident/4.0; .NET CLR 2.0.50727; .NET CLR 3.0.4506.2152; .NET CLR 3.5.30729; yie8)"
36.224.113.21 - - [19/Dec/2012:00:31:40 -0500] "GET /LibertyInternationalFinal/facebook2.png HTTP/1.1" 304 - "http://www.libertyint.com/" "Mozilla/4.0 (compatible; MSIE 8.0; Windows NT 5.1; Trident/4.0; .NET CLR 2.0.50727; .NET CLR 3.0.4506.2152; .NET CLR 3.5.30729; yie8)"
36.224.113.21 - - [19/Dec/2012:00:31:40 -0500] "GET /LibertyInternationalFinal/linkedin2.png HTTP/1.1" 304 - "http://www.libertyint.com/" "Mozilla/4.0 (compatible; MSIE 8.0; Windows NT 5.1; Trident/4.0; .NET CLR 2.0.50727; .NET CLR 3.0.4506.2152; .NET CLR 3.5.30729; yie8)"
36.224.113.21 - - [19/Dec/2012:00:31:41 -0500] "GET /LibertyInternationalFinal/youtube2.png HTTP/1.1" 304 - "http://www.libertyint.com/" "Mozilla/4.0 (compatible; MSIE 8.0; Windows NT 5.1; Trident/4.0; .NET CLR 2.0.50727; .NET CLR 3.0.4506.2152; .NET CLR 3.5.30729; yie8)"
36.224.113.21 - - [19/Dec/2012:00:31:41 -0500] "GET /LibertyInternationalFinal/ContactUs12.png HTTP/1.1" 404 575 "http://www.libertyint.com/" "Mozilla/4.0 (compatible; MSIE 8.0; Windows NT 5.1; Trident/4.0; .NET CLR 2.0.50727; .NET CLR 3.0.4506.2152; .NET CLR 3.5.30729; yie8)"
36.224.113.21 - - [19/Dec/2012:00:33:59 -0500] "GET / HTTP/1.1" 304 - "-" "Mozilla/5.0 (Windows NT 5.1; rv:12.0) Gecko/20100101 Firefox/12.0"
36.224.113.21 - - [19/Dec/2012:00:34:00 -0500] "GET /LibertyInternationalFinal/Scripts/swfobject_modified.js HTTP/1.1" 304 - "http://www.libertyint.com/" "Mozilla/5.0 (Windows NT 5.1; rv:12.0) Gecko/20100101 Firefox/12.0"
36.224.113.21 - - [19/Dec/2012:00:34:00 -0500] "GET /LibertyInternationalFinal/Logo(State%201).png HTTP/1.1" 304 - "http://www.libertyint.com/" "Mozilla/5.0 (Windows NT 5.1; rv:12.0) Gecko/20100101 Firefox/12.0"
36.224.113.21 - - [19/Dec/2012:00:34:00 -0500] "GET /LibertyInternationalFinal/libinttext2.png HTTP/1.1" 304 - "http://www.libertyint.com/" "Mozilla/5.0 (Windows NT 5.1; rv:12.0) Gecko/20100101 Firefox/12.0"
36.224.113.21 - - [19/Dec/2012:00:34:00 -0500] "GET /LibertyInternationalFinal/smalldot.png HTTP/1.1" 304 - "http://www.libertyint.com/" "Mozilla/5.0 (Windows NT 5.1; rv:12.0) Gecko/20100101 Firefox/12.0"
36.224.113.21 - - [19/Dec/2012:00:34:00 -0500] "GET /LibertyInternationalFinalScripts/swfobject_modified.js HTTP/1.1" 404 575 "http://www.libertyint.com/" "Mozilla/5.0 (Windows NT 5.1; rv:12.0) Gecko/20100101 Firefox/12.0"
36.224.113.21 - - [19/Dec/2012:00:34:00 -0500] "GET /LibertyInternationalFinal/libinttext.png HTTP/1.1" 304 - "http://www.libertyint.com/" "Mozilla/5.0 (Windows NT 5.1; rv:12.0) Gecko/20100101 Firefox/12.0"
36.224.113.21 - - [19/Dec/2012:00:34:00 -0500] "GET /LibertyInternationalFinal/staticPicture.jpg HTTP/1.1" 304 - "http://www.libertyint.com/" "Mozilla/5.0 (Windows NT 5.1; rv:12.0) Gecko/20100101 Firefox/12.0"
36.224.113.21 - - [19/Dec/2012:00:34:00 -0500] "GET /LibertyInternationalFinal/ctpat1.png HTTP/1.1" 304 - "http://www.libertyint.com/" "Mozilla/5.0 (Windows NT 5.1; rv:12.0) Gecko/20100101 Firefox/12.0"
36.224.113.21 - - [19/Dec/2012:00:34:00 -0500] "GET /LibertyInternationalFinal/facebook1.png HTTP/1.1" 304 - "http://www.libertyint.com/" "Mozilla/5.0 (Windows NT 5.1; rv:12.0) Gecko/20100101 Firefox/12.0"
36.224.113.21 - - [19/Dec/2012:00:34:00 -0500] "GET /LibertyInternationalFinal/linkedin1.png HTTP/1.1" 304 - "http://www.libertyint.com/" "Mozilla/5.0 (Windows NT 5.1; rv:12.0) Gecko/20100101 Firefox/12.0"
36.224.113.21 - - [19/Dec/2012:00:34:00 -0500] "GET /LibertyInternationalFinal/youtube1.png HTTP/1.1" 304 - "http://www.libertyint.com/" "Mozilla/5.0 (Windows NT 5.1; rv:12.0) Gecko/20100101 Firefox/12.0"
36.224.113.21 - - [19/Dec/2012:00:34:00 -0500] "GET /LibertyInternationalFinal/background1.png HTTP/1.1" 304 - "http://www.libertyint.com/" "Mozilla/5.0 (Windows NT 5.1; rv:12.0) Gecko/20100101 Firefox/12.0"
36.224.113.21 - - [19/Dec/2012:00:34:00 -0500] "GET /favicon.ico HTTP/1.1" 304 - "-" "Mozilla/5.0 (Windows NT 5.1; rv:12.0) Gecko/20100101 Firefox/12.0"
36.224.113.21 - - [19/Dec/2012:00:34:00 -0500] "GET /LibertyInternationalFinal/testBkg.png HTTP/1.1" 304 - "http://www.libertyint.com/" "Mozilla/5.0 (Windows NT 5.1; rv:12.0) Gecko/20100101 Firefox/12.0"
36.224.113.21 - - [19/Dec/2012:00:34:01 -0500] "GET /LibertyInternationalFinal/ctpat2.png HTTP/1.1" 304 - "http://www.libertyint.com/" "Mozilla/5.0 (Windows NT 5.1; rv:12.0) Gecko/20100101 Firefox/12.0"
36.224.113.21 - - [19/Dec/2012:00:34:01 -0500] "GET /LibertyInternationalFinal/Logo(State%202).png HTTP/1.1" 304 - "http://www.libertyint.com/" "Mozilla/5.0 (Windows NT 5.1; rv:12.0) Gecko/20100101 Firefox/12.0"
36.224.113.21 - - [19/Dec/2012:00:34:01 -0500] "GET /LibertyInternationalFinal/facebook2.png HTTP/1.1" 304 - "http://www.libertyint.com/" "Mozilla/5.0 (Windows NT 5.1; rv:12.0) Gecko/20100101 Firefox/12.0"
36.224.113.21 - - [19/Dec/2012:00:34:01 -0500] "GET /LibertyInternationalFinal/ContactUs12.png HTTP/1.1" 404 575 "http://www.libertyint.com/" "Mozilla/5.0 (Windows NT 5.1; rv:12.0) Gecko/20100101 Firefox/12.0"
36.224.113.21 - - [19/Dec/2012:00:34:01 -0500] "GET /LibertyInternationalFinal/linkedin2.png HTTP/1.1" 304 - "http://www.libertyint.com/" "Mozilla/5.0 (Windows NT 5.1; rv:12.0) Gecko/20100101 Firefox/12.0"
36.224.113.21 - - [19/Dec/2012:00:34:01 -0500] "GET /LibertyInternationalFinal/youtube2.png HTTP/1.1" 304 - "http://www.libertyint.com/" "Mozilla/5.0 (Windows NT 5.1; rv:12.0) Gecko/20100101 Firefox/12.0"
180.159.179.231 - - [19/Dec/2012:00:49:04 -0500] "GET /favicon.ico HTTP/1.1" 200 1150 "-" "Mozilla/4.0 (compatible; MSIE 7.0; Windows NT 5.1; Trident/4.0; .NET CLR 2.0.50727; 360space)"
157.55.32.94 - - [19/Dec/2012:00:53:14 -0500] "GET /robots.txt HTTP/1.1" 200 146 "-" "Mozilla/5.0 (compatible; bingbot/2.0; +http://www.bing.com/bingbot.htm)"
91.224.160.35 - - [19/Dec/2012:00:53:15 -0500] "HEAD /wp-admin/ HTTP/1.0" 404 - "-" "Mozilla/5.0 (Windows NT 6.1; WOW64) AppleWebKit/535.19 (KHTML, like Gecko) Chrome/18.0.1025.162 Safari/535.19"
157.55.32.94 - - [19/Dec/2012:00:54:48 -0500] "GET /index_files/Page345.htm HTTP/1.1" 404 575 "-" "Mozilla/5.0 (compatible; bingbot/2.0; +http://www.bing.com/bingbot.htm)"
173.199.115.11 - - [19/Dec/2012:00:58:52 -0500] "GET /LibertyInternationalFinal/Documents/POA.pdf HTTP/1.1" 200 55920 "-" "Mozilla/5.0 (compatible; AhrefsBot/4.0; +http://ahrefs.com/robot/)"
208.115.111.75 - - [19/Dec/2012:01:05:55 -0500] "GET /truckinganddistribution.html HTTP/1.1" 200 16439 "-" "Mozilla/5.0 (compatible; Ezooms/1.0; ezooms.bot@gmail.com)"
208.115.111.75 - - [19/Dec/2012:01:06:44 -0500] "GET /paymentoptions.html HTTP/1.1" 200 14216 "-" "Mozilla/5.0 (compatible; Ezooms/1.0; ezooms.bot@gmail.com)"
180.76.5.111 - - [19/Dec/2012:01:11:47 -0500] "GET /robots.txt HTTP/1.1" 200 146 "-" "Mozilla/5.0 (Windows NT 5.1; rv:6.0.2) Gecko/20100101 Firefox/6.0.2"
173.199.115.11 - - [19/Dec/2012:01:13:11 -0500] "GET / HTTP/1.1" 200 16571 "-" "Mozilla/5.0 (compatible; AhrefsBot/4.0; +http://ahrefs.com/robot/)"
123.231.82.244 - - [19/Dec/2012:01:31:12 -0500] "GET /index_files/image1173.jpg HTTP/1.1" 404 575 "http://subscriber.zoominfo.com/zoominfo/" "Mozilla/5.0 (Windows NT 5.1; rv:17.0) Gecko/20100101 Firefox/17.0"
123.231.82.244 - - [19/Dec/2012:01:31:44 -0500] "GET /index_files/image1173.jpg HTTP/1.1" 404 575 "http://subscriber.zoominfo.com/zoominfo/" "Mozilla/5.0 (Windows NT 5.1; rv:17.0) Gecko/20100101 Firefox/17.0"
123.231.82.244 - - [19/Dec/2012:01:31:46 -0500] "GET /index_files/image1173.jpg HTTP/1.1" 404 575 "http://subscriber.zoominfo.com/zoominfo/" "Mozilla/5.0 (Windows NT 5.1; rv:17.0) Gecko/20100101 Firefox/17.0"
123.231.82.244 - - [19/Dec/2012:01:31:57 -0500] "GET /index_files/image1173.jpg HTTP/1.1" 404 575 "http://subscriber.zoominfo.com/zoominfo/" "Mozilla/5.0 (Windows NT 5.1; rv:17.0) Gecko/20100101 Firefox/17.0"
123.231.82.244 - - [19/Dec/2012:01:31:58 -0500] "GET /index_files/image1173.jpg HTTP/1.1" 404 575 "http://subscriber.zoominfo.com/zoominfo/" "Mozilla/5.0 (Windows NT 5.1; rv:17.0) Gecko/20100101 Firefox/17.0"
123.231.82.244 - - [19/Dec/2012:01:32:04 -0500] "GET /index_files/image1173.jpg HTTP/1.1" 404 575 "http://subscriber.zoominfo.com/zoominfo/" "Mozilla/5.0 (Windows NT 5.1; rv:17.0) Gecko/20100101 Firefox/17.0"
100.43.83.152 - - [19/Dec/2012:01:35:10 -0500] "GET /LibertyInternationalFinal/Bond%20Application.pdf HTTP/1.1" 304 - "-" "Mozilla/5.0 (compatible; YandexBot/3.0; +http://yandex.com/bots)"
113.212.70.115 - - [19/Dec/2012:01:42:44 -0500] "GET /Consolidation%2520Agents.xls HTTP/1.0" 404 575 "http://www.libertyint.com/Consolidation%2520Agents.xls" "Mozilla/4.0 (compatible; MSIE 8.0; Windows NT 5.1; Trident/4.0; BTRS122063; GTB7.3; Mozilla/4.0 (compatible; MSIE 6.0; Windows NT 5.1; SV1) ; .NET CLR 2.0.50727; .NET CLR 3.0.4506.2152; .NET CLR 3.5.30729; msn OptimizedIE8;RURU)"
113.212.70.115 - - [19/Dec/2012:01:42:44 -0500] "GET / HTTP/1.0" 200 16571 "http://www.libertyint.com/" "Mozilla/4.0 (compatible; MSIE 8.0; Windows NT 5.1; Trident/4.0; BTRS122063; GTB7.3; Mozilla/4.0 (compatible; MSIE 6.0; Windows NT 5.1; SV1) ; .NET CLR 2.0.50727; .NET CLR 3.0.4506.2152; .NET CLR 3.5.30729; msn OptimizedIE8;RURU)"
180.159.179.231 - - [19/Dec/2012:01:54:45 -0500] "GET /LibertyInternationalFinalScripts/swfobject_modified.js HTTP/1.1" 404 575 "http://www.libertyint.com/" "Mozilla/5.0 (Windows NT 5.1; rv:16.0) Gecko/20100101 Firefox/16.0"
180.159.179.231 - - [19/Dec/2012:01:54:47 -0500] "GET /LibertyInternationalFinal/ContactUs12.png HTTP/1.1" 404 575 "http://www.libertyint.com/" "Mozilla/5.0 (Windows NT 5.1; rv:16.0) Gecko/20100101 Firefox/16.0"
76.73.4.178 - - [19/Dec/2012:01:56:53 -0500] "GET / HTTP/1.1" 200 16571 "-" "Mozilla/4.0 (compatible; MSIE 6.0; Windows NT 5.0)["
76.121.179.20 - - [19/Dec/2012:02:04:07 -0500] "GET / HTTP/1.1" 200 16571 "-" "Mozilla/4.1"
220.181.127.232 - - [19/Dec/2012:02:05:02 -0500] "GET / HTTP/1.1" 200 16571 "http://libertyint.com/" "Mozilla/4.0 (compatible; MSIE 8.0; Windows NT 6.1; Trident/4.0; SLCC2; .NET CLR 2.0.50727; .NET CLR 3.5.30729; .NET CLR 3.0.30729; Media Center PC 6.0; Tablet PC 2.0)"
220.181.127.232 - - [19/Dec/2012:02:05:04 -0500] "GET /favicon.ico HTTP/1.1" 200 1150 "http://libertyint.com/" "Mozilla/4.0 (compatible; MSIE 8.0; Windows NT 6.1; Trident/4.0; SLCC2; .NET CLR 2.0.50727; .NET CLR 3.5.30729; .NET CLR 3.0.30729; Media Center PC 6.0; Tablet PC 2.0)"
142.0.34.54 - - [19/Dec/2012:02:15:02 -0500] "HEAD / HTTP/1.1" 200 - "-" "Apache-HttpClient/4.2.2 (java 1.5)"
66.249.76.11 - - [19/Dec/2012:02:20:13 -0500] "GET /LibertyInternationalFinal/Documents/ISF%20Request%20for%20Filing.pdf HTTP/1.1" 200 11209 "-" "Mozilla/5.0 (compatible; Googlebot/2.1; +http://www.google.com/bot.html)"
173.199.115.11 - - [19/Dec/2012:02:45:33 -0500] "GET /LibertyInternationalFinal/Fact%20Sheets/CIQ%20Presentation.pdf HTTP/1.1" 200 669144 "-" "Mozilla/5.0 (compatible; AhrefsBot/4.0; +http://ahrefs.com/robot/)"
218.30.103.141 - - [19/Dec/2012:02:47:35 -0500] "GET / HTTP/1.1" 200 16571 "-" "Sogou web spider/4.0(+http://www.sogou.com/docs/help/webmasters.htm#07)"
180.159.179.231 - - [19/Dec/2012:02:50:31 -0500] "GET / HTTP/1.1" 200 16571 "-" "Mozilla/5.0 (Windows NT 5.1; rv:13.0) Gecko/20100101 Firefox/13.0.1"
180.159.179.231 - - [19/Dec/2012:02:50:31 -0500] "GET / HTTP/1.1" 206 13691 "-" "Mozilla/5.0 (Windows NT 5.1; rv:13.0) Gecko/20100101 Firefox/13.0.1"
180.159.179.231 - - [19/Dec/2012:02:50:31 -0500] "GET /favicon.ico HTTP/1.1" 200 1150 "-" "Mozilla/5.0 (Windows NT 5.1; rv:13.0) Gecko/20100101 Firefox/13.0.1"
180.159.179.231 - - [19/Dec/2012:02:50:31 -0500] "GET /favicon.ico HTTP/1.1" 200 1150 "-" "Mozilla/5.0 (Windows NT 5.1; rv:13.0) Gecko/20100101 Firefox/13.0.1"
180.159.179.231 - - [19/Dec/2012:02:50:32 -0500] "GET /LibertyInternationalFinalScripts/swfobject_modified.js HTTP/1.1" 404 575 "http://www.libertyint.com/" "Mozilla/5.0 (Windows NT 5.1; rv:13.0) Gecko/20100101 Firefox/13.0.1"
180.159.179.231 - - [19/Dec/2012:02:50:33 -0500] "GET /LibertyInternationalFinal/Logo(State%201).png HTTP/1.1" 200 24167 "http://www.libertyint.com/" "Mozilla/5.0 (Windows NT 5.1; rv:13.0) Gecko/20100101 Firefox/13.0.1"
180.159.179.231 - - [19/Dec/2012:02:50:34 -0500] "GET /LibertyInternationalFinal/Scripts/swfobject_modified.js HTTP/1.1" 200 21696 "http://www.libertyint.com/" "Mozilla/5.0 (Windows NT 5.1; rv:13.0) Gecko/20100101 Firefox/13.0.1"
180.159.179.231 - - [19/Dec/2012:02:50:35 -0500] "GET /LibertyInternationalFinal/smalldot.png HTTP/1.1" 200 134 "http://www.libertyint.com/" "Mozilla/5.0 (Windows NT 5.1; rv:13.0) Gecko/20100101 Firefox/13.0.1"
180.159.179.231 - - [19/Dec/2012:02:50:35 -0500] "GET /LibertyInternationalFinal/libinttext.png HTTP/1.1" 200 3449 "http://www.libertyint.com/" "Mozilla/5.0 (Windows NT 5.1; rv:13.0) Gecko/20100101 Firefox/13.0.1"
180.159.179.231 - - [19/Dec/2012:02:50:35 -0500] "GET /LibertyInternationalFinal/libinttext2.png HTTP/1.1" 200 3897 "http://www.libertyint.com/" "Mozilla/5.0 (Windows NT 5.1; rv:13.0) Gecko/20100101 Firefox/13.0.1"
180.159.179.231 - - [19/Dec/2012:02:50:35 -0500] "GET /LibertyInternationalFinal/staticPicture.jpg HTTP/1.1" 200 98028 "http://www.libertyint.com/" "Mozilla/5.0 (Windows NT 5.1; rv:13.0) Gecko/20100101 Firefox/13.0.1"
180.159.179.231 - - [19/Dec/2012:02:50:35 -0500] "GET /LibertyInternationalFinal/ctpat1.png HTTP/1.1" 200 5648 "http://www.libertyint.com/" "Mozilla/5.0 (Windows NT 5.1; rv:13.0) Gecko/20100101 Firefox/13.0.1"
180.159.179.231 - - [19/Dec/2012:02:50:38 -0500] "GET /LibertyInternationalFinal/linkedin1.png HTTP/1.1" 200 3975 "http://www.libertyint.com/" "Mozilla/5.0 (Windows NT 5.1; rv:13.0) Gecko/20100101 Firefox/13.0.1"
180.159.179.231 - - [19/Dec/2012:02:50:38 -0500] "GET /LibertyInternationalFinal/facebook1.png HTTP/1.1" 200 3514 "http://www.libertyint.com/" "Mozilla/5.0 (Windows NT 5.1; rv:13.0) Gecko/20100101 Firefox/13.0.1"
180.159.179.231 - - [19/Dec/2012:02:50:38 -0500] "GET /LibertyInternationalFinal/background1.png HTTP/1.1" 200 4249 "http://www.libertyint.com/" "Mozilla/5.0 (Windows NT 5.1; rv:13.0) Gecko/20100101 Firefox/13.0.1"
180.159.179.231 - - [19/Dec/2012:02:50:39 -0500] "GET /LibertyInternationalFinal/youtube1.png HTTP/1.1" 200 3811 "http://www.libertyint.com/" "Mozilla/5.0 (Windows NT 5.1; rv:13.0) Gecko/20100101 Firefox/13.0.1"
180.159.179.231 - - [19/Dec/2012:02:50:40 -0500] "GET /LibertyInternationalFinal/testBkg.png HTTP/1.1" 200 128762 "http://www.libertyint.com/" "Mozilla/5.0 (Windows NT 5.1; rv:13.0) Gecko/20100101 Firefox/13.0.1"
36.224.113.21 - - [19/Dec/2012:02:55:40 -0500] "GET / HTTP/1.1" 200 16571 "-" "Mozilla/5.0 (Windows NT 5.1) AppleWebKit/537.11 (KHTML, like Gecko) Chrome/23.0.1271.97 Safari/537.11"
36.224.113.21 - - [19/Dec/2012:02:55:40 -0500] "GET /LibertyInternationalFinal/Scripts/swfobject_modified.js HTTP/1.1" 200 21696 "http://www.libertyint.com/" "Mozilla/5.0 (Windows NT 5.1) AppleWebKit/537.11 (KHTML, like Gecko) Chrome/23.0.1271.97 Safari/537.11"
36.224.113.21 - - [19/Dec/2012:02:55:41 -0500] "GET /LibertyInternationalFinalScripts/swfobject_modified.js HTTP/1.1" 404 575 "http://www.libertyint.com/" "Mozilla/5.0 (Windows NT 5.1) AppleWebKit/537.11 (KHTML, like Gecko) Chrome/23.0.1271.97 Safari/537.11"
36.224.113.21 - - [19/Dec/2012:02:55:41 -0500] "GET /MenuBarHomepage.swf HTTP/1.1" 200 100816 "http://www.libertyint.com/" "Mozilla/5.0 (Windows NT 5.1) AppleWebKit/537.11 (KHTML, like Gecko) Chrome/23.0.1271.97 Safari/537.11"
36.224.113.21 - - [19/Dec/2012:02:55:42 -0500] "GET /LibertyInternationalFinal/Logo(State%201).png HTTP/1.1" 200 24167 "http://www.libertyint.com/" "Mozilla/5.0 (Windows NT 5.1) AppleWebKit/537.11 (KHTML, like Gecko) Chrome/23.0.1271.97 Safari/537.11"
36.224.113.21 - - [19/Dec/2012:02:55:42 -0500] "GET /LibertyInternationalFinal/libinttext2.png HTTP/1.1" 200 3897 "http://www.libertyint.com/" "Mozilla/5.0 (Windows NT 5.1) AppleWebKit/537.11 (KHTML, like Gecko) Chrome/23.0.1271.97 Safari/537.11"
36.224.113.21 - - [19/Dec/2012:02:55:42 -0500] "GET /LibertyInternationalFinal/libinttext.png HTTP/1.1" 200 3449 "http://www.libertyint.com/" "Mozilla/5.0 (Windows NT 5.1) AppleWebKit/537.11 (KHTML, like Gecko) Chrome/23.0.1271.97 Safari/537.11"
36.224.113.21 - - [19/Dec/2012:02:55:42 -0500] "GET /LibertyInternationalFinal/smalldot.png HTTP/1.1" 200 134 "http://www.libertyint.com/" "Mozilla/5.0 (Windows NT 5.1) AppleWebKit/537.11 (KHTML, like Gecko) Chrome/23.0.1271.97 Safari/537.11"
36.224.113.21 - - [19/Dec/2012:02:55:42 -0500] "GET /LibertyInternationalFinal/staticPicture.jpg HTTP/1.1" 200 98028 "http://www.libertyint.com/" "Mozilla/5.0 (Windows NT 5.1) AppleWebKit/537.11 (KHTML, like Gecko) Chrome/23.0.1271.97 Safari/537.11"
36.224.113.21 - - [19/Dec/2012:02:55:42 -0500] "GET /LibertyInternationalFinal/testBkg.png HTTP/1.1" 200 128762 "http://www.libertyint.com/" "Mozilla/5.0 (Windows NT 5.1) AppleWebKit/537.11 (KHTML, like Gecko) Chrome/23.0.1271.97 Safari/537.11"
36.224.113.21 - - [19/Dec/2012:02:55:42 -0500] "GET /LibertyInternationalFinal/ctpat1.png HTTP/1.1" 200 5648 "http://www.libertyint.com/" "Mozilla/5.0 (Windows NT 5.1) AppleWebKit/537.11 (KHTML, like Gecko) Chrome/23.0.1271.97 Safari/537.11"
36.224.113.21 - - [19/Dec/2012:02:55:42 -0500] "GET /LibertyInternationalFinal/facebook1.png HTTP/1.1" 200 3514 "http://www.libertyint.com/" "Mozilla/5.0 (Windows NT 5.1) AppleWebKit/537.11 (KHTML, like Gecko) Chrome/23.0.1271.97 Safari/537.11"
36.224.113.21 - - [19/Dec/2012:02:55:43 -0500] "GET /LibertyInternationalFinal/linkedin1.png HTTP/1.1" 200 3975 "http://www.libertyint.com/" "Mozilla/5.0 (Windows NT 5.1) AppleWebKit/537.11 (KHTML, like Gecko) Chrome/23.0.1271.97 Safari/537.11"
36.224.113.21 - - [19/Dec/2012:02:55:43 -0500] "GET /LibertyInternationalFinal/youtube1.png HTTP/1.1" 200 3811 "http://www.libertyint.com/" "Mozilla/5.0 (Windows NT 5.1) AppleWebKit/537.11 (KHTML, like Gecko) Chrome/23.0.1271.97 Safari/537.11"
36.224.113.21 - - [19/Dec/2012:02:55:43 -0500] "GET /LibertyInternationalFinal/background1.png HTTP/1.1" 200 4249 "http://www.libertyint.com/" "Mozilla/5.0 (Windows NT 5.1) AppleWebKit/537.11 (KHTML, like Gecko) Chrome/23.0.1271.97 Safari/537.11"
36.224.113.21 - - [19/Dec/2012:02:55:44 -0500] "GET /LibertyInternationalFinal/Logo(State%202).png HTTP/1.1" 200 24320 "http://www.libertyint.com/" "Mozilla/5.0 (Windows NT 5.1) AppleWebKit/537.11 (KHTML, like Gecko) Chrome/23.0.1271.97 Safari/537.11"
36.224.113.21 - - [19/Dec/2012:02:55:44 -0500] "GET /LibertyInternationalFinal/facebook2.png HTTP/1.1" 200 3714 "http://www.libertyint.com/" "Mozilla/5.0 (Windows NT 5.1) AppleWebKit/537.11 (KHTML, like Gecko) Chrome/23.0.1271.97 Safari/537.11"
36.224.113.21 - - [19/Dec/2012:02:55:44 -0500] "GET /LibertyInternationalFinal/youtube2.png HTTP/1.1" 200 3946 "http://www.libertyint.com/" "Mozilla/5.0 (Windows NT 5.1) AppleWebKit/537.11 (KHTML, like Gecko) Chrome/23.0.1271.97 Safari/537.11"
36.224.113.21 - - [19/Dec/2012:02:55:44 -0500] "GET /LibertyInternationalFinal/ctpat2.png HTTP/1.1" 200 5631 "http://www.libertyint.com/" "Mozilla/5.0 (Windows NT 5.1) AppleWebKit/537.11 (KHTML, like Gecko) Chrome/23.0.1271.97 Safari/537.11"
36.224.113.21 - - [19/Dec/2012:02:55:44 -0500] "GET /LibertyInternationalFinal/linkedin2.png HTTP/1.1" 200 4106 "http://www.libertyint.com/" "Mozilla/5.0 (Windows NT 5.1) AppleWebKit/537.11 (KHTML, like Gecko) Chrome/23.0.1271.97 Safari/537.11"
36.224.113.21 - - [19/Dec/2012:02:55:44 -0500] "GET /LibertyInternationalFinal/ContactUs12.png HTTP/1.1" 404 575 "http://www.libertyint.com/" "Mozilla/5.0 (Windows NT 5.1) AppleWebKit/537.11 (KHTML, like Gecko) Chrome/23.0.1271.97 Safari/537.11"
36.224.113.21 - - [19/Dec/2012:02:55:41 -0500] "GET /MainWindow.swf HTTP/1.1" 200 648573 "http://www.libertyint.com/" "Mozilla/5.0 (Windows NT 5.1) AppleWebKit/537.11 (KHTML, like Gecko) Chrome/23.0.1271.97 Safari/537.11"
173.199.115.11 - - [19/Dec/2012:03:03:55 -0500] "GET /LibertyInternationalFinal/Documents/Shippers%20Letter%20of%20Instruction.pdf HTTP/1.1" 200 69948 "-" "Mozilla/5.0 (compatible; AhrefsBot/4.0; +http://ahrefs.com/robot/)"
100.43.83.152 - - [19/Dec/2012:03:09:07 -0500] "GET /LibertyInternationalFinal/Fact%20Sheets/CIQ%20Presentation.pdf HTTP/1.1" 200 669144 "-" "Mozilla/5.0 (compatible; YandexBot/3.0; +http://yandex.com/bots)"
123.151.148.168 - - [19/Dec/2012:03:15:48 -0500] "GET / HTTP/1.1" 200 16571 "-" "Sosospider+(+http://help.soso.com/webspider.htm)"
37.139.52.23 - - [19/Dec/2012:03:17:53 -0500] "GET / HTTP/1.1" 200 16571 "http://sadkings.net/news.php?readmore=42" "Mozilla/4.0 (compatible; MSIE 6.0; Windows NT 5.1; SV1; InfoPath.1"
37.139.52.23 - - [19/Dec/2012:03:17:54 -0500] "GET / HTTP/1.1" 200 16571 "http://sadkings.net/news.php?readmore=42" "Mozilla/4.0 (compatible; MSIE 6.0; Windows NT 5.1; SV1; InfoPath.1"
212.147.27.45 - - [19/Dec/2012:03:19:35 -0500] "GET / HTTP/1.1" 200 16571 "http://www.google.fr/url?sa=t&rct=j&q=&esrc=s&source=web&cd=1&ved=0CDcQFjAA&url=http%3A%2F%2Flibertyint.com%2F&ei=eXjRUOvnIqiB4AT4zoDoBA&usg=AFQjCNEhKpfeneR_pLwVj3ETjqC8QmN76Q&sig2=gOFooIL66lgu2VR298d72g&bvm=bv.1355534169,d.Yms" "Mozilla/5.0 (Windows NT 6.1; WOW64; rv:17.0) Gecko/20100101 Firefox/17.0"
212.147.27.45 - - [19/Dec/2012:03:19:36 -0500] "GET /LibertyInternationalFinal/Scripts/swfobject_modified.js HTTP/1.1" 200 21696 "http://libertyint.com/" "Mozilla/5.0 (Windows NT 6.1; WOW64; rv:17.0) Gecko/20100101 Firefox/17.0"
212.147.27.45 - - [19/Dec/2012:03:19:36 -0500] "GET /favicon.ico HTTP/1.1" 200 1150 "-" "Mozilla/5.0 (Windows NT 6.1; WOW64; rv:17.0) Gecko/20100101 Firefox/17.0"
212.147.27.45 - - [19/Dec/2012:03:19:36 -0500] "GET /LibertyInternationalFinal/Logo(State%201).png HTTP/1.1" 200 24167 "http://libertyint.com/" "Mozilla/5.0 (Windows NT 6.1; WOW64; rv:17.0) Gecko/20100101 Firefox/17.0"
212.147.27.45 - - [19/Dec/2012:03:19:36 -0500] "GET /LibertyInternationalFinalScripts/swfobject_modified.js HTTP/1.1" 404 575 "http://libertyint.com/" "Mozilla/5.0 (Windows NT 6.1; WOW64; rv:17.0) Gecko/20100101 Firefox/17.0"
212.147.27.45 - - [19/Dec/2012:03:19:36 -0500] "GET /LibertyInternationalFinal/libinttext.png HTTP/1.1" 200 3449 "http://libertyint.com/" "Mozilla/5.0 (Windows NT 6.1; WOW64; rv:17.0) Gecko/20100101 Firefox/17.0"
212.147.27.45 - - [19/Dec/2012:03:19:36 -0500] "GET /LibertyInternationalFinal/libinttext2.png HTTP/1.1" 200 3897 "http://libertyint.com/" "Mozilla/5.0 (Windows NT 6.1; WOW64; rv:17.0) Gecko/20100101 Firefox/17.0"
212.147.27.45 - - [19/Dec/2012:03:19:36 -0500] "GET /LibertyInternationalFinal/smalldot.png HTTP/1.1" 200 134 "http://libertyint.com/" "Mozilla/5.0 (Windows NT 6.1; WOW64; rv:17.0) Gecko/20100101 Firefox/17.0"
212.147.27.45 - - [19/Dec/2012:03:19:36 -0500] "GET /LibertyInternationalFinal/staticPicture.jpg HTTP/1.1" 200 98028 "http://libertyint.com/" "Mozilla/5.0 (Windows NT 6.1; WOW64; rv:17.0) Gecko/20100101 Firefox/17.0"
212.147.27.45 - - [19/Dec/2012:03:19:36 -0500] "GET /LibertyInternationalFinal/ctpat1.png HTTP/1.1" 200 5648 "http://libertyint.com/" "Mozilla/5.0 (Windows NT 6.1; WOW64; rv:17.0) Gecko/20100101 Firefox/17.0"
212.147.27.45 - - [19/Dec/2012:03:19:37 -0500] "GET /LibertyInternationalFinal/facebook1.png HTTP/1.1" 200 3514 "http://libertyint.com/" "Mozilla/5.0 (Windows NT 6.1; WOW64; rv:17.0) Gecko/20100101 Firefox/17.0"
212.147.27.45 - - [19/Dec/2012:03:19:37 -0500] "GET /LibertyInternationalFinal/linkedin1.png HTTP/1.1" 200 3975 "http://libertyint.com/" "Mozilla/5.0 (Windows NT 6.1; WOW64; rv:17.0) Gecko/20100101 Firefox/17.0"
212.147.27.45 - - [19/Dec/2012:03:19:37 -0500] "GET /LibertyInternationalFinal/testBkg.png HTTP/1.1" 200 128762 "http://libertyint.com/" "Mozilla/5.0 (Windows NT 6.1; WOW64; rv:17.0) Gecko/20100101 Firefox/17.0"
212.147.27.45 - - [19/Dec/2012:03:19:37 -0500] "GET /LibertyInternationalFinalScripts/swfobject_modified.js HTTP/1.1" 404 575 "http://libertyint.com/" "Mozilla/5.0 (Windows NT 6.1; WOW64; rv:17.0) Gecko/20100101 Firefox/17.0"
212.147.27.45 - - [19/Dec/2012:03:19:37 -0500] "GET /LibertyInternationalFinal/background1.png HTTP/1.1" 200 4249 "http://libertyint.com/" "Mozilla/5.0 (Windows NT 6.1; WOW64; rv:17.0) Gecko/20100101 Firefox/17.0"
212.147.27.45 - - [19/Dec/2012:03:19:37 -0500] "GET /LibertyInternationalFinal/youtube1.png HTTP/1.1" 200 3811 "http://libertyint.com/" "Mozilla/5.0 (Windows NT 6.1; WOW64; rv:17.0) Gecko/20100101 Firefox/17.0"
212.147.27.45 - - [19/Dec/2012:03:19:37 -0500] "GET /MenuBarHomepage.swf HTTP/1.1" 200 100816 "http://libertyint.com/" "Mozilla/5.0 (Windows NT 6.1; WOW64; rv:17.0) Gecko/20100101 Firefox/17.0"
212.147.27.45 - - [19/Dec/2012:03:19:41 -0500] "GET /LibertyInternationalFinal/Logo(State%202).png HTTP/1.1" 200 24320 "http://libertyint.com/" "Mozilla/5.0 (Windows NT 6.1; WOW64; rv:17.0) Gecko/20100101 Firefox/17.0"
212.147.27.45 - - [19/Dec/2012:03:19:48 -0500] "GET /contactus.html HTTP/1.1" 200 14970 "http://libertyint.com/" "Mozilla/5.0 (Windows NT 6.1; WOW64; rv:17.0) Gecko/20100101 Firefox/17.0"
212.147.27.45 - - [19/Dec/2012:03:19:37 -0500] "GET /MainWindow.swf HTTP/1.1" 200 648573 "http://libertyint.com/" "Mozilla/5.0 (Windows NT 6.1; WOW64; rv:17.0) Gecko/20100101 Firefox/17.0"
212.147.27.45 - - [19/Dec/2012:03:19:50 -0500] "GET /LibertyInternationalFinal/contactus.left.jpg HTTP/1.1" 200 19059 "http://libertyint.com/contactus.html" "Mozilla/5.0 (Windows NT 6.1; WOW64; rv:17.0) Gecko/20100101 Firefox/17.0"
212.147.27.45 - - [19/Dec/2012:03:19:50 -0500] "GET /LibertyInternationalFinal/aboutus.subtop.jpg HTTP/1.1" 200 34632 "http://libertyint.com/contactus.html" "Mozilla/5.0 (Windows NT 6.1; WOW64; rv:17.0) Gecko/20100101 Firefox/17.0"
212.147.27.45 - - [19/Dec/2012:03:19:50 -0500] "GET /LibertyInternationalFinal/pomanagement.bkg.png HTTP/1.1" 200 4964 "http://libertyint.com/contactus.html" "Mozilla/5.0 (Windows NT 6.1; WOW64; rv:17.0) Gecko/20100101 Firefox/17.0"
212.147.27.45 - - [19/Dec/2012:03:19:50 -0500] "GET /MenuBar.swf HTTP/1.1" 200 93342 "http://libertyint.com/contactus.html" "Mozilla/5.0 (Windows NT 6.1; WOW64; rv:17.0) Gecko/20100101 Firefox/17.0"
212.147.27.45 - - [19/Dec/2012:03:19:51 -0500] "GET /LibertyInternationalFinal/Logo(State%202).png HTTP/1.1" 206 22892 "http://libertyint.com/contactus.html" "Mozilla/5.0 (Windows NT 6.1; WOW64; rv:17.0) Gecko/20100101 Firefox/17.0"
180.159.179.231 - - [19/Dec/2012:03:25:14 -0500] "GET /LibertyInternationalFinalScripts/swfobject_modified.js HTTP/1.1" 404 575 "http://www.libertyint.com/" "Mozilla/5.0 (Windows NT 5.1; rv:12.0) Gecko/20100101 Firefox/12.0"
180.159.179.231 - - [19/Dec/2012:03:25:18 -0500] "GET /LibertyInternationalFinal/ContactUs12.png HTTP/1.1" 404 575 "http://www.libertyint.com/" "Mozilla/5.0 (Windows NT 5.1; rv:12.0) Gecko/20100101 Firefox/12.0"
91.138.174.30 - - [19/Dec/2012:03:37:45 -0500] "GET /LibertyInternationalFinal/Fact%20Sheets/CIQ%20Presentation.pdf HTTP/1.1" 200 669144 "http://www.google.gr/url?sa=t&rct=j&q=&esrc=s&source=web&cd=6&ved=0CFIQFjAF&url=http%3A%2F%2Flibertyint.com%2FLibertyInternationalFinal%2FFact%2520Sheets%2FCIQ%2520Presentation.pdf&ei=yHzRUJCuCqag4gTNg4DoBA&usg=AFQjCNFsR8I9giYMUlnIbapYBQb0RLCQiA&bvm=bv.1355534169,d.bGE" "Mozilla/5.0 (Windows NT 6.1; Win64; x64; rv:15.3) Gecko/20121203 Firefox/15.3.2-x64 PaleMoon/15.3.2-x64"
91.138.174.30 - - [19/Dec/2012:03:38:00 -0500] "GET /favicon.ico HTTP/1.1" 200 1150 "-" "Mozilla/5.0 (Windows NT 6.1; Win64; x64; rv:15.3) Gecko/20121203 Firefox/15.3.2-x64 PaleMoon/15.3.2-x64"
184.22.211.146 - - [19/Dec/2012:03:59:03 -0500] "GET /index_files/Page1398.htm HTTP/1.1" 404 575 "-" "Mozilla/5.0 (X11; Linux i686; rv:6.0) Gecko/20100101 Firefox/6.0"
180.159.179.231 - - [19/Dec/2012:04:02:22 -0500] "GET /favicon.ico HTTP/1.1" 200 1150 "-" "Mozilla/4.0 (compatible; MSIE 7.0; Windows NT 5.1; Trident/4.0; .NET CLR 2.0.50727; 360space)"
157.55.32.188 - - [19/Dec/2012:04:18:08 -0500] "GET /robots.txt HTTP/1.1" 200 146 "-" "Mozilla/5.0 (compatible; bingbot/2.0; +http://www.bing.com/bingbot.htm)"
157.55.32.188 - - [19/Dec/2012:04:19:53 -0500] "GET / HTTP/1.1" 200 16571 "-" "Mozilla/5.0 (compatible; bingbot/2.0; +http://www.bing.com/bingbot.htm)"
66.249.76.11 - - [19/Dec/2012:04:22:28 -0500] "GET /governmentsites.html HTTP/1.1" 200 17055 "-" "Mozilla/5.0 (compatible; Googlebot/2.1; +http://www.google.com/bot.html)"
100.43.83.152 - - [19/Dec/2012:04:23:05 -0500] "GET /customsclearance.html HTTP/1.1" 200 17540 "-" "Mozilla/5.0 (compatible; YandexBot/3.0; +http://yandex.com/bots)"
211.22.46.13 - - [19/Dec/2012:04:25:14 -0500] "GET / HTTP/1.0" 304 - "-" "Mozilla/4.0 (compatible; MSIE 8.0; Windows NT 5.1; Trident/4.0; yie8)"
211.22.46.13 - - [19/Dec/2012:04:25:16 -0500] "GET /LibertyInternationalFinal/Scripts/swfobject_modified.js HTTP/1.0" 304 - "http://www.libertyint.com/" "Mozilla/4.0 (compatible; MSIE 8.0; Windows NT 5.1; Trident/4.0; yie8)"
211.22.46.13 - - [19/Dec/2012:04:25:17 -0500] "GET /LibertyInternationalFinalScripts/swfobject_modified.js HTTP/1.0" 404 575 "http://www.libertyint.com/" "Mozilla/4.0 (compatible; MSIE 8.0; Windows NT 5.1; Trident/4.0; yie8)"
211.22.46.13 - - [19/Dec/2012:04:25:20 -0500] "GET /LibertyInternationalFinal/staticPicture.jpg HTTP/1.0" 304 - "http://www.libertyint.com/" "Mozilla/4.0 (compatible; MSIE 8.0; Windows NT 5.1; Trident/4.0; yie8)"
211.22.46.13 - - [19/Dec/2012:04:25:20 -0500] "GET /MenuBarHomepage.swf HTTP/1.0" 304 - "http://www.libertyint.com/" "Mozilla/4.0 (compatible; MSIE 8.0; Windows NT 5.1; Trident/4.0; yie8)"
211.22.46.13 - - [19/Dec/2012:04:25:21 -0500] "GET /MainWindow.swf HTTP/1.0" 304 - "http://www.libertyint.com/" "Mozilla/4.0 (compatible; MSIE 8.0; Windows NT 5.1; Trident/4.0; yie8)"
211.22.46.13 - - [19/Dec/2012:04:25:24 -0500] "GET /favicon.ico HTTP/1.0" 200 1150 "-" "Mozilla/4.0 (compatible; MSIE 8.0; Windows NT 5.1; Trident/4.0; yie8)"
211.22.46.13 - - [19/Dec/2012:04:25:24 -0500] "GET /LibertyInternationalFinal/ContactUs12.png HTTP/1.0" 404 575 "http://www.libertyint.com/" "Mozilla/4.0 (compatible; MSIE 8.0; Windows NT 5.1; Trident/4.0; yie8)"
173.199.115.11 - - [19/Dec/2012:04:26:17 -0500] "GET /LibertyInternationalFinal/Documents/Letter%20of%20Guarantee.pdf HTTP/1.1" 200 52753 "-" "Mozilla/5.0 (compatible; AhrefsBot/4.0; +http://ahrefs.com/robot/)"
66.249.76.11 - - [19/Dec/2012:04:32:39 -0500] "GET /LibertyInternationalFinal/governmentsites.center2.png HTTP/1.1" 200 49827 "-" "Mozilla/5.0 (compatible; Googlebot/2.1; +http://www.google.com/bot.html)"
66.249.76.11 - - [19/Dec/2012:04:32:40 -0500] "GET /LibertyInternationalFinal/governmentsites.center7.png HTTP/1.1" 200 8418 "-" "Mozilla/5.0 (compatible; Googlebot/2.1; +http://www.google.com/bot.html)"
66.249.76.11 - - [19/Dec/2012:04:32:40 -0500] "GET /LibertyInternationalFinal/governmentsites.center8.png HTTP/1.1" 200 64136 "-" "Mozilla/5.0 (compatible; Googlebot/2.1; +http://www.google.com/bot.html)"
66.249.76.11 - - [19/Dec/2012:04:32:41 -0500] "GET /LibertyInternationalFinal/governmentsites.center3.png HTTP/1.1" 200 70696 "-" "Mozilla/5.0 (compatible; Googlebot/2.1; +http://www.google.com/bot.html)"
66.249.76.11 - - [19/Dec/2012:04:32:44 -0500] "GET /LibertyInternationalFinal/governmentsites.center4.png HTTP/1.1" 200 42874 "-" "Mozilla/5.0 (compatible; Googlebot/2.1; +http://www.google.com/bot.html)"
66.249.76.11 - - [19/Dec/2012:04:32:45 -0500] "GET /LibertyInternationalFinal/governmentsites.center5.png HTTP/1.1" 200 83209 "-" "Mozilla/5.0 (compatible; Googlebot/2.1; +http://www.google.com/bot.html)"
66.249.76.11 - - [19/Dec/2012:04:32:46 -0500] "GET /LibertyInternationalFinal/governmentsites.center1.png HTTP/1.1" 200 56314 "-" "Mozilla/5.0 (compatible; Googlebot/2.1; +http://www.google.com/bot.html)"
66.249.76.11 - - [19/Dec/2012:04:32:47 -0500] "GET /LibertyInternationalFinal/governmentsites.center9.png HTTP/1.1" 200 40550 "-" "Mozilla/5.0 (compatible; Googlebot/2.1; +http://www.google.com/bot.html)"
66.249.76.11 - - [19/Dec/2012:04:32:48 -0500] "GET /LibertyInternationalFinal/governmentsites.center6.png HTTP/1.1" 200 67456 "-" "Mozilla/5.0 (compatible; Googlebot/2.1; +http://www.google.com/bot.html)"
178.165.70.123 - - [19/Dec/2012:04:34:35 -0500] "HEAD /\t0/ HTTP/1.1" 200 - "-" "Mozilla/3.0 (compatible; Indy Library)"
178.165.70.123 - - [19/Dec/2012:04:34:35 -0500] "HEAD /\t0/ HTTP/1.1" 200 - "-" "Mozilla/4.0 (compatible; MSIE 7.0; Windows NT 6.0; GTB6; SLCC1; .NET CLR 2.0.50727; .NET CLR 3.0.04506)"
178.165.70.123 - - [19/Dec/2012:04:34:36 -0500] "GET /\t0/ HTTP/1.1" 200 16571 "-" "Mozilla/4.0 (compatible; MSIE 7.0; Windows NT 6.0; GTB6; SLCC1; .NET CLR 2.0.50727; .NET CLR 3.0.04506)"
173.199.115.11 - - [19/Dec/2012:04:44:11 -0500] "GET /LibertyInternationalFinal/Fact%20Sheets/Liberty%20Acronym%20Dictionary.pdf HTTP/1.1" 200 30993 "-" "Mozilla/5.0 (compatible; AhrefsBot/4.0; +http://ahrefs.com/robot/)"
1.202.218.26 - - [19/Dec/2012:04:56:49 -0500] "HEAD / HTTP/1.1" 200 - "-" "Mozilla/5.0 (compatible; JikeSpider; +http://shoulu.jike.com/spider.html)"
1.202.218.26 - - [19/Dec/2012:04:56:50 -0500] "GET / HTTP/1.1" 200 16571 "-" "Mozilla/5.0 (compatible; JikeSpider; +http://shoulu.jike.com/spider.html)"
173.199.115.11 - - [19/Dec/2012:04:57:35 -0500] "GET /LibertyInternationalFinal/Bond%20Application.pdf HTTP/1.1" 200 312318 "-" "Mozilla/5.0 (compatible; AhrefsBot/4.0; +http://ahrefs.com/robot/)"
211.22.46.13 - - [19/Dec/2012:05:06:49 -0500] "GET / HTTP/1.0" 304 - "-" "Mozilla/4.0 (compatible; MSIE 8.0; Windows NT 5.1; Trident/4.0; yie8)"
211.22.46.13 - - [19/Dec/2012:05:06:50 -0500] "GET /LibertyInternationalFinal/Scripts/swfobject_modified.js HTTP/1.0" 304 - "http://www.libertyint.com/" "Mozilla/4.0 (compatible; MSIE 8.0; Windows NT 5.1; Trident/4.0; yie8)"
211.22.46.13 - - [19/Dec/2012:05:06:51 -0500] "GET /LibertyInternationalFinalScripts/swfobject_modified.js HTTP/1.0" 404 575 "http://www.libertyint.com/" "Mozilla/4.0 (compatible; MSIE 8.0; Windows NT 5.1; Trident/4.0; yie8)"
211.22.46.13 - - [19/Dec/2012:05:06:51 -0500] "GET /LibertyInternationalFinal/staticPicture.jpg HTTP/1.0" 304 - "http://www.libertyint.com/" "Mozilla/4.0 (compatible; MSIE 8.0; Windows NT 5.1; Trident/4.0; yie8)"
211.22.46.13 - - [19/Dec/2012:05:06:52 -0500] "GET /MenuBarHomepage.swf HTTP/1.0" 304 - "http://www.libertyint.com/" "Mozilla/4.0 (compatible; MSIE 8.0; Windows NT 5.1; Trident/4.0; yie8)"
211.22.46.13 - - [19/Dec/2012:05:06:52 -0500] "GET /MainWindow.swf HTTP/1.0" 304 - "http://www.libertyint.com/" "Mozilla/4.0 (compatible; MSIE 8.0; Windows NT 5.1; Trident/4.0; yie8)"
66.249.76.11 - - [19/Dec/2012:05:23:21 -0500] "GET /customsclearance.html HTTP/1.1" 200 17540 "-" "Mozilla/5.0 (compatible; Googlebot/2.1; +http://www.google.com/bot.html)"
100.43.83.152 - - [19/Dec/2012:05:29:28 -0500] "GET /robots.txt HTTP/1.1" 200 146 "-" "Mozilla/5.0 (compatible; YandexBot/3.0; +http://yandex.com/bots)"
208.68.138.5 - - [19/Dec/2012:05:30:12 -0500] "GET /robots.txt HTTP/1.1" 200 146 "-" "zibber-v0.1(www.zibb.com/crawler/)"
208.68.138.5 - - [19/Dec/2012:05:30:57 -0500] "GET / HTTP/1.1" 304 - "-" "zibber-v0.1(www.zibb.com/crawler/)"
66.249.76.11 - - [19/Dec/2012:05:31:42 -0500] "GET /LibertyInternationalFinal/customsclearance.bkg.png HTTP/1.1" 200 5904 "-" "Mozilla/5.0 (compatible; Googlebot/2.1; +http://www.google.com/bot.html)"
66.249.76.11 - - [19/Dec/2012:05:31:45 -0500] "GET /LibertyInternationalFinal/customsclearance.left.jpg HTTP/1.1" 200 25401 "-" "Mozilla/5.0 (compatible; Googlebot/2.1; +http://www.google.com/bot.html)"
66.249.76.11 - - [19/Dec/2012:05:40:21 -0500] "GET /paymentoptions.html HTTP/1.1" 200 14216 "-" "Mozilla/5.0 (compatible; Googlebot/2.1; +http://www.google.com/bot.html)"
173.199.115.11 - - [19/Dec/2012:05:42:46 -0500] "GET /LibertyInternationalFinal/Fact%20Sheets/C-TPAT%20Security%20Policies%20and%20Procedures.pdf HTTP/1.1" 200 507570 "-" "Mozilla/5.0 (compatible; AhrefsBot/4.0; +http://ahrefs.com/robot/)"
66.249.76.11 - - [19/Dec/2012:05:54:18 -0500] "GET /aboutus.html HTTP/1.1" 304 - "-" "Mozilla/5.0 (compatible; Googlebot/2.1; +http://www.google.com/bot.html)"
50.57.190.97 - - [19/Dec/2012:05:57:05 -0500] "GET / HTTP/1.0" 200 16571 "-" "Mozilla/5.0 (Windows NT 6.1; WOW64; rv:14.0) Gecko/20100101 Firefox/14.0.1"
124.115.4.193 - - [19/Dec/2012:05:57:14 -0500] "GET / HTTP/1.1" 200 16571 "-" "Mozilla/5.0(compatible; Sosospider/2.0; +http://help.soso.com/webspider.htm)"
124.115.4.193 - - [19/Dec/2012:05:57:25 -0500] "GET /LibertyInternationalFinalScripts/swfobject_modified.js HTTP/1.1" 404 575 "http://www.libertyint.com/" "Mozilla/5.0(compatible; Sosospider/2.0; +http://help.soso.com/webspider.htm)"
173.199.115.11 - - [19/Dec/2012:05:59:17 -0500] "GET /LibertyInternationalFinal/Documents/ISF%20Request%20for%20Filing.pdf HTTP/1.1" 200 11209 "-" "Mozilla/5.0 (compatible; AhrefsBot/4.0; +http://ahrefs.com/robot/)"
173.199.115.11 - - [19/Dec/2012:06:11:04 -0500] "GET /LibertyInternationalFinal/Documents/Credit%20Application.pdf HTTP/1.1" 200 48834 "-" "Mozilla/5.0 (compatible; AhrefsBot/4.0; +http://ahrefs.com/robot/)"
100.43.83.152 - - [19/Dec/2012:06:15:05 -0500] "GET /LibertyInternationalFinal/Fact%20Sheets/Assist%20information.pdf HTTP/1.1" 200 114856 "-" "Mozilla/5.0 (compatible; YandexBot/3.0; +http://yandex.com/bots)"
91.223.75.118 - - [19/Dec/2012:06:25:59 -0500] "GET / HTTP/1.1" 200 16571 "http://modernlady.su/" "Mozilla/4.0 (compatible; MSIE 5.01; Windows 95; MSIECrawler)"
91.223.75.118 - - [19/Dec/2012:06:26:00 -0500] "GET / HTTP/1.1" 200 16571 "http://modernlady.su/" "Mozilla/4.0 (compatible; MSIE 5.01; Windows 95; MSIECrawler)"
86.7.37.156 - - [19/Dec/2012:06:26:41 -0500] "GET /robots.txt HTTP/1.0" 200 146 "-" "Mozilla/5.0 (compatible; MJ12bot/v1.4.3; http://www.majestic12.co.uk/bot.php?+)"
86.7.37.156 - - [19/Dec/2012:06:26:43 -0500] "GET / HTTP/1.0" 200 16571 "-" "Mozilla/5.0 (compatible; MJ12bot/v1.4.3; http://www.majestic12.co.uk/bot.php?+)"
178.137.129.165 - - [19/Dec/2012:06:39:44 -0500] "GET / HTTP/1.1" 200 16571 "http://hot-man63.ru/" "Mozilla/0.91 Beta (Windows)"
178.137.129.165 - - [19/Dec/2012:06:39:45 -0500] "GET / HTTP/1.1" 200 16571 "http://hot-man63.ru/" "Mozilla/0.91 Beta (Windows)"
89.152.155.54 - - [19/Dec/2012:06:50:56 -0500] "GET /LibertyInternationalFinalScripts/swfobject_modified.js HTTP/1.1" 404 575 "http://libertyint.com/" "Mozilla/5.0 (Windows NT 6.1; WOW64) AppleWebKit/537.11 (KHTML, like Gecko) Chrome/23.0.1271.97 Safari/537.11"
89.152.155.54 - - [19/Dec/2012:06:50:57 -0500] "GET /LibertyInternationalFinal/ContactUs12.png HTTP/1.1" 404 575 "http://libertyint.com/" "Mozilla/5.0 (Windows NT 6.1; WOW64) AppleWebKit/537.11 (KHTML, like Gecko) Chrome/23.0.1271.97 Safari/537.11"
89.152.155.54 - - [19/Dec/2012:06:51:00 -0500] "GET /meetourteam.html HTTP/1.1" 200 18147 "http://libertyint.com/" "Mozilla/5.0 (Windows NT 6.1; WOW64) AppleWebKit/537.11 (KHTML, like Gecko) Chrome/23.0.1271.97 Safari/537.11"
89.152.155.54 - - [19/Dec/2012:06:51:01 -0500] "GET /LibertyInternationalFinal/meetourteam.left.jpg HTTP/1.1" 200 35378 "http://libertyint.com/meetourteam.html" "Mozilla/5.0 (Windows NT 6.1; WOW64) AppleWebKit/537.11 (KHTML, like Gecko) Chrome/23.0.1271.97 Safari/537.11"
89.152.155.54 - - [19/Dec/2012:06:51:01 -0500] "GET /LibertyInternationalFinal/meetourteam.bkg.png HTTP/1.1" 200 7466 "http://libertyint.com/meetourteam.html" "Mozilla/5.0 (Windows NT 6.1; WOW64) AppleWebKit/537.11 (KHTML, like Gecko) Chrome/23.0.1271.97 Safari/537.11"
100.43.83.152 - - [19/Dec/2012:07:01:50 -0500] "GET /LibertyInternationalFinal/Documents/Letter%20of%20Guarantee.pdf HTTP/1.1" 200 52753 "-" "Mozilla/5.0 (compatible; YandexBot/3.0; +http://yandex.com/bots)"
100.40.60.18 - - [19/Dec/2012:07:15:47 -0500] "GET / HTTP/1.1" 304 - "-" "Mozilla/4.0 (compatible; MSIE 8.0; Windows NT 5.1; Trident/4.0; .NET CLR 1.1.4322; .NET CLR 2.0.50727; .NET CLR 3.0.4506.2152; .NET CLR 3.5.30729; .NET4.0C)"
100.40.60.18 - - [19/Dec/2012:07:15:48 -0500] "GET /LibertyInternationalFinal/Scripts/swfobject_modified.js HTTP/1.1" 304 - "http://www.libertyint.com/" "Mozilla/4.0 (compatible; MSIE 8.0; Windows NT 5.1; Trident/4.0; .NET CLR 1.1.4322; .NET CLR 2.0.50727; .NET CLR 3.0.4506.2152; .NET CLR 3.5.30729; .NET4.0C)"
100.40.60.18 - - [19/Dec/2012:07:15:49 -0500] "GET /LibertyInternationalFinal/Scripts/swfobject_modified.js HTTP/1.1" 304 - "http://www.libertyint.com/" "Mozilla/4.0 (compatible; MSIE 8.0; Windows NT 5.1; Trident/4.0; .NET CLR 1.1.4322; .NET CLR 2.0.50727; .NET CLR 3.0.4506.2152; .NET CLR 3.5.30729; .NET4.0C)"
100.40.60.18 - - [19/Dec/2012:07:15:51 -0500] "GET /LibertyInternationalFinalScripts/swfobject_modified.js HTTP/1.1" 404 575 "http://www.libertyint.com/" "Mozilla/4.0 (compatible; MSIE 8.0; Windows NT 5.1; Trident/4.0; .NET CLR 1.1.4322; .NET CLR 2.0.50727; .NET CLR 3.0.4506.2152; .NET CLR 3.5.30729; .NET4.0C)"
100.40.60.18 - - [19/Dec/2012:07:15:53 -0500] "GET /LibertyInternationalFinal/ContactUs12.png HTTP/1.1" 404 575 "http://www.libertyint.com/" "Mozilla/4.0 (compatible; MSIE 8.0; Windows NT 5.1; Trident/4.0; .NET CLR 1.1.4322; .NET CLR 2.0.50727; .NET CLR 3.0.4506.2152; .NET CLR 3.5.30729; .NET4.0C)"
100.40.60.18 - - [19/Dec/2012:07:15:54 -0500] "GET /MenuBarHomepage.swf HTTP/1.1" 304 - "http://www.libertyint.com/" "Mozilla/4.0 (compatible; MSIE 8.0; Windows NT 5.1; Trident/4.0; .NET CLR 1.1.4322; .NET CLR 2.0.50727; .NET CLR 3.0.4506.2152; .NET CLR 3.5.30729; .NET4.0C)"
100.40.60.18 - - [19/Dec/2012:07:15:54 -0500] "GET /MainWindow.swf HTTP/1.1" 304 - "http://www.libertyint.com/" "Mozilla/4.0 (compatible; MSIE 8.0; Windows NT 5.1; Trident/4.0; .NET CLR 1.1.4322; .NET CLR 2.0.50727; .NET CLR 3.0.4506.2152; .NET CLR 3.5.30729; .NET4.0C)"
