65.55.24.233 - - [23/Dec/2012:00:05:37 -0500] "GET /robots.txt HTTP/1.1" 200 146 "-" "Mozilla/5.0 (compatible; bingbot/2.0; +http://www.bing.com/bingbot.htm)"
98.137.207.147 - - [23/Dec/2012:00:06:44 -0500] "GET /index.htm HTTP/1.1" 404 575 "-" "Mozilla/5.0 (compatible; Yahoo! Slurp/3.0; http://help.yahoo.com/help/us/ysearch/slurp) NOT Firefox/3.5"
65.55.24.233 - - [23/Dec/2012:00:07:11 -0500] "GET /index_files/Page1398.htm HTTP/1.1" 404 575 "-" "Mozilla/5.0 (compatible; bingbot/2.0; +http://www.bing.com/bingbot.htm)"
178.33.122.74 - - [23/Dec/2012:00:34:53 -0500] "GET /Consolidation%20Agents.xls HTTP/1.1" 404 575 "-" "Mozilla/5.0 (X11; Linux i686; rv:6.0) Gecko/20100101 Firefox/6.0"
173.199.115.91 - - [23/Dec/2012:00:45:27 -0500] "GET /LibertyInternationalFinal/Fact%20Sheets/CIQ%20Presentation.pdf HTTP/1.1" 200 669144 "-" "Mozilla/5.0 (compatible; AhrefsBot/4.0; +http://ahrefs.com/robot/)"
173.199.119.11 - - [23/Dec/2012:00:59:54 -0500] "GET /LibertyInternationalFinal/Fact%20Sheets/Liberty%20Acronym%20Dictionary.pdf HTTP/1.1" 200 30993 "-" "Mozilla/5.0 (compatible; AhrefsBot/4.0; +http://ahrefs.com/robot/)"
173.199.115.59 - - [23/Dec/2012:01:59:52 -0500] "GET /LibertyInternationalFinal/Documents/Consent%20to%20Screen%20Form.pdf HTTP/1.1" 200 20328 "-" "Mozilla/5.0 (compatible; AhrefsBot/4.0; +http://ahrefs.com/robot/)"
183.12.2.166 - - [23/Dec/2012:02:07:40 -0500] "GET /resources.html HTTP/1.1" 200 18157 "http://libertyint.com/" "Mozilla/5.0 (Windows NT 6.1) AppleWebKit/537.11 (KHTML, like Gecko) Chrome/23.0.1271.97 Safari/537.11"
183.12.2.166 - - [23/Dec/2012:02:07:44 -0500] "GET /resources.html?1356246460 HTTP/1.1" 200 18157 "http://libertyint.com/resources.html" "Mozilla/5.0 (Windows NT 6.1) AppleWebKit/537.11 (KHTML, like Gecko) Chrome/23.0.1271.97 Safari/537.11"
183.12.2.166 - - [23/Dec/2012:02:07:46 -0500] "GET /LibertyInternationalFinal/resources.right.jpg HTTP/1.1" 200 9283 "http://libertyint.com/resources.html?1356246460" "Mozilla/5.0 (Windows NT 6.1) AppleWebKit/537.11 (KHTML, like Gecko) Chrome/23.0.1271.97 Safari/537.11"
183.12.2.166 - - [23/Dec/2012:02:07:46 -0500] "GET /LibertyInternationalFinal/resources.top.jpg HTTP/1.1" 200 91391 "http://libertyint.com/resources.html?1356246460" "Mozilla/5.0 (Windows NT 6.1) AppleWebKit/537.11 (KHTML, like Gecko) Chrome/23.0.1271.97 Safari/537.11"
183.12.2.166 - - [23/Dec/2012:02:07:46 -0500] "GET /LibertyInternationalFinalScripts/swfobject_modified.js HTTP/1.1" 404 575 "http://libertyint.com/resources.html?1356246460" "Mozilla/5.0 (Windows NT 6.1) AppleWebKit/537.11 (KHTML, like Gecko) Chrome/23.0.1271.97 Safari/537.11"
183.12.2.166 - - [23/Dec/2012:02:07:46 -0500] "GET /LibertyInternationalFinal/subBkg.png HTTP/1.1" 200 4493 "http://libertyint.com/resources.html?1356246460" "Mozilla/5.0 (Windows NT 6.1) AppleWebKit/537.11 (KHTML, like Gecko) Chrome/23.0.1271.97 Safari/537.11"
183.12.2.166 - - [23/Dec/2012:02:07:47 -0500] "GET /MenuBar.swf HTTP/1.1" 200 93342 "http://libertyint.com/resources.html?1356246460" "Mozilla/5.0 (Windows NT 6.1) AppleWebKit/537.11 (KHTML, like Gecko) Chrome/23.0.1271.97 Safari/537.11"
183.12.2.166 - - [23/Dec/2012:02:24:31 -0500] "GET /paymentoptions.html HTTP/1.1" 200 14216 "http://libertyint.com/resources.html?1356246460" "Mozilla/5.0 (Windows NT 6.1) AppleWebKit/537.11 (KHTML, like Gecko) Chrome/23.0.1271.97 Safari/537.11"
183.12.2.166 - - [23/Dec/2012:02:24:32 -0500] "GET /LibertyInternationalFinal/resources.subtop.jpg HTTP/1.1" 200 63269 "http://libertyint.com/paymentoptions.html" "Mozilla/5.0 (Windows NT 6.1) AppleWebKit/537.11 (KHTML, like Gecko) Chrome/23.0.1271.97 Safari/537.11"
183.12.2.166 - - [23/Dec/2012:02:24:33 -0500] "GET /LibertyInternationalFinal/paymentoptions.bkg.png HTTP/1.1" 200 4330 "http://libertyint.com/paymentoptions.html" "Mozilla/5.0 (Windows NT 6.1) AppleWebKit/537.11 (KHTML, like Gecko) Chrome/23.0.1271.97 Safari/537.11"
183.12.2.166 - - [23/Dec/2012:02:24:33 -0500] "GET /LibertyInternationalFinal/paymentoptions.center.png HTTP/1.1" 200 139039 "http://libertyint.com/paymentoptions.html" "Mozilla/5.0 (Windows NT 6.1) AppleWebKit/537.11 (KHTML, like Gecko) Chrome/23.0.1271.97 Safari/537.11"
173.199.118.171 - - [23/Dec/2012:02:39:54 -0500] "GET /LibertyInternationalFinal/Documents/Credit%20Application.pdf HTTP/1.1" 200 48834 "-" "Mozilla/5.0 (compatible; AhrefsBot/4.0; +http://ahrefs.com/robot/)"
142.0.34.54 - - [23/Dec/2012:02:46:20 -0500] "HEAD / HTTP/1.1" 200 - "-" "Apache-HttpClient/4.2.2 (java 1.5)"
157.55.32.110 - - [23/Dec/2012:02:46:46 -0500] "GET /robots.txt HTTP/1.1" 200 146 "-" "Mozilla/5.0 (compatible; bingbot/2.0; +http://www.bing.com/bingbot.htm)"
213.110.133.221 - - [23/Dec/2012:02:46:50 -0500] "GET / HTTP/1.1" 200 16571 "http://www.echomsk.spb.ru/" "Mozilla/4.0 (compatible; Blog Search;)"
213.110.133.221 - - [23/Dec/2012:02:46:51 -0500] "GET / HTTP/1.1" 200 16571 "http://www.echomsk.spb.ru/" "Mozilla/4.0 (compatible; Blog Search;)"
157.55.32.110 - - [23/Dec/2012:02:48:42 -0500] "GET /LibertyInternationalFinal/Fact%20Sheets/Assist%20information.pdf HTTP/1.1" 200 114856 "-" "Mozilla/5.0 (compatible; bingbot/2.0; +http://www.bing.com/bingbot.htm)"
180.76.6.222 - - [23/Dec/2012:03:04:43 -0500] "GET /robots.txt HTTP/1.1" 200 146 "-" "Mozilla/5.0 (Windows NT 5.1; rv:6.0.2) Gecko/20100101 Firefox/6.0.2"
66.249.73.108 - - [23/Dec/2012:03:42:11 -0500] "GET / HTTP/1.1" 200 16571 "-" "Mozilla/5.0 (compatible; Googlebot/2.1; +http://www.google.com/bot.html)"
157.55.32.188 - - [23/Dec/2012:03:57:35 -0500] "GET /robots.txt HTTP/1.1" 200 146 "-" "Mozilla/5.0 (compatible; bingbot/2.0; +http://www.bing.com/bingbot.htm)"
157.55.32.188 - - [23/Dec/2012:03:59:42 -0500] "GET / HTTP/1.1" 304 - "-" "Mozilla/5.0 (compatible; bingbot/2.0; +http://www.bing.com/bingbot.htm)"
124.115.0.171 - - [23/Dec/2012:04:09:40 -0500] "GET / HTTP/1.1" 200 16571 "-" "Mozilla/5.0(compatible; Sosospider/2.0; +http://help.soso.com/webspider.htm)"
124.115.0.171 - - [23/Dec/2012:04:09:51 -0500] "GET /LibertyInternationalFinalScripts/swfobject_modified.js HTTP/1.1" 404 575 "http://www.libertyint.com/" "Mozilla/5.0(compatible; Sosospider/2.0; +http://help.soso.com/webspider.htm)"
188.134.38.252 - - [23/Dec/2012:04:11:39 -0500] "GET /%090/ HTTP/1.0" 404 575 "http://www.libertyint.com/%090/" "Opera/9.80 (Windows NT 6.1; WOW64; U; en) Presto/2.10.289 Version/12.00"
188.134.38.252 - - [23/Dec/2012:04:11:39 -0500] "GET / HTTP/1.0" 200 16571 "http://www.libertyint.com/" "Opera/9.80 (Windows NT 6.1; WOW64; U; en) Presto/2.10.289 Version/12.00"
66.249.73.108 - - [23/Dec/2012:04:21:57 -0500] "GET /CIQ%20Updates/ChinaCIQUpdate010511.pdf HTTP/1.1" 404 575 "-" "Mozilla/5.0 (compatible; Googlebot/2.1; +http://www.google.com/bot.html)"
208.115.111.75 - - [23/Dec/2012:04:32:42 -0500] "GET /robots.txt HTTP/1.1" 200 146 "-" "Mozilla/5.0 (compatible; Ezooms/1.0; ezooms.bot@gmail.com)"
208.115.111.75 - - [23/Dec/2012:05:08:11 -0500] "GET /governmentsites.html HTTP/1.1" 200 17055 "-" "Mozilla/5.0 (compatible; Ezooms/1.0; ezooms.bot@gmail.com)"
123.151.148.177 - - [23/Dec/2012:05:14:52 -0500] "GET / HTTP/1.1" 200 16571 "-" "Sosospider+(+http://help.soso.com/webspider.htm)"
178.33.122.74 - - [23/Dec/2012:05:16:48 -0500] "GET /index_files/Page1398.htm HTTP/1.1" 404 575 "-" "Mozilla/5.0 (X11; Linux i686; rv:6.0) Gecko/20100101 Firefox/6.0"
180.76.6.231 - - [23/Dec/2012:05:17:04 -0500] "GET /robots.txt HTTP/1.1" 200 146 "-" "Mozilla/5.0 (Windows NT 5.1; rv:6.0.2) Gecko/20100101 Firefox/6.0.2"
66.249.73.108 - - [23/Dec/2012:05:40:53 -0500] "GET /?best%20lv%20handbags HTTP/1.1" 304 - "-" "Mozilla/5.0 (compatible; Googlebot/2.1; +http://www.google.com/bot.html)"
98.137.207.134 - - [23/Dec/2012:05:46:50 -0500] "GET /index.htm HTTP/1.1" 404 575 "-" "Mozilla/5.0 (compatible; Yahoo! Slurp/3.0; http://help.yahoo.com/help/us/ysearch/slurp) NOT Firefox/3.5"
66.249.76.11 - - [23/Dec/2012:06:14:31 -0500] "GET /robots.txt HTTP/1.1" 200 146 "-" "Mozilla/5.0 (compatible; Googlebot/2.1; +http://www.google.com/bot.html)"
66.249.76.11 - - [23/Dec/2012:06:14:31 -0500] "GET /companynews.html HTTP/1.1" 304 - "-" "Mozilla/5.0 (compatible; Googlebot/2.1; +http://www.google.com/bot.html)"
72.192.47.116 - - [23/Dec/2012:06:22:08 -0500] "GET / HTTP/1.1" 304 - "-" "Mozilla/4.0 (compatible; MSIE 7.0; Windows NT 5.1; Trident/4.0; GTB7.4; .NET CLR 1.1.4322; .NET CLR 2.0.50727; eSobiSubscriber 2.0.4.16; .NET CLR 3.0.4506.2152; .NET CLR 3.5.30729)"
72.192.47.116 - - [23/Dec/2012:06:22:11 -0500] "GET /LibertyInternationalFinal/Scripts/swfobject_modified.js HTTP/1.1" 304 - "http://www.libertyint.com/" "Mozilla/4.0 (compatible; MSIE 7.0; Windows NT 5.1; Trident/4.0; GTB7.4; .NET CLR 1.1.4322; .NET CLR 2.0.50727; eSobiSubscriber 2.0.4.16; .NET CLR 3.0.4506.2152; .NET CLR 3.5.30729)"
72.192.47.116 - - [23/Dec/2012:06:22:11 -0500] "GET /LibertyInternationalFinalScripts/swfobject_modified.js HTTP/1.1" 404 575 "http://www.libertyint.com/" "Mozilla/4.0 (compatible; MSIE 7.0; Windows NT 5.1; Trident/4.0; GTB7.4; .NET CLR 1.1.4322; .NET CLR 2.0.50727; eSobiSubscriber 2.0.4.16; .NET CLR 3.0.4506.2152; .NET CLR 3.5.30729)"
72.192.47.116 - - [23/Dec/2012:06:22:14 -0500] "GET /LibertyInternationalFinal/Logo(State%201).png HTTP/1.1" 304 - "http://www.libertyint.com/" "Mozilla/4.0 (compatible; MSIE 7.0; Windows NT 5.1; Trident/4.0; GTB7.4; .NET CLR 1.1.4322; .NET CLR 2.0.50727; eSobiSubscriber 2.0.4.16; .NET CLR 3.0.4506.2152; .NET CLR 3.5.30729)"
72.192.47.116 - - [23/Dec/2012:06:22:14 -0500] "GET /LibertyInternationalFinal/libinttext.png HTTP/1.1" 304 - "http://www.libertyint.com/" "Mozilla/4.0 (compatible; MSIE 7.0; Windows NT 5.1; Trident/4.0; GTB7.4; .NET CLR 1.1.4322; .NET CLR 2.0.50727; eSobiSubscriber 2.0.4.16; .NET CLR 3.0.4506.2152; .NET CLR 3.5.30729)"
72.192.47.116 - - [23/Dec/2012:06:22:14 -0500] "GET /LibertyInternationalFinal/testBkg.png HTTP/1.1" 304 - "http://www.libertyint.com/" "Mozilla/4.0 (compatible; MSIE 7.0; Windows NT 5.1; Trident/4.0; GTB7.4; .NET CLR 1.1.4322; .NET CLR 2.0.50727; eSobiSubscriber 2.0.4.16; .NET CLR 3.0.4506.2152; .NET CLR 3.5.30729)"
72.192.47.116 - - [23/Dec/2012:06:22:14 -0500] "GET /LibertyInternationalFinal/smalldot.png HTTP/1.1" 304 - "http://www.libertyint.com/" "Mozilla/4.0 (compatible; MSIE 7.0; Windows NT 5.1; Trident/4.0; GTB7.4; .NET CLR 1.1.4322; .NET CLR 2.0.50727; eSobiSubscriber 2.0.4.16; .NET CLR 3.0.4506.2152; .NET CLR 3.5.30729)"
72.192.47.116 - - [23/Dec/2012:06:22:14 -0500] "GET /LibertyInternationalFinalScripts/swfobject_modified.js HTTP/1.1" 404 575 "http://www.libertyint.com/" "Mozilla/4.0 (compatible; MSIE 7.0; Windows NT 5.1; Trident/4.0; GTB7.4; .NET CLR 1.1.4322; .NET CLR 2.0.50727; eSobiSubscriber 2.0.4.16; .NET CLR 3.0.4506.2152; .NET CLR 3.5.30729)"
72.192.47.116 - - [23/Dec/2012:06:22:14 -0500] "GET /LibertyInternationalFinal/libinttext2.png HTTP/1.1" 304 - "http://www.libertyint.com/" "Mozilla/4.0 (compatible; MSIE 7.0; Windows NT 5.1; Trident/4.0; GTB7.4; .NET CLR 1.1.4322; .NET CLR 2.0.50727; eSobiSubscriber 2.0.4.16; .NET CLR 3.0.4506.2152; .NET CLR 3.5.30729)"
72.192.47.116 - - [23/Dec/2012:06:22:14 -0500] "GET /LibertyInternationalFinal/staticPicture.jpg HTTP/1.1" 304 - "http://www.libertyint.com/" "Mozilla/4.0 (compatible; MSIE 7.0; Windows NT 5.1; Trident/4.0; GTB7.4; .NET CLR 1.1.4322; .NET CLR 2.0.50727; eSobiSubscriber 2.0.4.16; .NET CLR 3.0.4506.2152; .NET CLR 3.5.30729)"
72.192.47.116 - - [23/Dec/2012:06:22:14 -0500] "GET /LibertyInternationalFinal/ctpat1.png HTTP/1.1" 304 - "http://www.libertyint.com/" "Mozilla/4.0 (compatible; MSIE 7.0; Windows NT 5.1; Trident/4.0; GTB7.4; .NET CLR 1.1.4322; .NET CLR 2.0.50727; eSobiSubscriber 2.0.4.16; .NET CLR 3.0.4506.2152; .NET CLR 3.5.30729)"
72.192.47.116 - - [23/Dec/2012:06:22:14 -0500] "GET /LibertyInternationalFinal/facebook1.png HTTP/1.1" 304 - "http://www.libertyint.com/" "Mozilla/4.0 (compatible; MSIE 7.0; Windows NT 5.1; Trident/4.0; GTB7.4; .NET CLR 1.1.4322; .NET CLR 2.0.50727; eSobiSubscriber 2.0.4.16; .NET CLR 3.0.4506.2152; .NET CLR 3.5.30729)"
72.192.47.116 - - [23/Dec/2012:06:22:14 -0500] "GET /LibertyInternationalFinal/linkedin1.png HTTP/1.1" 304 - "http://www.libertyint.com/" "Mozilla/4.0 (compatible; MSIE 7.0; Windows NT 5.1; Trident/4.0; GTB7.4; .NET CLR 1.1.4322; .NET CLR 2.0.50727; eSobiSubscriber 2.0.4.16; .NET CLR 3.0.4506.2152; .NET CLR 3.5.30729)"
72.192.47.116 - - [23/Dec/2012:06:22:14 -0500] "GET /LibertyInternationalFinal/youtube1.png HTTP/1.1" 304 - "http://www.libertyint.com/" "Mozilla/4.0 (compatible; MSIE 7.0; Windows NT 5.1; Trident/4.0; GTB7.4; .NET CLR 1.1.4322; .NET CLR 2.0.50727; eSobiSubscriber 2.0.4.16; .NET CLR 3.0.4506.2152; .NET CLR 3.5.30729)"
72.192.47.116 - - [23/Dec/2012:06:22:15 -0500] "GET /LibertyInternationalFinal/background1.png HTTP/1.1" 304 - "http://www.libertyint.com/" "Mozilla/4.0 (compatible; MSIE 7.0; Windows NT 5.1; Trident/4.0; GTB7.4; .NET CLR 1.1.4322; .NET CLR 2.0.50727; eSobiSubscriber 2.0.4.16; .NET CLR 3.0.4506.2152; .NET CLR 3.5.30729)"
72.192.47.116 - - [23/Dec/2012:06:22:16 -0500] "GET /LibertyInternationalFinal/Logo(State%202).png HTTP/1.1" 304 - "http://www.libertyint.com/" "Mozilla/4.0 (compatible; MSIE 7.0; Windows NT 5.1; Trident/4.0; GTB7.4; .NET CLR 1.1.4322; .NET CLR 2.0.50727; eSobiSubscriber 2.0.4.16; .NET CLR 3.0.4506.2152; .NET CLR 3.5.30729)"
72.192.47.116 - - [23/Dec/2012:06:22:16 -0500] "GET /LibertyInternationalFinal/ctpat2.png HTTP/1.1" 304 - "http://www.libertyint.com/" "Mozilla/4.0 (compatible; MSIE 7.0; Windows NT 5.1; Trident/4.0; GTB7.4; .NET CLR 1.1.4322; .NET CLR 2.0.50727; eSobiSubscriber 2.0.4.16; .NET CLR 3.0.4506.2152; .NET CLR 3.5.30729)"
72.192.47.116 - - [23/Dec/2012:06:22:16 -0500] "GET /LibertyInternationalFinal/facebook2.png HTTP/1.1" 304 - "http://www.libertyint.com/" "Mozilla/4.0 (compatible; MSIE 7.0; Windows NT 5.1; Trident/4.0; GTB7.4; .NET CLR 1.1.4322; .NET CLR 2.0.50727; eSobiSubscriber 2.0.4.16; .NET CLR 3.0.4506.2152; .NET CLR 3.5.30729)"
72.192.47.116 - - [23/Dec/2012:06:22:16 -0500] "GET /LibertyInternationalFinal/linkedin2.png HTTP/1.1" 304 - "http://www.libertyint.com/" "Mozilla/4.0 (compatible; MSIE 7.0; Windows NT 5.1; Trident/4.0; GTB7.4; .NET CLR 1.1.4322; .NET CLR 2.0.50727; eSobiSubscriber 2.0.4.16; .NET CLR 3.0.4506.2152; .NET CLR 3.5.30729)"
72.192.47.116 - - [23/Dec/2012:06:22:16 -0500] "GET /LibertyInternationalFinal/youtube2.png HTTP/1.1" 304 - "http://www.libertyint.com/" "Mozilla/4.0 (compatible; MSIE 7.0; Windows NT 5.1; Trident/4.0; GTB7.4; .NET CLR 1.1.4322; .NET CLR 2.0.50727; eSobiSubscriber 2.0.4.16; .NET CLR 3.0.4506.2152; .NET CLR 3.5.30729)"
72.192.47.116 - - [23/Dec/2012:06:22:16 -0500] "GET /LibertyInternationalFinal/ContactUs12.png HTTP/1.1" 404 575 "http://www.libertyint.com/" "Mozilla/4.0 (compatible; MSIE 7.0; Windows NT 5.1; Trident/4.0; GTB7.4; .NET CLR 1.1.4322; .NET CLR 2.0.50727; eSobiSubscriber 2.0.4.16; .NET CLR 3.0.4506.2152; .NET CLR 3.5.30729)"
72.192.47.116 - - [23/Dec/2012:06:22:16 -0500] "GET /MenuBarHomepage.swf HTTP/1.1" 304 - "http://www.libertyint.com/" "Mozilla/4.0 (compatible; MSIE 7.0; Windows NT 5.1; Trident/4.0; GTB7.4; .NET CLR 1.1.4322; .NET CLR 2.0.50727; eSobiSubscriber 2.0.4.16; .NET CLR 3.0.4506.2152; .NET CLR 3.5.30729)"
72.192.47.116 - - [23/Dec/2012:06:22:16 -0500] "GET /MainWindow.swf HTTP/1.1" 304 - "http://www.libertyint.com/" "Mozilla/4.0 (compatible; MSIE 7.0; Windows NT 5.1; Trident/4.0; GTB7.4; .NET CLR 1.1.4322; .NET CLR 2.0.50727; eSobiSubscriber 2.0.4.16; .NET CLR 3.0.4506.2152; .NET CLR 3.5.30729)"
218.30.103.141 - - [23/Dec/2012:06:27:42 -0500] "GET /robots.txt HTTP/1.1" 200 146 "-" "Sogou web spider/4.0"
218.30.103.141 - - [23/Dec/2012:06:28:14 -0500] "GET / HTTP/1.1" 200 16571 "-" "Sogou web spider/4.0(+http://www.sogou.com/docs/help/webmasters.htm#07)"
98.137.206.120 - - [23/Dec/2012:06:43:23 -0500] "GET /index.htm HTTP/1.1" 404 575 "-" "Mozilla/5.0 (compatible; Yahoo! Slurp/3.0; http://help.yahoo.com/help/us/ysearch/slurp) NOT Firefox/3.5"
173.199.120.75 - - [23/Dec/2012:07:07:23 -0500] "GET /LibertyInternationalFinal/Documents/POA.pdf HTTP/1.1" 200 55920 "-" "Mozilla/5.0 (compatible; AhrefsBot/4.0; +http://ahrefs.com/robot/)"
151.138.28.142 - - [23/Dec/2012:07:32:56 -0500] "GET / HTTP/1.1" 200 16571 "-" "Mozilla/5.0 (Windows; U; Windows NT 5.2; en-US) AppleWebKit/533.3 (KHTML, like Gecko) Qt/4.7.0 Safari/533.3"
151.138.28.142 - - [23/Dec/2012:07:32:56 -0500] "GET /LibertyInternationalFinal/Scripts/swfobject_modified.js HTTP/1.1" 200 21696 "http://www.libertyint.com/" "Mozilla/5.0 (Windows; U; Windows NT 5.2; en-US) AppleWebKit/533.3 (KHTML, like Gecko) Qt/4.7.0 Safari/533.3"
151.138.28.142 - - [23/Dec/2012:07:32:56 -0500] "GET /LibertyInternationalFinalScripts/swfobject_modified.js HTTP/1.1" 404 575 "http://www.libertyint.com/" "Mozilla/5.0 (Windows; U; Windows NT 5.2; en-US) AppleWebKit/533.3 (KHTML, like Gecko) Qt/4.7.0 Safari/533.3"
151.138.28.142 - - [23/Dec/2012:07:32:56 -0500] "GET /LibertyInternationalFinal/testBkg.png HTTP/1.1" 200 128762 "http://www.libertyint.com/" "Mozilla/5.0 (Windows; U; Windows NT 5.2; en-US) AppleWebKit/533.3 (KHTML, like Gecko) Qt/4.7.0 Safari/533.3"
151.138.28.142 - - [23/Dec/2012:07:32:56 -0500] "GET /LibertyInternationalFinal/libinttext.png HTTP/1.1" 200 3449 "http://www.libertyint.com/" "Mozilla/5.0 (Windows; U; Windows NT 5.2; en-US) AppleWebKit/533.3 (KHTML, like Gecko) Qt/4.7.0 Safari/533.3"
151.138.28.142 - - [23/Dec/2012:07:32:56 -0500] "GET /LibertyInternationalFinal/libinttext2.png HTTP/1.1" 200 3897 "http://www.libertyint.com/" "Mozilla/5.0 (Windows; U; Windows NT 5.2; en-US) AppleWebKit/533.3 (KHTML, like Gecko) Qt/4.7.0 Safari/533.3"
151.138.28.142 - - [23/Dec/2012:07:32:56 -0500] "GET /LibertyInternationalFinal/Logo(State%201).png HTTP/1.1" 200 24167 "http://www.libertyint.com/" "Mozilla/5.0 (Windows; U; Windows NT 5.2; en-US) AppleWebKit/533.3 (KHTML, like Gecko) Qt/4.7.0 Safari/533.3"
151.138.28.142 - - [23/Dec/2012:07:32:56 -0500] "GET /LibertyInternationalFinal/smalldot.png HTTP/1.1" 200 134 "http://www.libertyint.com/" "Mozilla/5.0 (Windows; U; Windows NT 5.2; en-US) AppleWebKit/533.3 (KHTML, like Gecko) Qt/4.7.0 Safari/533.3"
151.138.28.142 - - [23/Dec/2012:07:32:57 -0500] "GET /LibertyInternationalFinal/ctpat1.png HTTP/1.1" 200 5648 "http://www.libertyint.com/" "Mozilla/5.0 (Windows; U; Windows NT 5.2; en-US) AppleWebKit/533.3 (KHTML, like Gecko) Qt/4.7.0 Safari/533.3"
151.138.28.142 - - [23/Dec/2012:07:32:57 -0500] "GET /LibertyInternationalFinal/facebook1.png HTTP/1.1" 200 3514 "http://www.libertyint.com/" "Mozilla/5.0 (Windows; U; Windows NT 5.2; en-US) AppleWebKit/533.3 (KHTML, like Gecko) Qt/4.7.0 Safari/533.3"
151.138.28.142 - - [23/Dec/2012:07:32:57 -0500] "GET /LibertyInternationalFinal/staticPicture.jpg HTTP/1.1" 200 98028 "http://www.libertyint.com/" "Mozilla/5.0 (Windows; U; Windows NT 5.2; en-US) AppleWebKit/533.3 (KHTML, like Gecko) Qt/4.7.0 Safari/533.3"
151.138.28.142 - - [23/Dec/2012:07:32:57 -0500] "GET /LibertyInternationalFinal/linkedin1.png HTTP/1.1" 200 3975 "http://www.libertyint.com/" "Mozilla/5.0 (Windows; U; Windows NT 5.2; en-US) AppleWebKit/533.3 (KHTML, like Gecko) Qt/4.7.0 Safari/533.3"
151.138.28.142 - - [23/Dec/2012:07:32:57 -0500] "GET /LibertyInternationalFinal/youtube1.png HTTP/1.1" 200 3811 "http://www.libertyint.com/" "Mozilla/5.0 (Windows; U; Windows NT 5.2; en-US) AppleWebKit/533.3 (KHTML, like Gecko) Qt/4.7.0 Safari/533.3"
151.138.28.142 - - [23/Dec/2012:07:32:57 -0500] "GET /LibertyInternationalFinal/background1.png HTTP/1.1" 200 4249 "http://www.libertyint.com/" "Mozilla/5.0 (Windows; U; Windows NT 5.2; en-US) AppleWebKit/533.3 (KHTML, like Gecko) Qt/4.7.0 Safari/533.3"
151.138.28.142 - - [23/Dec/2012:07:32:57 -0500] "GET /MenuBarHomepage.swf HTTP/1.1" 200 100816 "-" "Mozilla/5.0 (Windows; U; Windows NT 5.2; en-US) AppleWebKit/533.3 (KHTML, like Gecko) Qt/4.7.0 Safari/533.3"
151.138.28.142 - - [23/Dec/2012:07:32:57 -0500] "GET /LibertyInternationalFinal/Logo(State%202).png HTTP/1.1" 200 24320 "http://www.libertyint.com/" "Mozilla/5.0 (Windows; U; Windows NT 5.2; en-US) AppleWebKit/533.3 (KHTML, like Gecko) Qt/4.7.0 Safari/533.3"
151.138.28.142 - - [23/Dec/2012:07:32:57 -0500] "GET /LibertyInternationalFinal/linkedin2.png HTTP/1.1" 200 4106 "http://www.libertyint.com/" "Mozilla/5.0 (Windows; U; Windows NT 5.2; en-US) AppleWebKit/533.3 (KHTML, like Gecko) Qt/4.7.0 Safari/533.3"
151.138.28.142 - - [23/Dec/2012:07:32:57 -0500] "GET /LibertyInternationalFinal/ctpat2.png HTTP/1.1" 200 5631 "http://www.libertyint.com/" "Mozilla/5.0 (Windows; U; Windows NT 5.2; en-US) AppleWebKit/533.3 (KHTML, like Gecko) Qt/4.7.0 Safari/533.3"
151.138.28.142 - - [23/Dec/2012:07:32:57 -0500] "GET /LibertyInternationalFinal/facebook2.png HTTP/1.1" 200 3714 "http://www.libertyint.com/" "Mozilla/5.0 (Windows; U; Windows NT 5.2; en-US) AppleWebKit/533.3 (KHTML, like Gecko) Qt/4.7.0 Safari/533.3"
151.138.28.142 - - [23/Dec/2012:07:32:57 -0500] "GET /LibertyInternationalFinal/youtube2.png HTTP/1.1" 200 3946 "http://www.libertyint.com/" "Mozilla/5.0 (Windows; U; Windows NT 5.2; en-US) AppleWebKit/533.3 (KHTML, like Gecko) Qt/4.7.0 Safari/533.3"
151.138.28.142 - - [23/Dec/2012:07:32:58 -0500] "GET /LibertyInternationalFinal/ContactUs12.png HTTP/1.1" 404 575 "http://www.libertyint.com/" "Mozilla/5.0 (Windows; U; Windows NT 5.2; en-US) AppleWebKit/533.3 (KHTML, like Gecko) Qt/4.7.0 Safari/533.3"
151.138.28.142 - - [23/Dec/2012:07:32:57 -0500] "GET /MainWindow.swf HTTP/1.1" 200 648573 "-" "Mozilla/5.0 (Windows; U; Windows NT 5.2; en-US) AppleWebKit/533.3 (KHTML, like Gecko) Qt/4.7.0 Safari/533.3"
142.0.34.54 - - [23/Dec/2012:07:48:34 -0500] "HEAD / HTTP/1.1" 200 - "-" "Apache-HttpClient/4.2.2 (java 1.5)"
222.214.218.211 - - [23/Dec/2012:07:57:47 -0500] "GET / HTTP/1.0" 200 16571 "http://www.firstchoiceuggs.co.uk" "Mozilla/5.0 (Windows NT 5.1; rv:14.0) Gecko/20100101 Firefox/14.0"
65.55.215.35 - - [23/Dec/2012:08:53:50 -0500] "GET /robots.txt HTTP/1.1" 200 146 "-" "msnbot-media/1.1 (+http://search.msn.com/msnbot.htm)"
65.55.215.35 - - [23/Dec/2012:08:53:50 -0500] "GET /LibertyInternationalFinal/pomanagement.bkg.png HTTP/1.1" 200 4964 "-" "msnbot-media/1.1 (+http://search.msn.com/msnbot.htm)"
91.223.75.118 - - [23/Dec/2012:09:24:26 -0500] "GET / HTTP/1.1" 200 16571 "http://serialist.org/" "Mozilla/4.0 (compatible; MSIE 6.0; Windows 98; Win 9x 4.90; Creative)"
91.223.75.118 - - [23/Dec/2012:09:24:27 -0500] "GET / HTTP/1.1" 200 16571 "http://serialist.org/" "Mozilla/4.0 (compatible; MSIE 6.0; Windows 98; Win 9x 4.90; Creative)"
157.55.32.188 - - [23/Dec/2012:09:34:19 -0500] "GET /robots.txt HTTP/1.1" 200 146 "-" "Mozilla/5.0 (compatible; bingbot/2.0; +http://www.bing.com/bingbot.htm)"
157.55.32.188 - - [23/Dec/2012:09:36:15 -0500] "GET / HTTP/1.1" 304 - "-" "Mozilla/5.0 (compatible; bingbot/2.0; +http://www.bing.com/bingbot.htm)"
100.43.83.152 - - [23/Dec/2012:09:47:45 -0500] "GET / HTTP/1.1" 200 16571 "-" "Mozilla/5.0 (compatible; YandexBot/3.0; +http://yandex.com/bots)"
65.55.213.80 - - [23/Dec/2012:09:53:49 -0500] "GET /robots.txt HTTP/1.1" 200 146 "-" "msnbot/2.0b (+http://search.msn.com/msnbot.htm)"
65.55.213.80 - - [23/Dec/2012:09:53:49 -0500] "GET / HTTP/1.1" 200 16571 "-" "msnbot/2.0b (+http://search.msn.com/msnbot.htm)"
65.55.213.80 - - [23/Dec/2012:09:53:55 -0500] "GET / HTTP/1.1" 200 16571 "-" "msnbot/2.0b (+http://search.msn.com/msnbot.htm)"
113.212.68.171 - - [23/Dec/2012:09:54:19 -0500] "GET /testimonials.html HTTP/1.1" 200 19511 "http://libertyint.com/" "Mozilla/4.0 (compatible; MSIE 7.0; Windows NT 5.1; Trident/4.0; .NET CLR 2.0.50727; .NET CLR 3.0.4506.2152; .NET CLR 3.5.30729)"
113.212.68.171 - - [23/Dec/2012:09:54:20 -0500] "GET /compliancedivision.html HTTP/1.1" 200 16369 "http://libertyint.com/" "Mozilla/4.0 (compatible; MSIE 7.0; Windows NT 5.1; Trident/4.0; .NET CLR 2.0.50727; .NET CLR 3.0.4506.2152; .NET CLR 3.5.30729)"
176.42.139.227 - - [23/Dec/2012:10:05:18 -0500] "GET /Consolidation%20Agents.xls HTTP/1.1" 404 575 "http://www.pdfindir.com/forwarder-m%C3%BC%C5%9Fteri-xls-1.html" "Mozilla/5.0 (Windows NT 6.1) AppleWebKit/537.11 (KHTML, like Gecko) Chrome/23.0.1271.97 Safari/537.11"
176.42.139.227 - - [23/Dec/2012:10:05:19 -0500] "GET /favicon.ico HTTP/1.1" 200 1150 "-" "Mozilla/5.0 (Windows NT 6.1) AppleWebKit/537.11 (KHTML, like Gecko) Chrome/23.0.1271.97 Safari/537.11"
66.249.76.11 - - [23/Dec/2012:10:24:22 -0500] "GET / HTTP/1.1" 304 - "-" "Mozilla/5.0 (compatible; Googlebot/2.1; +http://www.google.com/bot.html)"
74.103.239.172 - - [23/Dec/2012:10:52:34 -0500] "GET /LibertyInternationalFinalScripts/swfobject_modified.js HTTP/1.1" 404 575 "http://www.libertyint.com/" "Mozilla/5.0 (compatible; MSIE 9.0; Windows NT 6.1; Trident/5.0)"
74.103.239.172 - - [23/Dec/2012:10:52:36 -0500] "GET /LibertyInternationalFinal/ContactUs12.png HTTP/1.1" 404 575 "http://www.libertyint.com/" "Mozilla/5.0 (compatible; MSIE 9.0; Windows NT 6.1; Trident/5.0)"
124.115.0.167 - - [23/Dec/2012:10:53:02 -0500] "GET / HTTP/1.1" 200 16571 "-" "Mozilla/5.0(compatible; Sosospider/2.0; +http://help.soso.com/webspider.htm)"
124.115.0.167 - - [23/Dec/2012:10:53:14 -0500] "GET /LibertyInternationalFinalScripts/swfobject_modified.js HTTP/1.1" 404 575 "http://www.libertyint.com/" "Mozilla/5.0(compatible; Sosospider/2.0; +http://help.soso.com/webspider.htm)"
66.249.76.11 - - [23/Dec/2012:10:58:47 -0500] "GET /LibertyInternationalFinal/Documents/TSCA%20Statement.pdf HTTP/1.1" 200 6761 "-" "Mozilla/5.0 (compatible; Googlebot/2.1; +http://www.google.com/bot.html)"
157.55.36.45 - - [23/Dec/2012:11:01:02 -0500] "GET /robots.txt HTTP/1.1" 200 146 "-" "Mozilla/5.0 (compatible; bingbot/2.0; +http://www.bing.com/bingbot.htm)"
157.55.36.45 - - [23/Dec/2012:11:03:10 -0500] "GET /LibertyInternationalFinal/Documents/Letter%20of%20Guarantee.pdf HTTP/1.1" 200 52753 "-" "Mozilla/5.0 (compatible; bingbot/2.0; +http://www.bing.com/bingbot.htm)"
66.249.76.11 - - [23/Dec/2012:11:22:13 -0500] "GET /LibertyInternationalFinal/Fact%20Sheets/Liberty%20Acronym%20Dictionary.pdf HTTP/1.1" 200 30993 "-" "Mozilla/5.0 (compatible; Googlebot/2.1; +http://www.google.com/bot.html)"
123.151.148.177 - - [23/Dec/2012:11:34:36 -0500] "GET / HTTP/1.1" 200 16571 "-" "Sosospider+(+http://help.soso.com/webspider.htm)"
142.0.34.54 - - [23/Dec/2012:12:54:38 -0500] "HEAD / HTTP/1.1" 200 - "-" "Apache-HttpClient/4.2.2 (java 1.5)"
92.249.127.111 - - [23/Dec/2012:13:48:08 -0500] "GET / HTTP/1.1" 200 16571 "http://minecraftlive.net/" "Mozilla/5.0 (compatible; news bot /2.1)"
92.249.127.111 - - [23/Dec/2012:13:48:08 -0500] "GET / HTTP/1.1" 200 16571 "http://minecraftlive.net/" "Mozilla/5.0 (compatible; news bot /2.1)"
66.249.76.11 - - [23/Dec/2012:13:49:33 -0500] "GET /aboutus.html HTTP/1.1" 200 24127 "-" "Mozilla/5.0 (iPhone; U; CPU iPhone OS 4_1 like Mac OS X; en-us) AppleWebKit/532.9 (KHTML, like Gecko) Version/4.0.5 Mobile/8B117 Safari/6531.22.7 (compatible; Googlebot-Mobile/2.1; +http://www.google.com/bot.html)"
92.14.133.50 - - [23/Dec/2012:13:59:21 -0500] "GET /pomanagement.html HTTP/1.1" 200 15611 "http://www.google.co.uk/imgres?q=why+purchase+order+is+important&hl=en&sa=X&tbo=d&biw=1280&bih=652&tbm=isch&tbnid=7i7K_BcZlrqkcM:&imgrefurl=http://libertyint.com/pomanagement.html&docid=jSqSQol4cILnkM&imgurl=http://libertyint.com/LibertyInternationalFinal/pomanagement.left.png&w=600&h=557&ei=IlPXUMm4OszK0AXD04GQDw&zoom=1&iact=hc&vpx=2&vpy=2&dur=7386&hovh=216&hovw=233&tx=61&ty=134&sig=113151430502456218935&page=2&tbnh=119&tbnw=141&start=26&ndsp=26&ved=1t:429,r:45,s:0,i:229" "Mozilla/5.0 (compatible; MSIE 9.0; Windows NT 6.1; Trident/5.0)"
92.14.133.50 - - [23/Dec/2012:13:59:22 -0500] "GET /LibertyInternationalFinal/Logo(State%201).png HTTP/1.1" 200 24167 "http://libertyint.com/pomanagement.html" "Mozilla/5.0 (compatible; MSIE 9.0; Windows NT 6.1; Trident/5.0)"
92.14.133.50 - - [23/Dec/2012:13:59:22 -0500] "GET /LibertyInternationalFinal/libinttext2.png HTTP/1.1" 200 3897 "http://libertyint.com/pomanagement.html" "Mozilla/5.0 (compatible; MSIE 9.0; Windows NT 6.1; Trident/5.0)"
92.14.133.50 - - [23/Dec/2012:13:59:22 -0500] "GET /LibertyInternationalFinal/Scripts/swfobject_modified.js HTTP/1.1" 200 21696 "http://libertyint.com/pomanagement.html" "Mozilla/5.0 (compatible; MSIE 9.0; Windows NT 6.1; Trident/5.0)"
92.14.133.50 - - [23/Dec/2012:13:59:21 -0500] "GET /LibertyInternationalFinal/pomanagement.left.png HTTP/1.1" 200 114632 "http://www.google.co.uk/imgres?q=why+purchase+order+is+important&hl=en&sa=X&tbo=d&biw=1280&bih=652&tbm=isch&tbnid=7i7K_BcZlrqkcM:&imgrefurl=http://libertyint.com/pomanagement.html&docid=jSqSQol4cILnkM&imgurl=http://libertyint.com/LibertyInternationalFinal/pomanagement.left.png&w=600&h=557&ei=IlPXUMm4OszK0AXD04GQDw&zoom=1&iact=hc&vpx=2&vpy=2&dur=7386&hovh=216&hovw=233&tx=61&ty=134&sig=113151430502456218935&page=2&tbnh=119&tbnw=141&start=26&ndsp=26&ved=1t:429,r:45,s:0,i:229" "Mozilla/5.0 (compatible; MSIE 9.0; Windows NT 6.1; Trident/5.0)"
92.14.133.50 - - [23/Dec/2012:13:59:21 -0500] "GET /LibertyInternationalFinal/pomanagement.left.png HTTP/1.1" 200 114632 "http://www.google.co.uk/imgres?q=why+purchase+order+is+important&hl=en&sa=X&tbo=d&biw=1280&bih=652&tbm=isch&tbnid=7i7K_BcZlrqkcM:&imgrefurl=http://libertyint.com/pomanagement.html&docid=jSqSQol4cILnkM&imgurl=http://libertyint.com/LibertyInternationalFinal/pomanagement.left.png&w=600&h=557&ei=IlPXUMm4OszK0AXD04GQDw&zoom=1&iact=hc&vpx=2&vpy=2&dur=7386&hovh=216&hovw=233&tx=61&ty=134&sig=113151430502456218935&page=2&tbnh=119&tbnw=141&start=26&ndsp=26&ved=1t:429,r:45,s:0,i:229" "Mozilla/5.0 (compatible; MSIE 9.0; Windows NT 6.1; Trident/5.0)"
92.14.133.50 - - [23/Dec/2012:13:59:22 -0500] "GET /LibertyInternationalFinal/services.subtop.jpg HTTP/1.1" 200 25618 "http://libertyint.com/pomanagement.html" "Mozilla/5.0 (compatible; MSIE 9.0; Windows NT 6.1; Trident/5.0)"
92.14.133.50 - - [23/Dec/2012:13:59:22 -0500] "GET /LibertyInternationalFinal/libinttext.png HTTP/1.1" 200 3449 "http://libertyint.com/pomanagement.html" "Mozilla/5.0 (compatible; MSIE 9.0; Windows NT 6.1; Trident/5.0)"
92.14.133.50 - - [23/Dec/2012:13:59:22 -0500] "GET /LibertyInternationalFinal/smalldot.png HTTP/1.1" 200 134 "http://libertyint.com/pomanagement.html" "Mozilla/5.0 (compatible; MSIE 9.0; Windows NT 6.1; Trident/5.0)"
92.14.133.50 - - [23/Dec/2012:13:59:22 -0500] "GET /LibertyInternationalFinal/testBkg.png HTTP/1.1" 200 128762 "http://libertyint.com/pomanagement.html" "Mozilla/5.0 (compatible; MSIE 9.0; Windows NT 6.1; Trident/5.0)"
92.14.133.50 - - [23/Dec/2012:13:59:23 -0500] "GET /LibertyInternationalFinal/ctpat1.png HTTP/1.1" 200 5648 "http://libertyint.com/pomanagement.html" "Mozilla/5.0 (compatible; MSIE 9.0; Windows NT 6.1; Trident/5.0)"
92.14.133.50 - - [23/Dec/2012:13:59:23 -0500] "GET /LibertyInternationalFinal/facebook1.png HTTP/1.1" 200 3514 "http://libertyint.com/pomanagement.html" "Mozilla/5.0 (compatible; MSIE 9.0; Windows NT 6.1; Trident/5.0)"
92.14.133.50 - - [23/Dec/2012:13:59:23 -0500] "GET /LibertyInternationalFinal/linkedin1.png HTTP/1.1" 200 3975 "http://libertyint.com/pomanagement.html" "Mozilla/5.0 (compatible; MSIE 9.0; Windows NT 6.1; Trident/5.0)"
92.14.133.50 - - [23/Dec/2012:13:59:23 -0500] "GET /LibertyInternationalFinal/youtube1.png HTTP/1.1" 200 3811 "http://libertyint.com/pomanagement.html" "Mozilla/5.0 (compatible; MSIE 9.0; Windows NT 6.1; Trident/5.0)"
92.14.133.50 - - [23/Dec/2012:13:59:23 -0500] "GET /MenuBar.swf HTTP/1.1" 200 93342 "http://libertyint.com/pomanagement.html" "Mozilla/5.0 (compatible; MSIE 9.0; Windows NT 6.1; Trident/5.0)"
92.14.133.50 - - [23/Dec/2012:13:59:23 -0500] "GET /LibertyInternationalFinal/pomanagement.bkg.png HTTP/1.1" 200 4964 "http://libertyint.com/pomanagement.html" "Mozilla/5.0 (compatible; MSIE 9.0; Windows NT 6.1; Trident/5.0)"
92.14.133.50 - - [23/Dec/2012:13:59:24 -0500] "GET /LibertyInternationalFinal/Logo(State%202).png HTTP/1.1" 200 24320 "http://libertyint.com/pomanagement.html" "Mozilla/5.0 (compatible; MSIE 9.0; Windows NT 6.1; Trident/5.0)"
66.249.76.11 - - [23/Dec/2012:14:07:45 -0500] "GET /industrylinks.html HTTP/1.1" 200 24502 "-" "Mozilla/5.0 (compatible; Googlebot/2.1; +http://www.google.com/bot.html)"
123.125.71.16 - - [23/Dec/2012:14:08:15 -0500] "GET / HTTP/1.1" 304 - "-" "Mozilla/5.0 (compatible; Baiduspider/2.0; +http://www.baidu.com/search/spider.html)"
100.43.83.152 - - [23/Dec/2012:14:28:17 -0500] "GET /robots.txt HTTP/1.1" 200 146 "-" "Mozilla/5.0 (compatible; YandexBot/3.0; +http://yandex.com/bots)"
173.199.115.147 - - [23/Dec/2012:14:48:20 -0500] "GET /globaltransportation.html HTTP/1.1" 200 25756 "-" "Mozilla/5.0 (compatible; AhrefsBot/4.0; +http://ahrefs.com/robot/)"
65.55.213.74 - - [23/Dec/2012:14:54:55 -0500] "GET / HTTP/1.1" 200 16571 "-" "msnbot/2.0b (+http://search.msn.com/msnbot.htm)"
178.165.70.123 - - [23/Dec/2012:15:06:23 -0500] "HEAD /\t0/ HTTP/1.1" 200 - "-" "Mozilla/3.0 (compatible; Indy Library)"
178.165.70.123 - - [23/Dec/2012:15:06:23 -0500] "HEAD /\t0/ HTTP/1.1" 200 - "-" "Mozilla/4.0 (compatible; MSIE 7.0; Windows NT 6.0; GTB6; SLCC1; .NET CLR 2.0.50727; .NET CLR 3.0.04506)"
178.165.70.123 - - [23/Dec/2012:15:06:24 -0500] "GET /\t0/ HTTP/1.1" 200 16571 "-" "Mozilla/4.0 (compatible; MSIE 7.0; Windows NT 6.0; GTB6; SLCC1; .NET CLR 2.0.50727; .NET CLR 3.0.04506)"
184.22.183.114 - - [23/Dec/2012:15:17:33 -0500] "GET /Consolidation%20Agents.xls HTTP/1.1" 404 575 "-" "Mozilla/5.0 (X11; Linux i686; rv:6.0) Gecko/20100101 Firefox/6.0"
65.55.211.156 - - [23/Dec/2012:15:33:34 -0500] "GET /robots.txt HTTP/1.1" 200 146 "-" "msnbot-media/1.1 (+http://search.msn.com/msnbot.htm)"
65.55.211.156 - - [23/Dec/2012:15:33:34 -0500] "GET /LibertyInternationalFinal/certifications.left.png HTTP/1.1" 200 138412 "-" "msnbot-media/1.1 (+http://search.msn.com/msnbot.htm)"
66.249.76.191 - - [23/Dec/2012:15:46:58 -0500] "GET /robots.txt HTTP/1.1" 200 146 "-" "Mozilla/5.0 (compatible; Googlebot/2.1; +http://www.google.com/bot.html)"
66.249.76.191 - - [23/Dec/2012:15:46:58 -0500] "GET / HTTP/1.1" 200 16571 "-" "SAMSUNG-SGH-E250/1.0 Profile/MIDP-2.0 Configuration/CLDC-1.1 UP.Browser/6.2.3.3.c.1.101 (GUI) MMP/2.0 (compatible; Googlebot-Mobile/2.1; +http://www.google.com/bot.html)"
72.192.47.116 - - [23/Dec/2012:16:06:58 -0500] "GET / HTTP/1.1" 304 - "-" "Mozilla/4.0 (compatible; MSIE 7.0; Windows NT 5.1; Trident/4.0; GTB7.4; .NET CLR 1.1.4322; .NET CLR 2.0.50727; eSobiSubscriber 2.0.4.16; .NET CLR 3.0.4506.2152; .NET CLR 3.5.30729)"
72.192.47.116 - - [23/Dec/2012:16:06:58 -0500] "GET /LibertyInternationalFinal/Scripts/swfobject_modified.js HTTP/1.1" 304 - "http://www.libertyint.com/" "Mozilla/4.0 (compatible; MSIE 7.0; Windows NT 5.1; Trident/4.0; GTB7.4; .NET CLR 1.1.4322; .NET CLR 2.0.50727; eSobiSubscriber 2.0.4.16; .NET CLR 3.0.4506.2152; .NET CLR 3.5.30729)"
72.192.47.116 - - [23/Dec/2012:16:06:58 -0500] "GET /LibertyInternationalFinalScripts/swfobject_modified.js HTTP/1.1" 404 575 "http://www.libertyint.com/" "Mozilla/4.0 (compatible; MSIE 7.0; Windows NT 5.1; Trident/4.0; GTB7.4; .NET CLR 1.1.4322; .NET CLR 2.0.50727; eSobiSubscriber 2.0.4.16; .NET CLR 3.0.4506.2152; .NET CLR 3.5.30729)"
72.192.47.116 - - [23/Dec/2012:16:06:59 -0500] "GET /LibertyInternationalFinal/Logo(State%201).png HTTP/1.1" 304 - "http://www.libertyint.com/" "Mozilla/4.0 (compatible; MSIE 7.0; Windows NT 5.1; Trident/4.0; GTB7.4; .NET CLR 1.1.4322; .NET CLR 2.0.50727; eSobiSubscriber 2.0.4.16; .NET CLR 3.0.4506.2152; .NET CLR 3.5.30729)"
72.192.47.116 - - [23/Dec/2012:16:06:59 -0500] "GET /LibertyInternationalFinal/libinttext.png HTTP/1.1" 304 - "http://www.libertyint.com/" "Mozilla/4.0 (compatible; MSIE 7.0; Windows NT 5.1; Trident/4.0; GTB7.4; .NET CLR 1.1.4322; .NET CLR 2.0.50727; eSobiSubscriber 2.0.4.16; .NET CLR 3.0.4506.2152; .NET CLR 3.5.30729)"
72.192.47.116 - - [23/Dec/2012:16:06:59 -0500] "GET /LibertyInternationalFinalScripts/swfobject_modified.js HTTP/1.1" 404 575 "http://www.libertyint.com/" "Mozilla/4.0 (compatible; MSIE 7.0; Windows NT 5.1; Trident/4.0; GTB7.4; .NET CLR 1.1.4322; .NET CLR 2.0.50727; eSobiSubscriber 2.0.4.16; .NET CLR 3.0.4506.2152; .NET CLR 3.5.30729)"
72.192.47.116 - - [23/Dec/2012:16:06:59 -0500] "GET /LibertyInternationalFinal/libinttext2.png HTTP/1.1" 304 - "http://www.libertyint.com/" "Mozilla/4.0 (compatible; MSIE 7.0; Windows NT 5.1; Trident/4.0; GTB7.4; .NET CLR 1.1.4322; .NET CLR 2.0.50727; eSobiSubscriber 2.0.4.16; .NET CLR 3.0.4506.2152; .NET CLR 3.5.30729)"
72.192.47.116 - - [23/Dec/2012:16:06:59 -0500] "GET /LibertyInternationalFinal/smalldot.png HTTP/1.1" 304 - "http://www.libertyint.com/" "Mozilla/4.0 (compatible; MSIE 7.0; Windows NT 5.1; Trident/4.0; GTB7.4; .NET CLR 1.1.4322; .NET CLR 2.0.50727; eSobiSubscriber 2.0.4.16; .NET CLR 3.0.4506.2152; .NET CLR 3.5.30729)"
72.192.47.116 - - [23/Dec/2012:16:06:59 -0500] "GET /LibertyInternationalFinal/testBkg.png HTTP/1.1" 304 - "http://www.libertyint.com/" "Mozilla/4.0 (compatible; MSIE 7.0; Windows NT 5.1; Trident/4.0; GTB7.4; .NET CLR 1.1.4322; .NET CLR 2.0.50727; eSobiSubscriber 2.0.4.16; .NET CLR 3.0.4506.2152; .NET CLR 3.5.30729)"
72.192.47.116 - - [23/Dec/2012:16:06:59 -0500] "GET /LibertyInternationalFinal/staticPicture.jpg HTTP/1.1" 304 - "http://www.libertyint.com/" "Mozilla/4.0 (compatible; MSIE 7.0; Windows NT 5.1; Trident/4.0; GTB7.4; .NET CLR 1.1.4322; .NET CLR 2.0.50727; eSobiSubscriber 2.0.4.16; .NET CLR 3.0.4506.2152; .NET CLR 3.5.30729)"
72.192.47.116 - - [23/Dec/2012:16:06:59 -0500] "GET /LibertyInternationalFinal/ctpat1.png HTTP/1.1" 304 - "http://www.libertyint.com/" "Mozilla/4.0 (compatible; MSIE 7.0; Windows NT 5.1; Trident/4.0; GTB7.4; .NET CLR 1.1.4322; .NET CLR 2.0.50727; eSobiSubscriber 2.0.4.16; .NET CLR 3.0.4506.2152; .NET CLR 3.5.30729)"
72.192.47.116 - - [23/Dec/2012:16:06:59 -0500] "GET /LibertyInternationalFinal/facebook1.png HTTP/1.1" 304 - "http://www.libertyint.com/" "Mozilla/4.0 (compatible; MSIE 7.0; Windows NT 5.1; Trident/4.0; GTB7.4; .NET CLR 1.1.4322; .NET CLR 2.0.50727; eSobiSubscriber 2.0.4.16; .NET CLR 3.0.4506.2152; .NET CLR 3.5.30729)"
72.192.47.116 - - [23/Dec/2012:16:06:59 -0500] "GET /LibertyInternationalFinal/youtube1.png HTTP/1.1" 304 - "http://www.libertyint.com/" "Mozilla/4.0 (compatible; MSIE 7.0; Windows NT 5.1; Trident/4.0; GTB7.4; .NET CLR 1.1.4322; .NET CLR 2.0.50727; eSobiSubscriber 2.0.4.16; .NET CLR 3.0.4506.2152; .NET CLR 3.5.30729)"
72.192.47.116 - - [23/Dec/2012:16:06:59 -0500] "GET /LibertyInternationalFinal/linkedin1.png HTTP/1.1" 304 - "http://www.libertyint.com/" "Mozilla/4.0 (compatible; MSIE 7.0; Windows NT 5.1; Trident/4.0; GTB7.4; .NET CLR 1.1.4322; .NET CLR 2.0.50727; eSobiSubscriber 2.0.4.16; .NET CLR 3.0.4506.2152; .NET CLR 3.5.30729)"
72.192.47.116 - - [23/Dec/2012:16:06:59 -0500] "GET /LibertyInternationalFinal/background1.png HTTP/1.1" 304 - "http://www.libertyint.com/" "Mozilla/4.0 (compatible; MSIE 7.0; Windows NT 5.1; Trident/4.0; GTB7.4; .NET CLR 1.1.4322; .NET CLR 2.0.50727; eSobiSubscriber 2.0.4.16; .NET CLR 3.0.4506.2152; .NET CLR 3.5.30729)"
72.192.47.116 - - [23/Dec/2012:16:06:59 -0500] "GET /MenuBarHomepage.swf HTTP/1.1" 304 - "http://www.libertyint.com/" "Mozilla/4.0 (compatible; MSIE 7.0; Windows NT 5.1; Trident/4.0; GTB7.4; .NET CLR 1.1.4322; .NET CLR 2.0.50727; eSobiSubscriber 2.0.4.16; .NET CLR 3.0.4506.2152; .NET CLR 3.5.30729)"
72.192.47.116 - - [23/Dec/2012:16:06:59 -0500] "GET /MainWindow.swf HTTP/1.1" 304 - "http://www.libertyint.com/" "Mozilla/4.0 (compatible; MSIE 7.0; Windows NT 5.1; Trident/4.0; GTB7.4; .NET CLR 1.1.4322; .NET CLR 2.0.50727; eSobiSubscriber 2.0.4.16; .NET CLR 3.0.4506.2152; .NET CLR 3.5.30729)"
72.192.47.116 - - [23/Dec/2012:16:07:00 -0500] "GET /LibertyInternationalFinal/Logo(State%202).png HTTP/1.1" 304 - "http://www.libertyint.com/" "Mozilla/4.0 (compatible; MSIE 7.0; Windows NT 5.1; Trident/4.0; GTB7.4; .NET CLR 1.1.4322; .NET CLR 2.0.50727; eSobiSubscriber 2.0.4.16; .NET CLR 3.0.4506.2152; .NET CLR 3.5.30729)"
72.192.47.116 - - [23/Dec/2012:16:07:00 -0500] "GET /LibertyInternationalFinal/ctpat2.png HTTP/1.1" 304 - "http://www.libertyint.com/" "Mozilla/4.0 (compatible; MSIE 7.0; Windows NT 5.1; Trident/4.0; GTB7.4; .NET CLR 1.1.4322; .NET CLR 2.0.50727; eSobiSubscriber 2.0.4.16; .NET CLR 3.0.4506.2152; .NET CLR 3.5.30729)"
72.192.47.116 - - [23/Dec/2012:16:07:00 -0500] "GET /LibertyInternationalFinal/ContactUs12.png HTTP/1.1" 404 575 "http://www.libertyint.com/" "Mozilla/4.0 (compatible; MSIE 7.0; Windows NT 5.1; Trident/4.0; GTB7.4; .NET CLR 1.1.4322; .NET CLR 2.0.50727; eSobiSubscriber 2.0.4.16; .NET CLR 3.0.4506.2152; .NET CLR 3.5.30729)"
72.192.47.116 - - [23/Dec/2012:16:07:00 -0500] "GET /LibertyInternationalFinal/facebook2.png HTTP/1.1" 304 - "http://www.libertyint.com/" "Mozilla/4.0 (compatible; MSIE 7.0; Windows NT 5.1; Trident/4.0; GTB7.4; .NET CLR 1.1.4322; .NET CLR 2.0.50727; eSobiSubscriber 2.0.4.16; .NET CLR 3.0.4506.2152; .NET CLR 3.5.30729)"
72.192.47.116 - - [23/Dec/2012:16:07:00 -0500] "GET /LibertyInternationalFinal/youtube2.png HTTP/1.1" 304 - "http://www.libertyint.com/" "Mozilla/4.0 (compatible; MSIE 7.0; Windows NT 5.1; Trident/4.0; GTB7.4; .NET CLR 1.1.4322; .NET CLR 2.0.50727; eSobiSubscriber 2.0.4.16; .NET CLR 3.0.4506.2152; .NET CLR 3.5.30729)"
72.192.47.116 - - [23/Dec/2012:16:07:00 -0500] "GET /LibertyInternationalFinal/linkedin2.png HTTP/1.1" 304 - "http://www.libertyint.com/" "Mozilla/4.0 (compatible; MSIE 7.0; Windows NT 5.1; Trident/4.0; GTB7.4; .NET CLR 1.1.4322; .NET CLR 2.0.50727; eSobiSubscriber 2.0.4.16; .NET CLR 3.0.4506.2152; .NET CLR 3.5.30729)"
174.62.216.181 - - [23/Dec/2012:16:09:18 -0500] "GET /LibertyInternationalFinalScripts/swfobject_modified.js HTTP/1.1" 404 575 "http://www.libertyint.com/" "Mozilla/4.0 (compatible; MSIE 7.0; Windows NT 6.1; WOW64; Trident/5.0; SLCC2; .NET CLR 2.0.50727; .NET CLR 3.5.30729; .NET CLR 3.0.30729; Media Center PC 6.0; NP06; .NET4.0C)"
174.62.216.181 - - [23/Dec/2012:16:09:19 -0500] "GET /LibertyInternationalFinal/ContactUs12.png HTTP/1.1" 404 575 "http://www.libertyint.com/" "Mozilla/4.0 (compatible; MSIE 7.0; Windows NT 6.1; WOW64; Trident/5.0; SLCC2; .NET CLR 2.0.50727; .NET CLR 3.5.30729; .NET CLR 3.0.30729; Media Center PC 6.0; NP06; .NET4.0C)"
5.9.113.104 - - [23/Dec/2012:16:17:48 -0500] "GET /Consolidation%20Agents.xls HTTP/1.1" 404 575 "http://www.libertyint.com/Consolidation%20Agents.xls" "Mozilla/4.0 (compatible; MSIE 6.0; Windows NT 5.1; SV1)"
5.9.113.104 - - [23/Dec/2012:16:17:49 -0500] "GET /Consolidation%20Agents.xls HTTP/1.1" 404 575 "http://www.libertyint.com/Consolidation%20Agents.xls" "Mozilla/4.0 (compatible; MSIE 6.0; Windows NT 5.1; SV1)"
100.43.83.152 - - [23/Dec/2012:16:24:55 -0500] "GET /sitemap.html HTTP/1.1" 304 - "-" "Mozilla/5.0 (compatible; YandexBot/3.0; +http://yandex.com/bots)"
173.199.115.147 - - [23/Dec/2012:16:36:55 -0500] "GET /aboutus.html HTTP/1.1" 200 24127 "-" "Mozilla/5.0 (compatible; AhrefsBot/4.0; +http://ahrefs.com/robot/)"
174.62.216.181 - - [23/Dec/2012:16:37:05 -0500] "GET /LibertyInternationalFinalScripts/swfobject_modified.js HTTP/1.1" 404 575 "http://www.libertyint.com/" "Mozilla/4.0 (compatible; MSIE 7.0; Windows NT 6.1; WOW64; Trident/5.0; SLCC2; .NET CLR 2.0.50727; .NET CLR 3.5.30729; .NET CLR 3.0.30729; Media Center PC 6.0; NP06; .NET4.0C)"
174.62.216.181 - - [23/Dec/2012:16:37:05 -0500] "GET /LibertyInternationalFinal/ContactUs12.png HTTP/1.1" 404 575 "http://www.libertyint.com/" "Mozilla/4.0 (compatible; MSIE 7.0; Windows NT 6.1; WOW64; Trident/5.0; SLCC2; .NET CLR 2.0.50727; .NET CLR 3.5.30729; .NET CLR 3.0.30729; Media Center PC 6.0; NP06; .NET4.0C)"
123.151.148.177 - - [23/Dec/2012:16:38:47 -0500] "GET / HTTP/1.1" 200 16571 "-" "Sosospider+(+http://help.soso.com/webspider.htm)"
123.151.148.177 - - [23/Dec/2012:16:38:51 -0500] "GET /LibertyInternationalFinal/Scripts/swfobject_modified.js HTTP/1.1" 200 21696 "http://www.libertyint.com/" "Sosospider+(+http://help.soso.com/webspider.htm)"
123.151.148.177 - - [23/Dec/2012:16:38:55 -0500] "GET /LibertyInternationalFinalScripts/swfobject_modified.js HTTP/1.1" 404 575 "http://www.libertyint.com/" "Sosospider+(+http://help.soso.com/webspider.htm)"
65.55.211.156 - - [23/Dec/2012:16:43:32 -0500] "GET /robots.txt HTTP/1.1" 200 146 "-" "msnbot-media/1.1 (+http://search.msn.com/msnbot.htm)"
65.55.211.156 - - [23/Dec/2012:16:43:32 -0500] "GET /LibertyInternationalFinal/certifications.left.png HTTP/1.1" 200 138412 "-" "msnbot-media/1.1 (+http://search.msn.com/msnbot.htm)"
174.62.216.181 - - [23/Dec/2012:17:09:24 -0500] "GET /LibertyInternationalFinalScripts/swfobject_modified.js HTTP/1.1" 404 575 "http://www.libertyint.com/" "Mozilla/4.0 (compatible; MSIE 7.0; Windows NT 6.1; WOW64; Trident/5.0; SLCC2; .NET CLR 2.0.50727; .NET CLR 3.5.30729; .NET CLR 3.0.30729; Media Center PC 6.0; NP06; .NET4.0C)"
174.62.216.181 - - [23/Dec/2012:17:09:25 -0500] "GET /LibertyInternationalFinal/ContactUs12.png HTTP/1.1" 404 575 "http://www.libertyint.com/" "Mozilla/4.0 (compatible; MSIE 7.0; Windows NT 6.1; WOW64; Trident/5.0; SLCC2; .NET CLR 2.0.50727; .NET CLR 3.5.30729; .NET CLR 3.0.30729; Media Center PC 6.0; NP06; .NET4.0C)"
174.62.216.181 - - [23/Dec/2012:17:13:35 -0500] "GET /LibertyInternationalFinalScripts/swfobject_modified.js HTTP/1.1" 404 575 "http://www.libertyint.com/" "Mozilla/4.0 (compatible; MSIE 7.0; Windows NT 6.1; WOW64; Trident/5.0; SLCC2; .NET CLR 2.0.50727; .NET CLR 3.5.30729; .NET CLR 3.0.30729; Media Center PC 6.0; NP06; .NET4.0C)"
174.62.216.181 - - [23/Dec/2012:17:13:41 -0500] "GET /LibertyInternationalFinal/ContactUs12.png HTTP/1.1" 404 575 "http://www.libertyint.com/" "Mozilla/4.0 (compatible; MSIE 7.0; Windows NT 6.1; WOW64; Trident/5.0; SLCC2; .NET CLR 2.0.50727; .NET CLR 3.5.30729; .NET CLR 3.0.30729; Media Center PC 6.0; NP06; .NET4.0C)"
173.199.115.147 - - [23/Dec/2012:17:18:43 -0500] "GET /termsandconditions.html HTTP/1.1" 200 38105 "-" "Mozilla/5.0 (compatible; AhrefsBot/4.0; +http://ahrefs.com/robot/)"
178.137.128.210 - - [23/Dec/2012:17:30:58 -0500] "GET / HTTP/1.1" 200 16571 "http://www.3carata.com.ua/" "Mozilla/4.0 (compatible; MSIE 6.0; Windows NT 5.0; KTXN)"
178.137.128.210 - - [23/Dec/2012:17:30:59 -0500] "GET / HTTP/1.1" 200 16571 "http://www.3carata.com.ua/" "Mozilla/4.0 (compatible; MSIE 6.0; Windows NT 5.0; KTXN)"
174.62.216.181 - - [23/Dec/2012:17:33:01 -0500] "GET /LibertyInternationalFinalScripts/swfobject_modified.js HTTP/1.1" 404 575 "http://www.libertyint.com/" "Mozilla/4.0 (compatible; MSIE 7.0; Windows NT 6.1; WOW64; Trident/5.0; SLCC2; .NET CLR 2.0.50727; .NET CLR 3.5.30729; .NET CLR 3.0.30729; Media Center PC 6.0; NP06; .NET4.0C)"
174.62.216.181 - - [23/Dec/2012:17:33:01 -0500] "GET /LibertyInternationalFinal/ContactUs12.png HTTP/1.1" 404 575 "http://www.libertyint.com/" "Mozilla/4.0 (compatible; MSIE 7.0; Windows NT 6.1; WOW64; Trident/5.0; SLCC2; .NET CLR 2.0.50727; .NET CLR 3.5.30729; .NET CLR 3.0.30729; Media Center PC 6.0; NP06; .NET4.0C)"
200.46.105.26 - - [23/Dec/2012:18:01:42 -0500] "GET / HTTP/1.1" 200 16571 "-" "Mozilla/5.0 (Windows NT 6.1; rv:16.0) Gecko/20100101 Firefox/16.0"
200.46.105.26 - - [23/Dec/2012:18:01:46 -0500] "GET /catalog/ HTTP/1.1" 404 575 "-" "Mozilla/5.0 (Windows NT 6.1; rv:16.0) Gecko/20100101 Firefox/16.0"
200.46.105.26 - - [23/Dec/2012:18:01:46 -0500] "GET /shop HTTP/1.1" 404 575 "-" "Mozilla/5.0 (Windows NT 6.1; rv:16.0) Gecko/20100101 Firefox/16.0"
200.46.105.26 - - [23/Dec/2012:18:01:46 -0500] "GET /oscommerce/ HTTP/1.1" 404 575 "-" "Mozilla/5.0 (Windows NT 6.1; rv:16.0) Gecko/20100101 Firefox/16.0"
123.125.71.115 - - [23/Dec/2012:18:03:47 -0500] "GET / HTTP/1.1" 304 - "-" "Mozilla/5.0 (compatible; Baiduspider/2.0; +http://www.baidu.com/search/spider.html)"
142.0.34.54 - - [23/Dec/2012:18:05:28 -0500] "HEAD / HTTP/1.1" 200 - "-" "Apache-HttpClient/4.2.2 (java 1.5)"
64.56.103.180 - - [23/Dec/2012:18:10:06 -0500] "GET / HTTP/1.1" 200 16571 "http://www.libertyint.com/" "Mozilla/4.0 (compatible; MSIE 9.0; Windows NT 6.0; .NET CLR 2.0.50727; .NET CLR 3.5.30729; .NET CLR 3.0.30729; .NET4.0C; .NET4.0E)"
64.56.103.180 - - [23/Dec/2012:18:10:18 -0500] "GET /index.html HTTP/1.1" 200 16571 "http://www.libertyint.com/" "Mozilla/4.0 (compatible; MSIE 9.0; Windows NT 6.0; .NET CLR 2.0.50727; .NET CLR 3.5.30729; .NET CLR 3.0.30729; .NET4.0C; .NET4.0E)"
64.56.103.180 - - [23/Dec/2012:18:10:26 -0500] "GET /services.html HTTP/1.1" 200 18752 "http://www.libertyint.com/" "Mozilla/4.0 (compatible; MSIE 9.0; Windows NT 6.0; .NET CLR 2.0.50727; .NET CLR 3.5.30729; .NET CLR 3.0.30729; .NET4.0C; .NET4.0E)"
64.56.103.180 - - [23/Dec/2012:18:10:35 -0500] "GET /resources.html HTTP/1.1" 200 18157 "http://www.libertyint.com/" "Mozilla/4.0 (compatible; MSIE 9.0; Windows NT 6.0; .NET CLR 2.0.50727; .NET CLR 3.5.30729; .NET CLR 3.0.30729; .NET4.0C; .NET4.0E)"
64.56.103.180 - - [23/Dec/2012:18:10:42 -0500] "GET /aboutus.html HTTP/1.1" 200 24127 "http://www.libertyint.com/" "Mozilla/4.0 (compatible; MSIE 9.0; Windows NT 6.0; .NET CLR 2.0.50727; .NET CLR 3.5.30729; .NET CLR 3.0.30729; .NET4.0C; .NET4.0E)"
64.56.103.180 - - [23/Dec/2012:18:10:49 -0500] "GET /sitemap.html HTTP/1.1" 200 15179 "http://www.libertyint.com/" "Mozilla/4.0 (compatible; MSIE 9.0; Windows NT 6.0; .NET CLR 2.0.50727; .NET CLR 3.5.30729; .NET CLR 3.0.30729; .NET4.0C; .NET4.0E)"
64.56.103.180 - - [23/Dec/2012:18:10:55 -0500] "GET /compliancedivision.html HTTP/1.1" 200 16369 "http://www.libertyint.com/" "Mozilla/4.0 (compatible; MSIE 9.0; Windows NT 6.0; .NET CLR 2.0.50727; .NET CLR 3.5.30729; .NET CLR 3.0.30729; .NET4.0C; .NET4.0E)"
64.56.103.180 - - [23/Dec/2012:18:11:01 -0500] "GET /contactus.html HTTP/1.1" 200 14970 "http://www.libertyint.com/" "Mozilla/4.0 (compatible; MSIE 9.0; Windows NT 6.0; .NET CLR 2.0.50727; .NET CLR 3.5.30729; .NET CLR 3.0.30729; .NET4.0C; .NET4.0E)"
