64.56.103.180 - - [23/Dec/2012:18:11:06 -0500] "GET /meetourteam.html HTTP/1.1" 200 18147 "http://www.libertyint.com/" "Mozilla/4.0 (compatible; MSIE 9.0; Windows NT 6.0; .NET CLR 2.0.50727; .NET CLR 3.5.30729; .NET CLR 3.0.30729; .NET4.0C; .NET4.0E)"
195.242.218.133 - - [23/Dec/2012:18:11:09 -0500] "GET / HTTP/1.1" 200 16571 "http://ngps1.ru/" "Mozilla/2.0 (compatible; MSIE 3.02; Windows CE; 240x320)"
195.242.218.133 - - [23/Dec/2012:18:11:10 -0500] "GET / HTTP/1.1" 200 16571 "http://ngps1.ru/" "Mozilla/2.0 (compatible; MSIE 3.02; Windows CE; 240x320)"
64.56.103.180 - - [23/Dec/2012:18:11:12 -0500] "GET /globaltransportation.html HTTP/1.1" 200 25756 "http://www.libertyint.com/" "Mozilla/4.0 (compatible; MSIE 9.0; Windows NT 6.0; .NET CLR 2.0.50727; .NET CLR 3.5.30729; .NET CLR 3.0.30729; .NET4.0C; .NET4.0E)"
64.56.103.180 - - [23/Dec/2012:18:11:18 -0500] "GET /clientservicesdivision.html HTTP/1.1" 200 15952 "http://www.libertyint.com/" "Mozilla/4.0 (compatible; MSIE 9.0; Windows NT 6.0; .NET CLR 2.0.50727; .NET CLR 3.5.30729; .NET CLR 3.0.30729; .NET4.0C; .NET4.0E)"
64.56.103.180 - - [23/Dec/2012:18:11:24 -0500] "GET /truckinganddistribution.html HTTP/1.1" 200 16439 "http://www.libertyint.com/" "Mozilla/4.0 (compatible; MSIE 9.0; Windows NT 6.0; .NET CLR 2.0.50727; .NET CLR 3.5.30729; .NET CLR 3.0.30729; .NET4.0C; .NET4.0E)"
64.56.103.180 - - [23/Dec/2012:18:11:35 -0500] "GET /valueaddedservices.html HTTP/1.1" 200 17633 "http://www.libertyint.com/" "Mozilla/4.0 (compatible; MSIE 9.0; Windows NT 6.0; .NET CLR 2.0.50727; .NET CLR 3.5.30729; .NET CLR 3.0.30729; .NET4.0C; .NET4.0E)"
64.56.103.180 - - [23/Dec/2012:18:11:40 -0500] "GET /marineinsurance.html HTTP/1.1" 200 16050 "http://www.libertyint.com/" "Mozilla/4.0 (compatible; MSIE 9.0; Windows NT 6.0; .NET CLR 2.0.50727; .NET CLR 3.5.30729; .NET CLR 3.0.30729; .NET4.0C; .NET4.0E)"
64.56.103.180 - - [23/Dec/2012:18:11:44 -0500] "GET /exportdivision.html HTTP/1.1" 200 15673 "http://www.libertyint.com/" "Mozilla/4.0 (compatible; MSIE 9.0; Windows NT 6.0; .NET CLR 2.0.50727; .NET CLR 3.5.30729; .NET CLR 3.0.30729; .NET4.0C; .NET4.0E)"
64.56.103.180 - - [23/Dec/2012:18:11:49 -0500] "GET /pomanagement.html HTTP/1.1" 200 15611 "http://www.libertyint.com/" "Mozilla/4.0 (compatible; MSIE 9.0; Windows NT 6.0; .NET CLR 2.0.50727; .NET CLR 3.5.30729; .NET CLR 3.0.30729; .NET4.0C; .NET4.0E)"
64.56.103.180 - - [23/Dec/2012:18:11:54 -0500] "GET /customsclearance.html HTTP/1.1" 200 17540 "http://www.libertyint.com/" "Mozilla/4.0 (compatible; MSIE 9.0; Windows NT 6.0; .NET CLR 2.0.50727; .NET CLR 3.5.30729; .NET CLR 3.0.30729; .NET4.0C; .NET4.0E)"
64.56.103.180 - - [23/Dec/2012:18:11:59 -0500] "GET /bonds.html HTTP/1.1" 200 19263 "http://www.libertyint.com/" "Mozilla/4.0 (compatible; MSIE 9.0; Windows NT 6.0; .NET CLR 2.0.50727; .NET CLR 3.5.30729; .NET CLR 3.0.30729; .NET4.0C; .NET4.0E)"
64.56.103.180 - - [23/Dec/2012:18:12:04 -0500] "GET /documents.html HTTP/1.1" 200 15831 "http://www.libertyint.com/" "Mozilla/4.0 (compatible; MSIE 9.0; Windows NT 6.0; .NET CLR 2.0.50727; .NET CLR 3.5.30729; .NET CLR 3.0.30729; .NET4.0C; .NET4.0E)"
64.56.103.180 - - [23/Dec/2012:18:12:12 -0500] "GET /factsheets.html HTTP/1.1" 200 15129 "http://www.libertyint.com/" "Mozilla/4.0 (compatible; MSIE 9.0; Windows NT 6.0; .NET CLR 2.0.50727; .NET CLR 3.5.30729; .NET CLR 3.0.30729; .NET4.0C; .NET4.0E)"
64.56.103.180 - - [23/Dec/2012:18:12:19 -0500] "GET /industrylinks.html HTTP/1.1" 200 24502 "http://www.libertyint.com/" "Mozilla/4.0 (compatible; MSIE 9.0; Windows NT 6.0; .NET CLR 2.0.50727; .NET CLR 3.5.30729; .NET CLR 3.0.30729; .NET4.0C; .NET4.0E)"
64.56.103.180 - - [23/Dec/2012:18:12:25 -0500] "GET /paymentoptions.html HTTP/1.1" 200 14216 "http://www.libertyint.com/" "Mozilla/4.0 (compatible; MSIE 9.0; Windows NT 6.0; .NET CLR 2.0.50727; .NET CLR 3.5.30729; .NET CLR 3.0.30729; .NET4.0C; .NET4.0E)"
64.56.103.180 - - [23/Dec/2012:18:12:30 -0500] "GET /termsandconditions.html HTTP/1.1" 200 38105 "http://www.libertyint.com/" "Mozilla/4.0 (compatible; MSIE 9.0; Windows NT 6.0; .NET CLR 2.0.50727; .NET CLR 3.5.30729; .NET CLR 3.0.30729; .NET4.0C; .NET4.0E)"
64.56.103.180 - - [23/Dec/2012:18:12:36 -0500] "GET /governmentsites.html HTTP/1.1" 200 17055 "http://www.libertyint.com/" "Mozilla/4.0 (compatible; MSIE 9.0; Windows NT 6.0; .NET CLR 2.0.50727; .NET CLR 3.5.30729; .NET CLR 3.0.30729; .NET4.0C; .NET4.0E)"
64.56.103.180 - - [23/Dec/2012:18:12:40 -0500] "GET /corporatememberships.html HTTP/1.1" 200 17366 "http://www.libertyint.com/" "Mozilla/4.0 (compatible; MSIE 9.0; Windows NT 6.0; .NET CLR 2.0.50727; .NET CLR 3.5.30729; .NET CLR 3.0.30729; .NET4.0C; .NET4.0E)"
64.56.103.180 - - [23/Dec/2012:18:12:46 -0500] "GET /ourservicephilosophy.html HTTP/1.1" 200 16111 "http://www.libertyint.com/" "Mozilla/4.0 (compatible; MSIE 9.0; Windows NT 6.0; .NET CLR 2.0.50727; .NET CLR 3.5.30729; .NET CLR 3.0.30729; .NET4.0C; .NET4.0E)"
64.56.103.180 - - [23/Dec/2012:18:12:51 -0500] "GET /companynews.html HTTP/1.1" 200 23107 "http://www.libertyint.com/" "Mozilla/4.0 (compatible; MSIE 9.0; Windows NT 6.0; .NET CLR 2.0.50727; .NET CLR 3.5.30729; .NET CLR 3.0.30729; .NET4.0C; .NET4.0E)"
64.56.103.180 - - [23/Dec/2012:18:12:55 -0500] "GET /certifications.html HTTP/1.1" 200 14974 "http://www.libertyint.com/" "Mozilla/4.0 (compatible; MSIE 9.0; Windows NT 6.0; .NET CLR 2.0.50727; .NET CLR 3.5.30729; .NET CLR 3.0.30729; .NET4.0C; .NET4.0E)"
64.56.103.180 - - [23/Dec/2012:18:13:00 -0500] "GET /testimonials.html HTTP/1.1" 200 19511 "http://www.libertyint.com/" "Mozilla/4.0 (compatible; MSIE 9.0; Windows NT 6.0; .NET CLR 2.0.50727; .NET CLR 3.5.30729; .NET CLR 3.0.30729; .NET4.0C; .NET4.0E)"
64.56.103.180 - - [23/Dec/2012:18:13:05 -0500] "GET /LibertyInternationalFinal/Bond%20Application.pdf HTTP/1.1" 200 312318 "http://www.libertyint.com/" "Mozilla/4.0 (compatible; MSIE 9.0; Windows NT 6.0; .NET CLR 2.0.50727; .NET CLR 3.5.30729; .NET CLR 3.0.30729; .NET4.0C; .NET4.0E)"
64.56.103.180 - - [23/Dec/2012:18:13:10 -0500] "GET /LibertyInternationalFinal/Documents/ACE%20Application.pdf HTTP/1.1" 200 504868 "http://www.libertyint.com/" "Mozilla/4.0 (compatible; MSIE 9.0; Windows NT 6.0; .NET CLR 2.0.50727; .NET CLR 3.5.30729; .NET CLR 3.0.30729; .NET4.0C; .NET4.0E)"
64.56.103.180 - - [23/Dec/2012:18:13:15 -0500] "GET /LibertyInternationalFinal/Documents/Credit%20Application.pdf HTTP/1.1" 200 48834 "http://www.libertyint.com/" "Mozilla/4.0 (compatible; MSIE 9.0; Windows NT 6.0; .NET CLR 2.0.50727; .NET CLR 3.5.30729; .NET CLR 3.0.30729; .NET4.0C; .NET4.0E)"
64.56.103.180 - - [23/Dec/2012:18:13:19 -0500] "GET /LibertyInternationalFinal/Documents/Fish%20&%20Wildlife%20Permit%20Application%20Form.pdf HTTP/1.1" 200 338008 "http://www.libertyint.com/" "Mozilla/4.0 (compatible; MSIE 9.0; Windows NT 6.0; .NET CLR 2.0.50727; .NET CLR 3.5.30729; .NET CLR 3.0.30729; .NET4.0C; .NET4.0E)"
64.56.103.180 - - [23/Dec/2012:18:13:24 -0500] "GET /LibertyInternationalFinal/Documents/ISF%20Request%20for%20Filing.pdf HTTP/1.1" 200 11209 "http://www.libertyint.com/" "Mozilla/4.0 (compatible; MSIE 9.0; Windows NT 6.0; .NET CLR 2.0.50727; .NET CLR 3.5.30729; .NET CLR 3.0.30729; .NET4.0C; .NET4.0E)"
64.56.103.180 - - [23/Dec/2012:18:13:28 -0500] "GET /LibertyInternationalFinal/Documents/Letter%20of%20Guarantee.pdf HTTP/1.1" 200 52753 "http://www.libertyint.com/" "Mozilla/4.0 (compatible; MSIE 9.0; Windows NT 6.0; .NET CLR 2.0.50727; .NET CLR 3.5.30729; .NET CLR 3.0.30729; .NET4.0C; .NET4.0E)"
64.56.103.180 - - [23/Dec/2012:18:13:31 -0500] "GET /LibertyInternationalFinal/Documents/POA.pdf HTTP/1.1" 200 55920 "http://www.libertyint.com/" "Mozilla/4.0 (compatible; MSIE 9.0; Windows NT 6.0; .NET CLR 2.0.50727; .NET CLR 3.5.30729; .NET CLR 3.0.30729; .NET4.0C; .NET4.0E)"
64.56.103.180 - - [23/Dec/2012:18:13:35 -0500] "GET /LibertyInternationalFinal/Documents/Consent%20to%20Screen%20Form.pdf HTTP/1.1" 200 20328 "http://www.libertyint.com/" "Mozilla/4.0 (compatible; MSIE 9.0; Windows NT 6.0; .NET CLR 2.0.50727; .NET CLR 3.5.30729; .NET CLR 3.0.30729; .NET4.0C; .NET4.0E)"
64.56.103.180 - - [23/Dec/2012:18:13:39 -0500] "GET /LibertyInternationalFinal/Documents/Shippers%20Letter%20of%20Instruction.pdf HTTP/1.1" 200 69948 "http://www.libertyint.com/" "Mozilla/4.0 (compatible; MSIE 9.0; Windows NT 6.0; .NET CLR 2.0.50727; .NET CLR 3.5.30729; .NET CLR 3.0.30729; .NET4.0C; .NET4.0E)"
64.56.103.180 - - [23/Dec/2012:18:13:46 -0500] "GET /LibertyInternationalFinal/Documents/TSCA%20Statement.pdf HTTP/1.1" 200 6761 "http://www.libertyint.com/" "Mozilla/4.0 (compatible; MSIE 9.0; Windows NT 6.0; .NET CLR 2.0.50727; .NET CLR 3.5.30729; .NET CLR 3.0.30729; .NET4.0C; .NET4.0E)"
64.56.103.180 - - [23/Dec/2012:18:14:02 -0500] "GET /LibertyInternationalFinal/Fact%20Sheets/Assist%20information.pdf HTTP/1.1" 200 114856 "http://www.libertyint.com/" "Mozilla/4.0 (compatible; MSIE 9.0; Windows NT 6.0; .NET CLR 2.0.50727; .NET CLR 3.5.30729; .NET CLR 3.0.30729; .NET4.0C; .NET4.0E)"
74.103.239.172 - - [23/Dec/2012:18:30:00 -0500] "GET /LibertyInternationalFinalScripts/swfobject_modified.js HTTP/1.1" 404 575 "http://www.libertyint.com/" "Mozilla/5.0 (compatible; MSIE 9.0; Windows NT 6.1; Trident/5.0)"
74.103.239.172 - - [23/Dec/2012:18:30:01 -0500] "GET /LibertyInternationalFinal/ContactUs12.png HTTP/1.1" 404 575 "http://www.libertyint.com/" "Mozilla/5.0 (compatible; MSIE 9.0; Windows NT 6.1; Trident/5.0)"
173.199.115.147 - - [23/Dec/2012:18:41:29 -0500] "GET /index.html HTTP/1.1" 200 16571 "-" "Mozilla/5.0 (compatible; AhrefsBot/4.0; +http://ahrefs.com/robot/)"
124.115.0.168 - - [23/Dec/2012:18:45:20 -0500] "GET / HTTP/1.1" 200 16571 "-" "Mozilla/5.0(compatible; Sosospider/2.0; +http://help.soso.com/webspider.htm)"
91.223.75.117 - - [23/Dec/2012:18:45:29 -0500] "GET / HTTP/1.1" 200 16571 "http://xn----8sblcmfjchwge2b.xn--p1ai/" "Mozilla/4.0 (compatible; MSIE 6.0; Windows NT 5.1; SV1)"
91.223.75.117 - - [23/Dec/2012:18:45:30 -0500] "GET / HTTP/1.1" 200 16571 "http://xn----8sblcmfjchwge2b.xn--p1ai/" "Mozilla/4.0 (compatible; MSIE 6.0; Windows NT 5.1; SV1)"
124.115.0.168 - - [23/Dec/2012:18:45:32 -0500] "GET /LibertyInternationalFinalScripts/swfobject_modified.js HTTP/1.1" 404 575 "http://www.libertyint.com/" "Mozilla/5.0(compatible; Sosospider/2.0; +http://help.soso.com/webspider.htm)"
124.115.6.17 - - [23/Dec/2012:18:58:23 -0500] "GET /robots.txt HTTP/1.1" 200 146 "-" "Mozilla/5.0(compatible; Sosospider/2.0; +http://help.soso.com/webspider.htm)"
173.199.115.147 - - [23/Dec/2012:18:59:33 -0500] "GET /resources.html HTTP/1.1" 200 18157 "-" "Mozilla/5.0 (compatible; AhrefsBot/4.0; +http://ahrefs.com/robot/)"
173.45.104.226 - - [23/Dec/2012:19:05:04 -0500] "GET / HTTP/1.1" 200 16571 "-" "Mozilla/5.0 (Windows NT 6.1; rv:16.0) Gecko/20100101 Firefox/16.0"
36.224.118.186 - - [23/Dec/2012:19:26:47 -0500] "GET / HTTP/1.1" 304 - "-" "Mozilla/4.0 (compatible; MSIE 8.0; Windows NT 5.1; Trident/4.0; .NET CLR 2.0.50727; .NET CLR 3.0.4506.2152; .NET CLR 3.5.30729; yie8)"
36.224.118.186 - - [23/Dec/2012:19:26:48 -0500] "GET /LibertyInternationalFinal/Scripts/swfobject_modified.js HTTP/1.1" 304 - "http://www.libertyint.com/" "Mozilla/4.0 (compatible; MSIE 8.0; Windows NT 5.1; Trident/4.0; .NET CLR 2.0.50727; .NET CLR 3.0.4506.2152; .NET CLR 3.5.30729; yie8)"
36.224.118.186 - - [23/Dec/2012:19:26:49 -0500] "GET /LibertyInternationalFinal/Scripts/swfobject_modified.js HTTP/1.1" 304 - "http://www.libertyint.com/" "Mozilla/4.0 (compatible; MSIE 8.0; Windows NT 5.1; Trident/4.0; .NET CLR 2.0.50727; .NET CLR 3.0.4506.2152; .NET CLR 3.5.30729; yie8)"
36.224.118.186 - - [23/Dec/2012:19:26:49 -0500] "GET /LibertyInternationalFinal/Logo(State%201).png HTTP/1.1" 304 - "http://www.libertyint.com/" "Mozilla/4.0 (compatible; MSIE 8.0; Windows NT 5.1; Trident/4.0; .NET CLR 2.0.50727; .NET CLR 3.0.4506.2152; .NET CLR 3.5.30729; yie8)"
36.224.118.186 - - [23/Dec/2012:19:26:51 -0500] "GET /LibertyInternationalFinal/libinttext.png HTTP/1.1" 304 - "http://www.libertyint.com/" "Mozilla/4.0 (compatible; MSIE 8.0; Windows NT 5.1; Trident/4.0; .NET CLR 2.0.50727; .NET CLR 3.0.4506.2152; .NET CLR 3.5.30729; yie8)"
36.224.118.186 - - [23/Dec/2012:19:26:51 -0500] "GET /LibertyInternationalFinal/libinttext2.png HTTP/1.1" 304 - "http://www.libertyint.com/" "Mozilla/4.0 (compatible; MSIE 8.0; Windows NT 5.1; Trident/4.0; .NET CLR 2.0.50727; .NET CLR 3.0.4506.2152; .NET CLR 3.5.30729; yie8)"
36.224.118.186 - - [23/Dec/2012:19:26:51 -0500] "GET /LibertyInternationalFinal/testBkg.png HTTP/1.1" 304 - "http://www.libertyint.com/" "Mozilla/4.0 (compatible; MSIE 8.0; Windows NT 5.1; Trident/4.0; .NET CLR 2.0.50727; .NET CLR 3.0.4506.2152; .NET CLR 3.5.30729; yie8)"
36.224.118.186 - - [23/Dec/2012:19:26:51 -0500] "GET /LibertyInternationalFinal/smalldot.png HTTP/1.1" 304 - "http://www.libertyint.com/" "Mozilla/4.0 (compatible; MSIE 8.0; Windows NT 5.1; Trident/4.0; .NET CLR 2.0.50727; .NET CLR 3.0.4506.2152; .NET CLR 3.5.30729; yie8)"
36.224.118.186 - - [23/Dec/2012:19:26:51 -0500] "GET /LibertyInternationalFinalScripts/swfobject_modified.js HTTP/1.1" 404 575 "http://www.libertyint.com/" "Mozilla/4.0 (compatible; MSIE 8.0; Windows NT 5.1; Trident/4.0; .NET CLR 2.0.50727; .NET CLR 3.0.4506.2152; .NET CLR 3.5.30729; yie8)"
36.224.118.186 - - [23/Dec/2012:19:26:51 -0500] "GET /LibertyInternationalFinal/staticPicture.jpg HTTP/1.1" 206 66084 "http://www.libertyint.com/" "Mozilla/4.0 (compatible; MSIE 8.0; Windows NT 5.1; Trident/4.0; .NET CLR 2.0.50727; .NET CLR 3.0.4506.2152; .NET CLR 3.5.30729; yie8)"
36.224.118.186 - - [23/Dec/2012:19:26:51 -0500] "GET /LibertyInternationalFinal/ctpat1.png HTTP/1.1" 304 - "http://www.libertyint.com/" "Mozilla/4.0 (compatible; MSIE 8.0; Windows NT 5.1; Trident/4.0; .NET CLR 2.0.50727; .NET CLR 3.0.4506.2152; .NET CLR 3.5.30729; yie8)"
36.224.118.186 - - [23/Dec/2012:19:26:51 -0500] "GET /LibertyInternationalFinal/facebook1.png HTTP/1.1" 304 - "http://www.libertyint.com/" "Mozilla/4.0 (compatible; MSIE 8.0; Windows NT 5.1; Trident/4.0; .NET CLR 2.0.50727; .NET CLR 3.0.4506.2152; .NET CLR 3.5.30729; yie8)"
36.224.118.186 - - [23/Dec/2012:19:26:51 -0500] "GET /LibertyInternationalFinal/linkedin1.png HTTP/1.1" 304 - "http://www.libertyint.com/" "Mozilla/4.0 (compatible; MSIE 8.0; Windows NT 5.1; Trident/4.0; .NET CLR 2.0.50727; .NET CLR 3.0.4506.2152; .NET CLR 3.5.30729; yie8)"
36.224.118.186 - - [23/Dec/2012:19:26:53 -0500] "GET /LibertyInternationalFinal/youtube1.png HTTP/1.1" 304 - "http://www.libertyint.com/" "Mozilla/4.0 (compatible; MSIE 8.0; Windows NT 5.1; Trident/4.0; .NET CLR 2.0.50727; .NET CLR 3.0.4506.2152; .NET CLR 3.5.30729; yie8)"
36.224.118.186 - - [23/Dec/2012:19:26:53 -0500] "GET /MainWindow.swf HTTP/1.1" 304 - "http://www.libertyint.com/" "Mozilla/4.0 (compatible; MSIE 8.0; Windows NT 5.1; Trident/4.0; .NET CLR 2.0.50727; .NET CLR 3.0.4506.2152; .NET CLR 3.5.30729; yie8)"
36.224.118.186 - - [23/Dec/2012:19:26:53 -0500] "GET /LibertyInternationalFinal/background1.png HTTP/1.1" 304 - "http://www.libertyint.com/" "Mozilla/4.0 (compatible; MSIE 8.0; Windows NT 5.1; Trident/4.0; .NET CLR 2.0.50727; .NET CLR 3.0.4506.2152; .NET CLR 3.5.30729; yie8)"
36.224.118.186 - - [23/Dec/2012:19:26:53 -0500] "GET /MenuBarHomepage.swf HTTP/1.1" 304 - "http://www.libertyint.com/" "Mozilla/4.0 (compatible; MSIE 8.0; Windows NT 5.1; Trident/4.0; .NET CLR 2.0.50727; .NET CLR 3.0.4506.2152; .NET CLR 3.5.30729; yie8)"
36.224.118.186 - - [23/Dec/2012:19:26:59 -0500] "GET /LibertyInternationalFinal/facebook2.png HTTP/1.1" 304 - "http://www.libertyint.com/" "Mozilla/4.0 (compatible; MSIE 8.0; Windows NT 5.1; Trident/4.0; .NET CLR 2.0.50727; .NET CLR 3.0.4506.2152; .NET CLR 3.5.30729; yie8)"
36.224.118.186 - - [23/Dec/2012:19:26:59 -0500] "GET /LibertyInternationalFinal/ContactUs12.png HTTP/1.1" 404 575 "http://www.libertyint.com/" "Mozilla/4.0 (compatible; MSIE 8.0; Windows NT 5.1; Trident/4.0; .NET CLR 2.0.50727; .NET CLR 3.0.4506.2152; .NET CLR 3.5.30729; yie8)"
36.224.118.186 - - [23/Dec/2012:19:26:59 -0500] "GET /LibertyInternationalFinal/youtube2.png HTTP/1.1" 304 - "http://www.libertyint.com/" "Mozilla/4.0 (compatible; MSIE 8.0; Windows NT 5.1; Trident/4.0; .NET CLR 2.0.50727; .NET CLR 3.0.4506.2152; .NET CLR 3.5.30729; yie8)"
36.224.118.186 - - [23/Dec/2012:19:26:59 -0500] "GET /LibertyInternationalFinal/Logo(State%202).png HTTP/1.1" 304 - "http://www.libertyint.com/" "Mozilla/4.0 (compatible; MSIE 8.0; Windows NT 5.1; Trident/4.0; .NET CLR 2.0.50727; .NET CLR 3.0.4506.2152; .NET CLR 3.5.30729; yie8)"
36.224.118.186 - - [23/Dec/2012:19:26:59 -0500] "GET /LibertyInternationalFinal/ctpat2.png HTTP/1.1" 304 - "http://www.libertyint.com/" "Mozilla/4.0 (compatible; MSIE 8.0; Windows NT 5.1; Trident/4.0; .NET CLR 2.0.50727; .NET CLR 3.0.4506.2152; .NET CLR 3.5.30729; yie8)"
36.224.118.186 - - [23/Dec/2012:19:26:59 -0500] "GET /LibertyInternationalFinal/linkedin2.png HTTP/1.1" 304 - "http://www.libertyint.com/" "Mozilla/4.0 (compatible; MSIE 8.0; Windows NT 5.1; Trident/4.0; .NET CLR 2.0.50727; .NET CLR 3.0.4506.2152; .NET CLR 3.5.30729; yie8)"
74.103.239.172 - - [23/Dec/2012:19:27:11 -0500] "GET /LibertyInternationalFinalScripts/swfobject_modified.js HTTP/1.1" 404 575 "http://www.libertyint.com/" "Mozilla/5.0 (compatible; MSIE 9.0; Windows NT 6.1; Trident/5.0)"
74.103.239.172 - - [23/Dec/2012:19:27:12 -0500] "GET /LibertyInternationalFinal/ContactUs12.png HTTP/1.1" 404 575 "http://www.libertyint.com/" "Mozilla/5.0 (compatible; MSIE 9.0; Windows NT 6.1; Trident/5.0)"
209.104.230.162 - - [23/Dec/2012:19:33:23 -0500] "GET / HTTP/1.1" 200 16571 "-" "Mozilla/5.0 (Windows NT 6.1; WOW64) AppleWebKit/537.11 (KHTML, like Gecko) Chrome/23.0.1271.97 Safari/537.11"
209.104.230.162 - - [23/Dec/2012:19:33:23 -0500] "GET /LibertyInternationalFinal/Scripts/swfobject_modified.js HTTP/1.1" 200 21696 "http://www.libertyint.com/" "Mozilla/5.0 (Windows NT 6.1; WOW64) AppleWebKit/537.11 (KHTML, like Gecko) Chrome/23.0.1271.97 Safari/537.11"
209.104.230.162 - - [23/Dec/2012:19:33:23 -0500] "GET /LibertyInternationalFinalScripts/swfobject_modified.js HTTP/1.1" 404 575 "http://www.libertyint.com/" "Mozilla/5.0 (Windows NT 6.1; WOW64) AppleWebKit/537.11 (KHTML, like Gecko) Chrome/23.0.1271.97 Safari/537.11"
209.104.230.162 - - [23/Dec/2012:19:33:24 -0500] "GET /MenuBarHomepage.swf HTTP/1.1" 200 100816 "http://www.libertyint.com/" "Mozilla/5.0 (Windows NT 6.1; WOW64) AppleWebKit/537.11 (KHTML, like Gecko) Chrome/23.0.1271.97 Safari/537.11"
209.104.230.162 - - [23/Dec/2012:19:33:24 -0500] "GET /LibertyInternationalFinal/Logo(State%201).png HTTP/1.1" 200 24167 "http://www.libertyint.com/" "Mozilla/5.0 (Windows NT 6.1; WOW64) AppleWebKit/537.11 (KHTML, like Gecko) Chrome/23.0.1271.97 Safari/537.11"
209.104.230.162 - - [23/Dec/2012:19:33:24 -0500] "GET /LibertyInternationalFinal/libinttext.png HTTP/1.1" 200 3449 "http://www.libertyint.com/" "Mozilla/5.0 (Windows NT 6.1; WOW64) AppleWebKit/537.11 (KHTML, like Gecko) Chrome/23.0.1271.97 Safari/537.11"
209.104.230.162 - - [23/Dec/2012:19:33:24 -0500] "GET /LibertyInternationalFinal/smalldot.png HTTP/1.1" 200 134 "http://www.libertyint.com/" "Mozilla/5.0 (Windows NT 6.1; WOW64) AppleWebKit/537.11 (KHTML, like Gecko) Chrome/23.0.1271.97 Safari/537.11"
209.104.230.162 - - [23/Dec/2012:19:33:24 -0500] "GET /LibertyInternationalFinal/libinttext2.png HTTP/1.1" 200 3897 "http://www.libertyint.com/" "Mozilla/5.0 (Windows NT 6.1; WOW64) AppleWebKit/537.11 (KHTML, like Gecko) Chrome/23.0.1271.97 Safari/537.11"
209.104.230.162 - - [23/Dec/2012:19:33:24 -0500] "GET /LibertyInternationalFinal/testBkg.png HTTP/1.1" 200 128762 "http://www.libertyint.com/" "Mozilla/5.0 (Windows NT 6.1; WOW64) AppleWebKit/537.11 (KHTML, like Gecko) Chrome/23.0.1271.97 Safari/537.11"
209.104.230.162 - - [23/Dec/2012:19:33:24 -0500] "GET /LibertyInternationalFinal/ctpat1.png HTTP/1.1" 200 5648 "http://www.libertyint.com/" "Mozilla/5.0 (Windows NT 6.1; WOW64) AppleWebKit/537.11 (KHTML, like Gecko) Chrome/23.0.1271.97 Safari/537.11"
209.104.230.162 - - [23/Dec/2012:19:33:24 -0500] "GET /LibertyInternationalFinal/staticPicture.jpg HTTP/1.1" 200 98028 "http://www.libertyint.com/" "Mozilla/5.0 (Windows NT 6.1; WOW64) AppleWebKit/537.11 (KHTML, like Gecko) Chrome/23.0.1271.97 Safari/537.11"
209.104.230.162 - - [23/Dec/2012:19:33:24 -0500] "GET /LibertyInternationalFinal/facebook1.png HTTP/1.1" 200 3514 "http://www.libertyint.com/" "Mozilla/5.0 (Windows NT 6.1; WOW64) AppleWebKit/537.11 (KHTML, like Gecko) Chrome/23.0.1271.97 Safari/537.11"
209.104.230.162 - - [23/Dec/2012:19:33:24 -0500] "GET /LibertyInternationalFinal/linkedin1.png HTTP/1.1" 200 3975 "http://www.libertyint.com/" "Mozilla/5.0 (Windows NT 6.1; WOW64) AppleWebKit/537.11 (KHTML, like Gecko) Chrome/23.0.1271.97 Safari/537.11"
209.104.230.162 - - [23/Dec/2012:19:33:24 -0500] "GET /LibertyInternationalFinal/youtube1.png HTTP/1.1" 200 3811 "http://www.libertyint.com/" "Mozilla/5.0 (Windows NT 6.1; WOW64) AppleWebKit/537.11 (KHTML, like Gecko) Chrome/23.0.1271.97 Safari/537.11"
209.104.230.162 - - [23/Dec/2012:19:33:24 -0500] "GET /LibertyInternationalFinal/background1.png HTTP/1.1" 200 4249 "http://www.libertyint.com/" "Mozilla/5.0 (Windows NT 6.1; WOW64) AppleWebKit/537.11 (KHTML, like Gecko) Chrome/23.0.1271.97 Safari/537.11"
209.104.230.162 - - [23/Dec/2012:19:33:24 -0500] "GET /MainWindow.swf HTTP/1.1" 200 648573 "http://www.libertyint.com/" "Mozilla/5.0 (Windows NT 6.1; WOW64) AppleWebKit/537.11 (KHTML, like Gecko) Chrome/23.0.1271.97 Safari/537.11"
74.208.218.190 - - [23/Dec/2012:19:39:45 -0500] "GET / HTTP/1.1" 200 16571 "-" "Mozilla/4.0 (compatible; MSIE 5.5; Windows NT 4.0)"
74.208.218.190 - - [23/Dec/2012:19:39:45 -0500] "GET /contactus.html HTTP/1.1" 200 14970 "-" "Mozilla/4.0 (compatible; MSIE 5.5; Windows NT 4.0)"
74.208.218.190 - - [23/Dec/2012:19:39:46 -0500] "GET /aboutus.html HTTP/1.1" 200 24127 "-" "Mozilla/4.0 (compatible; MSIE 5.5; Windows NT 4.0)"
74.208.218.190 - - [23/Dec/2012:19:39:46 -0500] "GET /meetourteam.html HTTP/1.1" 200 18147 "-" "Mozilla/4.0 (compatible; MSIE 5.5; Windows NT 4.0)"
74.208.218.190 - - [23/Dec/2012:19:39:47 -0500] "GET /mailto:jsneesby@libertyint.com HTTP/1.1" 404 575 "-" "Mozilla/4.0 (compatible; MSIE 5.5; Windows NT 4.0)"
74.208.218.190 - - [23/Dec/2012:19:39:47 -0500] "GET /contactus.html HTTP/1.1" 200 14970 "-" "Mozilla/4.0 (compatible; MSIE 5.5; Windows NT 4.0)"
74.208.218.190 - - [23/Dec/2012:19:39:48 -0500] "GET /aboutus.html HTTP/1.1" 200 24127 "-" "Mozilla/4.0 (compatible; MSIE 5.5; Windows NT 4.0)"
74.208.218.190 - - [23/Dec/2012:19:39:48 -0500] "GET /meetourteam.html HTTP/1.1" 200 18147 "-" "Mozilla/4.0 (compatible; MSIE 5.5; Windows NT 4.0)"
74.208.218.190 - - [23/Dec/2012:19:39:49 -0500] "GET /mailto:jsneesby@libertyint.com HTTP/1.1" 404 575 "-" "Mozilla/4.0 (compatible; MSIE 5.5; Windows NT 4.0)"
58.58.37.178 - - [23/Dec/2012:19:49:40 -0500] "GET / HTTP/1.1" 304 - "-" "Mozilla/4.0 (compatible; MSIE 8.0; Windows NT 5.1; Trident/4.0)"
58.58.37.178 - - [23/Dec/2012:19:49:40 -0500] "GET /LibertyInternationalFinalScripts/swfobject_modified.js HTTP/1.1" 404 575 "http://www.libertyint.com/" "Mozilla/4.0 (compatible; MSIE 8.0; Windows NT 5.1; Trident/4.0)"
58.58.37.178 - - [23/Dec/2012:19:49:41 -0500] "GET /LibertyInternationalFinal/Scripts/swfobject_modified.js HTTP/1.1" 304 - "http://www.libertyint.com/" "Mozilla/4.0 (compatible; MSIE 8.0; Windows NT 5.1; Trident/4.0)"
58.58.37.178 - - [23/Dec/2012:19:49:41 -0500] "GET /LibertyInternationalFinalScripts/swfobject_modified.js HTTP/1.1" 404 575 "http://www.libertyint.com/" "Mozilla/4.0 (compatible; MSIE 8.0; Windows NT 5.1; Trident/4.0)"
58.58.37.178 - - [23/Dec/2012:19:49:42 -0500] "GET /LibertyInternationalFinal/staticPicture.jpg HTTP/1.1" 200 98028 "http://www.libertyint.com/" "Mozilla/4.0 (compatible; MSIE 8.0; Windows NT 5.1; Trident/4.0)"
58.58.37.178 - - [23/Dec/2012:19:49:42 -0500] "GET /MenuBarHomepage.swf HTTP/1.1" 304 - "http://www.libertyint.com/" "Mozilla/4.0 (compatible; MSIE 8.0; Windows NT 5.1; Trident/4.0)"
58.58.37.178 - - [23/Dec/2012:19:49:42 -0500] "GET /MainWindow.swf HTTP/1.1" 304 - "http://www.libertyint.com/" "Mozilla/4.0 (compatible; MSIE 8.0; Windows NT 5.1; Trident/4.0)"
58.58.37.178 - - [23/Dec/2012:19:49:43 -0500] "GET /LibertyInternationalFinal/ContactUs12.png HTTP/1.1" 404 575 "http://www.libertyint.com/" "Mozilla/4.0 (compatible; MSIE 8.0; Windows NT 5.1; Trident/4.0)"
58.58.37.178 - - [23/Dec/2012:19:49:45 -0500] "GET /LibertyInternationalFinalScripts/swfobject_modified.js HTTP/1.1" 404 575 "http://www.libertyint.com/" "Mozilla/4.0 (compatible; MSIE 8.0; Windows NT 5.1; Trident/4.0)"
58.58.37.178 - - [23/Dec/2012:19:49:45 -0500] "GET /LibertyInternationalFinalScripts/swfobject_modified.js HTTP/1.1" 404 575 "http://www.libertyint.com/" "Mozilla/4.0 (compatible; MSIE 8.0; Windows NT 5.1; Trident/4.0)"
58.58.37.178 - - [23/Dec/2012:19:49:46 -0500] "GET /LibertyInternationalFinal/staticPicture.jpg HTTP/1.1" 200 98028 "http://www.libertyint.com/" "Mozilla/4.0 (compatible; MSIE 8.0; Windows NT 5.1; Trident/4.0)"
58.58.37.178 - - [23/Dec/2012:19:49:46 -0500] "GET /LibertyInternationalFinal/ContactUs12.png HTTP/1.1" 404 575 "http://www.libertyint.com/" "Mozilla/4.0 (compatible; MSIE 8.0; Windows NT 5.1; Trident/4.0)"
58.58.37.178 - - [23/Dec/2012:19:49:48 -0500] "GET /LibertyInternationalFinalScripts/swfobject_modified.js HTTP/1.1" 404 575 "http://www.libertyint.com/" "Mozilla/4.0 (compatible; MSIE 8.0; Windows NT 5.1; Trident/4.0)"
58.58.37.178 - - [23/Dec/2012:19:49:49 -0500] "GET /LibertyInternationalFinalScripts/swfobject_modified.js HTTP/1.1" 404 575 "http://www.libertyint.com/" "Mozilla/4.0 (compatible; MSIE 8.0; Windows NT 5.1; Trident/4.0)"
58.58.37.178 - - [23/Dec/2012:19:49:51 -0500] "GET /LibertyInternationalFinalScripts/swfobject_modified.js HTTP/1.1" 404 575 "http://www.libertyint.com/" "Mozilla/4.0 (compatible; MSIE 8.0; Windows NT 5.1; Trident/4.0)"
58.58.37.178 - - [23/Dec/2012:19:49:51 -0500] "GET /LibertyInternationalFinalScripts/swfobject_modified.js HTTP/1.1" 404 575 "http://www.libertyint.com/" "Mozilla/4.0 (compatible; MSIE 8.0; Windows NT 5.1; Trident/4.0)"
58.58.37.178 - - [23/Dec/2012:19:49:54 -0500] "GET /LibertyInternationalFinalScripts/swfobject_modified.js HTTP/1.1" 404 575 "http://www.libertyint.com/" "Mozilla/4.0 (compatible; MSIE 8.0; Windows NT 5.1; Trident/4.0)"
36.224.118.186 - - [23/Dec/2012:19:50:27 -0500] "GET / HTTP/1.1" 304 - "-" "Mozilla/4.0 (compatible; MSIE 8.0; Windows NT 5.1; Trident/4.0; .NET CLR 2.0.50727; .NET CLR 3.0.4506.2152; .NET CLR 3.5.30729; yie8)"
36.224.118.186 - - [23/Dec/2012:19:50:27 -0500] "GET /LibertyInternationalFinal/Scripts/swfobject_modified.js HTTP/1.1" 304 - "http://www.libertyint.com/" "Mozilla/4.0 (compatible; MSIE 8.0; Windows NT 5.1; Trident/4.0; .NET CLR 2.0.50727; .NET CLR 3.0.4506.2152; .NET CLR 3.5.30729; yie8)"
36.224.118.186 - - [23/Dec/2012:19:50:27 -0500] "GET /LibertyInternationalFinal/Scripts/swfobject_modified.js HTTP/1.1" 304 - "http://www.libertyint.com/" "Mozilla/4.0 (compatible; MSIE 8.0; Windows NT 5.1; Trident/4.0; .NET CLR 2.0.50727; .NET CLR 3.0.4506.2152; .NET CLR 3.5.30729; yie8)"
36.224.118.186 - - [23/Dec/2012:19:50:28 -0500] "GET /LibertyInternationalFinalScripts/swfobject_modified.js HTTP/1.1" 404 575 "http://www.libertyint.com/" "Mozilla/4.0 (compatible; MSIE 8.0; Windows NT 5.1; Trident/4.0; .NET CLR 2.0.50727; .NET CLR 3.0.4506.2152; .NET CLR 3.5.30729; yie8)"
36.224.118.186 - - [23/Dec/2012:19:50:28 -0500] "GET /LibertyInternationalFinal/staticPicture.jpg HTTP/1.1" 206 64632 "http://www.libertyint.com/" "Mozilla/4.0 (compatible; MSIE 8.0; Windows NT 5.1; Trident/4.0; .NET CLR 2.0.50727; .NET CLR 3.0.4506.2152; .NET CLR 3.5.30729; yie8)"
36.224.118.186 - - [23/Dec/2012:19:50:28 -0500] "GET /LibertyInternationalFinal/ctpat1.png HTTP/1.1" 304 - "http://www.libertyint.com/" "Mozilla/4.0 (compatible; MSIE 8.0; Windows NT 5.1; Trident/4.0; .NET CLR 2.0.50727; .NET CLR 3.0.4506.2152; .NET CLR 3.5.30729; yie8)"
36.224.118.186 - - [23/Dec/2012:19:50:28 -0500] "GET /LibertyInternationalFinal/background1.png HTTP/1.1" 304 - "http://www.libertyint.com/" "Mozilla/4.0 (compatible; MSIE 8.0; Windows NT 5.1; Trident/4.0; .NET CLR 2.0.50727; .NET CLR 3.0.4506.2152; .NET CLR 3.5.30729; yie8)"
36.224.118.186 - - [23/Dec/2012:19:50:28 -0500] "GET /LibertyInternationalFinal/linkedin1.png HTTP/1.1" 304 - "http://www.libertyint.com/" "Mozilla/4.0 (compatible; MSIE 8.0; Windows NT 5.1; Trident/4.0; .NET CLR 2.0.50727; .NET CLR 3.0.4506.2152; .NET CLR 3.5.30729; yie8)"
36.224.118.186 - - [23/Dec/2012:19:50:28 -0500] "GET /LibertyInternationalFinal/youtube1.png HTTP/1.1" 304 - "http://www.libertyint.com/" "Mozilla/4.0 (compatible; MSIE 8.0; Windows NT 5.1; Trident/4.0; .NET CLR 2.0.50727; .NET CLR 3.0.4506.2152; .NET CLR 3.5.30729; yie8)"
36.224.118.186 - - [23/Dec/2012:19:50:29 -0500] "GET /MenuBarHomepage.swf HTTP/1.1" 304 - "http://www.libertyint.com/" "Mozilla/4.0 (compatible; MSIE 8.0; Windows NT 5.1; Trident/4.0; .NET CLR 2.0.50727; .NET CLR 3.0.4506.2152; .NET CLR 3.5.30729; yie8)"
36.224.118.186 - - [23/Dec/2012:19:50:29 -0500] "GET /LibertyInternationalFinal/facebook1.png HTTP/1.1" 304 - "http://www.libertyint.com/" "Mozilla/4.0 (compatible; MSIE 8.0; Windows NT 5.1; Trident/4.0; .NET CLR 2.0.50727; .NET CLR 3.0.4506.2152; .NET CLR 3.5.30729; yie8)"
36.224.118.186 - - [23/Dec/2012:19:50:29 -0500] "GET /MainWindow.swf HTTP/1.1" 304 - "http://www.libertyint.com/" "Mozilla/4.0 (compatible; MSIE 8.0; Windows NT 5.1; Trident/4.0; .NET CLR 2.0.50727; .NET CLR 3.0.4506.2152; .NET CLR 3.5.30729; yie8)"
36.224.118.186 - - [23/Dec/2012:19:50:29 -0500] "GET /LibertyInternationalFinal/Logo(State%202).png HTTP/1.1" 304 - "http://www.libertyint.com/" "Mozilla/4.0 (compatible; MSIE 8.0; Windows NT 5.1; Trident/4.0; .NET CLR 2.0.50727; .NET CLR 3.0.4506.2152; .NET CLR 3.5.30729; yie8)"
36.224.118.186 - - [23/Dec/2012:19:50:29 -0500] "GET /LibertyInternationalFinal/ctpat2.png HTTP/1.1" 304 - "http://www.libertyint.com/" "Mozilla/4.0 (compatible; MSIE 8.0; Windows NT 5.1; Trident/4.0; .NET CLR 2.0.50727; .NET CLR 3.0.4506.2152; .NET CLR 3.5.30729; yie8)"
36.224.118.186 - - [23/Dec/2012:19:50:29 -0500] "GET /LibertyInternationalFinal/facebook2.png HTTP/1.1" 304 - "http://www.libertyint.com/" "Mozilla/4.0 (compatible; MSIE 8.0; Windows NT 5.1; Trident/4.0; .NET CLR 2.0.50727; .NET CLR 3.0.4506.2152; .NET CLR 3.5.30729; yie8)"
36.224.118.186 - - [23/Dec/2012:19:50:29 -0500] "GET /LibertyInternationalFinal/linkedin2.png HTTP/1.1" 304 - "http://www.libertyint.com/" "Mozilla/4.0 (compatible; MSIE 8.0; Windows NT 5.1; Trident/4.0; .NET CLR 2.0.50727; .NET CLR 3.0.4506.2152; .NET CLR 3.5.30729; yie8)"
36.224.118.186 - - [23/Dec/2012:19:50:29 -0500] "GET /LibertyInternationalFinal/ContactUs12.png HTTP/1.1" 404 575 "http://www.libertyint.com/" "Mozilla/4.0 (compatible; MSIE 8.0; Windows NT 5.1; Trident/4.0; .NET CLR 2.0.50727; .NET CLR 3.0.4506.2152; .NET CLR 3.5.30729; yie8)"
36.224.118.186 - - [23/Dec/2012:19:50:29 -0500] "GET /LibertyInternationalFinal/youtube2.png HTTP/1.1" 304 - "http://www.libertyint.com/" "Mozilla/4.0 (compatible; MSIE 8.0; Windows NT 5.1; Trident/4.0; .NET CLR 2.0.50727; .NET CLR 3.0.4506.2152; .NET CLR 3.5.30729; yie8)"
58.58.37.178 - - [23/Dec/2012:19:58:39 -0500] "GET /LibertyInternationalFinalScripts/swfobject_modified.js HTTP/1.1" 404 575 "http://www.libertyint.com/" "Mozilla/4.0 (compatible; MSIE 8.0; Windows NT 5.1; Trident/4.0)"
58.58.37.178 - - [23/Dec/2012:19:58:40 -0500] "GET /LibertyInternationalFinal/staticPicture.jpg HTTP/1.1" 200 98028 "http://www.libertyint.com/" "Mozilla/4.0 (compatible; MSIE 8.0; Windows NT 5.1; Trident/4.0)"
58.58.37.178 - - [23/Dec/2012:19:58:40 -0500] "GET /LibertyInternationalFinal/ContactUs12.png HTTP/1.1" 404 575 "http://www.libertyint.com/" "Mozilla/4.0 (compatible; MSIE 8.0; Windows NT 5.1; Trident/4.0)"
66.249.76.191 - - [23/Dec/2012:19:59:57 -0500] "GET / HTTP/1.1" 200 16571 "-" "Mozilla/5.0 (iPhone; U; CPU iPhone OS 4_1 like Mac OS X; en-us) AppleWebKit/532.9 (KHTML, like Gecko) Version/4.0.5 Mobile/8B117 Safari/6531.22.7 (compatible; Googlebot-Mobile/2.1; +http://www.google.com/bot.html)"
180.170.16.134 - - [23/Dec/2012:20:00:59 -0500] "GET /favicon.ico HTTP/1.1" 200 1150 "-" "Mozilla/4.0 (compatible; MSIE 7.0; Windows NT 5.1; Trident/4.0; .NET CLR 2.0.50727; 360space)"
58.58.37.178 - - [23/Dec/2012:20:05:43 -0500] "GET /LibertyInternationalFinalScripts/swfobject_modified.js HTTP/1.1" 404 575 "http://www.libertyint.com/" "Mozilla/4.0 (compatible; MSIE 8.0; Windows NT 5.1; Trident/4.0)"
58.58.37.178 - - [23/Dec/2012:20:05:43 -0500] "GET /LibertyInternationalFinal/staticPicture.jpg HTTP/1.1" 200 98028 "http://www.libertyint.com/" "Mozilla/4.0 (compatible; MSIE 8.0; Windows NT 5.1; Trident/4.0)"
58.58.37.178 - - [23/Dec/2012:20:05:44 -0500] "GET /LibertyInternationalFinal/ContactUs12.png HTTP/1.1" 404 575 "http://www.libertyint.com/" "Mozilla/4.0 (compatible; MSIE 8.0; Windows NT 5.1; Trident/4.0)"
173.199.115.147 - - [23/Dec/2012:20:06:54 -0500] "GET /paymentoptions.html HTTP/1.1" 200 14216 "-" "Mozilla/5.0 (compatible; AhrefsBot/4.0; +http://ahrefs.com/robot/)"
176.34.19.192 - - [23/Dec/2012:20:20:04 -0500] "GET /Consolidation%20Agents.xls HTTP/1.1" 404 575 "-" "Mozilla/5.0 (X11; Linux i686; rv:6.0) Gecko/20100101 Firefox/6.0"
176.34.19.192 - - [23/Dec/2012:20:20:04 -0500] "GET /Consolidation%20Agents.xls HTTP/1.1" 404 575 "-" "Mozilla/5.0 (X11; Linux i686; rv:6.0) Gecko/20100101 Firefox/6.0"
180.170.16.134 - - [23/Dec/2012:20:23:21 -0500] "GET /favicon.ico HTTP/1.1" 200 1150 "-" "Mozilla/4.0 (compatible; MSIE 7.0; Windows NT 5.1; Trident/4.0; .NET CLR 2.0.50727; 360space)"
123.125.71.45 - - [23/Dec/2012:21:00:39 -0500] "GET /robots.txt HTTP/1.1" 200 146 "-" "Mozilla/5.0 (Windows NT 5.1; rv:6.0.2) Gecko/20100101 Firefox/6.0.2"
66.249.76.191 - - [23/Dec/2012:21:15:27 -0500] "GET /Customs%20info/JewelryReview.htm HTTP/1.1" 404 575 "-" "Mozilla/5.0 (compatible; Googlebot/2.1; +http://www.google.com/bot.html)"
173.199.115.147 - - [23/Dec/2012:21:22:57 -0500] "GET / HTTP/1.1" 200 16571 "-" "Mozilla/5.0 (compatible; AhrefsBot/4.0; +http://ahrefs.com/robot/)"
36.224.118.186 - - [23/Dec/2012:21:31:24 -0500] "GET / HTTP/1.1" 304 - "-" "Mozilla/4.0 (compatible; MSIE 8.0; Windows NT 5.1; Trident/4.0; .NET CLR 2.0.50727; .NET CLR 3.0.4506.2152; .NET CLR 3.5.30729; yie8)"
36.224.118.186 - - [23/Dec/2012:21:31:24 -0500] "GET /LibertyInternationalFinal/Scripts/swfobject_modified.js HTTP/1.1" 304 - "http://www.libertyint.com/" "Mozilla/4.0 (compatible; MSIE 8.0; Windows NT 5.1; Trident/4.0; .NET CLR 2.0.50727; .NET CLR 3.0.4506.2152; .NET CLR 3.5.30729; yie8)"
36.224.118.186 - - [23/Dec/2012:21:31:25 -0500] "GET /LibertyInternationalFinal/Scripts/swfobject_modified.js HTTP/1.1" 304 - "http://www.libertyint.com/" "Mozilla/4.0 (compatible; MSIE 8.0; Windows NT 5.1; Trident/4.0; .NET CLR 2.0.50727; .NET CLR 3.0.4506.2152; .NET CLR 3.5.30729; yie8)"
36.224.118.186 - - [23/Dec/2012:21:31:25 -0500] "GET /LibertyInternationalFinalScripts/swfobject_modified.js HTTP/1.1" 404 575 "http://www.libertyint.com/" "Mozilla/4.0 (compatible; MSIE 8.0; Windows NT 5.1; Trident/4.0; .NET CLR 2.0.50727; .NET CLR 3.0.4506.2152; .NET CLR 3.5.30729; yie8)"
36.224.118.186 - - [23/Dec/2012:21:31:26 -0500] "GET /LibertyInternationalFinal/staticPicture.jpg HTTP/1.1" 206 64632 "http://www.libertyint.com/" "Mozilla/4.0 (compatible; MSIE 8.0; Windows NT 5.1; Trident/4.0; .NET CLR 2.0.50727; .NET CLR 3.0.4506.2152; .NET CLR 3.5.30729; yie8)"
36.224.118.186 - - [23/Dec/2012:21:31:26 -0500] "GET /LibertyInternationalFinal/linkedin1.png HTTP/1.1" 304 - "http://www.libertyint.com/" "Mozilla/4.0 (compatible; MSIE 8.0; Windows NT 5.1; Trident/4.0; .NET CLR 2.0.50727; .NET CLR 3.0.4506.2152; .NET CLR 3.5.30729; yie8)"
36.224.118.186 - - [23/Dec/2012:21:31:26 -0500] "GET /LibertyInternationalFinal/ctpat1.png HTTP/1.1" 304 - "http://www.libertyint.com/" "Mozilla/4.0 (compatible; MSIE 8.0; Windows NT 5.1; Trident/4.0; .NET CLR 2.0.50727; .NET CLR 3.0.4506.2152; .NET CLR 3.5.30729; yie8)"
36.224.118.186 - - [23/Dec/2012:21:31:26 -0500] "GET /LibertyInternationalFinal/background1.png HTTP/1.1" 304 - "http://www.libertyint.com/" "Mozilla/4.0 (compatible; MSIE 8.0; Windows NT 5.1; Trident/4.0; .NET CLR 2.0.50727; .NET CLR 3.0.4506.2152; .NET CLR 3.5.30729; yie8)"
36.224.118.186 - - [23/Dec/2012:21:31:26 -0500] "GET /LibertyInternationalFinal/youtube1.png HTTP/1.1" 304 - "http://www.libertyint.com/" "Mozilla/4.0 (compatible; MSIE 8.0; Windows NT 5.1; Trident/4.0; .NET CLR 2.0.50727; .NET CLR 3.0.4506.2152; .NET CLR 3.5.30729; yie8)"
36.224.118.186 - - [23/Dec/2012:21:31:26 -0500] "GET /LibertyInternationalFinal/facebook1.png HTTP/1.1" 304 - "http://www.libertyint.com/" "Mozilla/4.0 (compatible; MSIE 8.0; Windows NT 5.1; Trident/4.0; .NET CLR 2.0.50727; .NET CLR 3.0.4506.2152; .NET CLR 3.5.30729; yie8)"
36.224.118.186 - - [23/Dec/2012:21:31:26 -0500] "GET /MenuBarHomepage.swf HTTP/1.1" 304 - "http://www.libertyint.com/" "Mozilla/4.0 (compatible; MSIE 8.0; Windows NT 5.1; Trident/4.0; .NET CLR 2.0.50727; .NET CLR 3.0.4506.2152; .NET CLR 3.5.30729; yie8)"
36.224.118.186 - - [23/Dec/2012:21:31:26 -0500] "GET /MainWindow.swf HTTP/1.1" 304 - "http://www.libertyint.com/" "Mozilla/4.0 (compatible; MSIE 8.0; Windows NT 5.1; Trident/4.0; .NET CLR 2.0.50727; .NET CLR 3.0.4506.2152; .NET CLR 3.5.30729; yie8)"
36.224.118.186 - - [23/Dec/2012:21:31:28 -0500] "GET /LibertyInternationalFinal/Logo(State%202).png HTTP/1.1" 304 - "http://www.libertyint.com/" "Mozilla/4.0 (compatible; MSIE 8.0; Windows NT 5.1; Trident/4.0; .NET CLR 2.0.50727; .NET CLR 3.0.4506.2152; .NET CLR 3.5.30729; yie8)"
36.224.118.186 - - [23/Dec/2012:21:31:28 -0500] "GET /LibertyInternationalFinal/ctpat2.png HTTP/1.1" 304 - "http://www.libertyint.com/" "Mozilla/4.0 (compatible; MSIE 8.0; Windows NT 5.1; Trident/4.0; .NET CLR 2.0.50727; .NET CLR 3.0.4506.2152; .NET CLR 3.5.30729; yie8)"
36.224.118.186 - - [23/Dec/2012:21:31:28 -0500] "GET /LibertyInternationalFinal/facebook2.png HTTP/1.1" 304 - "http://www.libertyint.com/" "Mozilla/4.0 (compatible; MSIE 8.0; Windows NT 5.1; Trident/4.0; .NET CLR 2.0.50727; .NET CLR 3.0.4506.2152; .NET CLR 3.5.30729; yie8)"
36.224.118.186 - - [23/Dec/2012:21:31:28 -0500] "GET /LibertyInternationalFinal/youtube2.png HTTP/1.1" 304 - "http://www.libertyint.com/" "Mozilla/4.0 (compatible; MSIE 8.0; Windows NT 5.1; Trident/4.0; .NET CLR 2.0.50727; .NET CLR 3.0.4506.2152; .NET CLR 3.5.30729; yie8)"
36.224.118.186 - - [23/Dec/2012:21:31:28 -0500] "GET /LibertyInternationalFinal/linkedin2.png HTTP/1.1" 304 - "http://www.libertyint.com/" "Mozilla/4.0 (compatible; MSIE 8.0; Windows NT 5.1; Trident/4.0; .NET CLR 2.0.50727; .NET CLR 3.0.4506.2152; .NET CLR 3.5.30729; yie8)"
36.224.118.186 - - [23/Dec/2012:21:31:28 -0500] "GET /LibertyInternationalFinal/ContactUs12.png HTTP/1.1" 404 575 "http://www.libertyint.com/" "Mozilla/4.0 (compatible; MSIE 8.0; Windows NT 5.1; Trident/4.0; .NET CLR 2.0.50727; .NET CLR 3.0.4506.2152; .NET CLR 3.5.30729; yie8)"
36.224.118.186 - - [23/Dec/2012:21:31:28 -0500] "GET /favicon.ico HTTP/1.1" 200 1150 "-" "Mozilla/4.0 (compatible; MSIE 8.0; Windows NT 5.1; Trident/4.0; .NET CLR 2.0.50727; .NET CLR 3.0.4506.2152; .NET CLR 3.5.30729; yie8)"
173.199.115.147 - - [23/Dec/2012:21:49:53 -0500] "GET /marineinsurance.html HTTP/1.1" 200 16050 "-" "Mozilla/5.0 (compatible; AhrefsBot/4.0; +http://ahrefs.com/robot/)"
119.147.146.118 - - [23/Dec/2012:21:59:00 -0500] "GET / HTTP/1.1" 200 16571 "-" "Mozilla/4.0 (compatible; MSIE 6.0; Windows NT 5.1; SV1; .NET CLR 2.0.50727; MAXTHON 2.0)"
66.249.76.191 - - [23/Dec/2012:22:02:22 -0500] "GET / HTTP/1.1" 200 16571 "-" "Mozilla/5.0 (compatible; Googlebot/2.1; +http://www.google.com/bot.html)"
173.199.115.147 - - [23/Dec/2012:22:20:50 -0500] "GET /meetourteam.html HTTP/1.1" 200 18147 "-" "Mozilla/5.0 (compatible; AhrefsBot/4.0; +http://ahrefs.com/robot/)"
98.137.207.29 - - [23/Dec/2012:22:24:09 -0500] "GET /index.htm HTTP/1.1" 404 575 "-" "Mozilla/5.0 (compatible; Yahoo! Slurp/3.0; http://help.yahoo.com/help/us/ysearch/slurp) NOT Firefox/3.5"
208.115.113.91 - - [23/Dec/2012:22:24:45 -0500] "GET /robots.txt HTTP/1.1" 200 146 "-" "Mozilla/5.0 (compatible; Ezooms/1.0; ezooms.bot@gmail.com)"
89.108.102.171 - - [23/Dec/2012:22:33:29 -0500] "GET / HTTP/1.1" 200 16571 "http://bablovseti.ru/" "Mozilla/4.0 (compatible; MSIE 7.0b; Windows NT 6.0)"
89.108.102.171 - - [23/Dec/2012:22:33:31 -0500] "GET / HTTP/1.1" 200 16571 "http://bablovseti.ru/" "Mozilla/4.0 (compatible; MSIE 7.0b; Windows NT 6.0)"
173.199.115.147 - - [23/Dec/2012:22:38:36 -0500] "GET /LibertyInternationalFinal/Fact%20Sheets/Liberty%20Acronym%20Dictionary.pdf HTTP/1.1" 200 30993 "-" "Mozilla/5.0 (compatible; AhrefsBot/4.0; +http://ahrefs.com/robot/)"
184.22.211.146 - - [23/Dec/2012:22:46:49 -0500] "GET /index_files/Page1398.htm HTTP/1.1" 404 575 "-" "Mozilla/5.0 (X11; Linux i686; rv:6.0) Gecko/20100101 Firefox/6.0"
65.55.212.197 - - [23/Dec/2012:22:49:57 -0500] "GET /robots.txt HTTP/1.1" 200 146 "-" "msnbot-media/1.1 (+http://search.msn.com/msnbot.htm)"
65.55.212.197 - - [23/Dec/2012:22:49:57 -0500] "GET /LibertyInternationalFinal/certifications.center1.png HTTP/1.1" 200 148484 "-" "msnbot-media/1.1 (+http://search.msn.com/msnbot.htm)"
208.115.113.91 - - [23/Dec/2012:23:07:44 -0500] "GET /corporatememberships.html HTTP/1.1" 200 17366 "-" "Mozilla/5.0 (compatible; Ezooms/1.0; ezooms.bot@gmail.com)"
173.199.115.147 - - [23/Dec/2012:23:07:48 -0500] "GET /index.html HTTP/1.1" 200 16571 "-" "Mozilla/5.0 (compatible; AhrefsBot/4.0; +http://ahrefs.com/robot/)"
100.43.83.152 - - [23/Dec/2012:23:09:25 -0500] "GET /sitemap.html HTTP/1.1" 304 - "-" "Mozilla/5.0 (compatible; YandexBot/3.0; +http://yandex.com/bots)"
180.170.16.134 - - [23/Dec/2012:23:15:05 -0500] "GET /LibertyInternationalFinalScripts/swfobject_modified.js HTTP/1.1" 404 575 "http://www.libertyint.com/" "Mozilla/5.0 (Windows NT 5.1; rv:11.0) Gecko/20100101 Firefox/11.0"
180.170.16.134 - - [23/Dec/2012:23:15:05 -0500] "GET /LibertyInternationalFinal/libinttext.png HTTP/1.1" 304 - "http://www.libertyint.com/" "Mozilla/5.0 (Windows NT 5.1; rv:11.0) Gecko/20100101 Firefox/11.0"
180.170.16.134 - - [23/Dec/2012:23:15:05 -0500] "GET /LibertyInternationalFinal/smalldot.png HTTP/1.1" 304 - "http://www.libertyint.com/" "Mozilla/5.0 (Windows NT 5.1; rv:11.0) Gecko/20100101 Firefox/11.0"
180.170.16.134 - - [23/Dec/2012:23:15:05 -0500] "GET /LibertyInternationalFinal/staticPicture.jpg HTTP/1.1" 304 - "http://www.libertyint.com/" "Mozilla/5.0 (Windows NT 5.1; rv:11.0) Gecko/20100101 Firefox/11.0"
180.170.16.134 - - [23/Dec/2012:23:15:06 -0500] "GET /MainWindow.swf HTTP/1.1" 304 - "http://www.libertyint.com/" "Mozilla/5.0 (Windows NT 5.1; rv:11.0) Gecko/20100101 Firefox/11.0"
142.0.34.54 - - [23/Dec/2012:23:18:07 -0500] "HEAD / HTTP/1.1" 200 - "-" "Apache-HttpClient/4.2.2 (java 1.5)"
123.151.148.184 - - [23/Dec/2012:23:25:46 -0500] "GET / HTTP/1.1" 200 16571 "-" "Sosospider+(+http://help.soso.com/webspider.htm)"
123.151.148.184 - - [23/Dec/2012:23:25:50 -0500] "GET /LibertyInternationalFinalScripts/swfobject_modified.js HTTP/1.1" 404 575 "http://www.libertyint.com/" "Sosospider+(+http://help.soso.com/webspider.htm)"
180.170.16.134 - - [23/Dec/2012:23:31:48 -0500] "GET /favicon.ico HTTP/1.1" 200 1150 "-" "Mozilla/4.0 (compatible; MSIE 7.0; Windows NT 5.1; Trident/4.0; .NET CLR 2.0.50727; 360space)"
65.55.212.197 - - [23/Dec/2012:23:32:16 -0500] "GET /robots.txt HTTP/1.1" 200 146 "-" "msnbot-media/1.1 (+http://search.msn.com/msnbot.htm)"
65.55.212.197 - - [23/Dec/2012:23:32:16 -0500] "GET /LibertyInternationalFinal/certifications.center1.png HTTP/1.1" 200 148484 "-" "msnbot-media/1.1 (+http://search.msn.com/msnbot.htm)"
173.199.115.147 - - [23/Dec/2012:23:33:42 -0500] "GET /ourservicephilosophy.html HTTP/1.1" 200 16111 "-" "Mozilla/5.0 (compatible; AhrefsBot/4.0; +http://ahrefs.com/robot/)"
180.170.16.134 - - [23/Dec/2012:23:34:35 -0500] "GET /favicon.ico HTTP/1.1" 200 1150 "-" "Mozilla/4.0 (compatible; MSIE 7.0; Windows NT 5.1; Trident/4.0; .NET CLR 2.0.50727; 360space)"
114.88.15.49 - - [23/Dec/2012:23:43:53 -0500] "GET /favicon.ico HTTP/1.1" 200 1150 "-" "Mozilla/4.0 (compatible; MSIE 7.0; Windows NT 5.1; Trident/4.0; .NET CLR 2.0.50727; 360space)"
